BL51 BANKED LINKER/LOCATER V6.22                                                        05/12/2016  17:23:55  PAGE 1


BL51 BANKED LINKER/LOCATER V6.22, INVOKED BY:
C:\KEIL\C51\BIN\BL51.EXE .\out\STARTUP.obj, .\out\main.obj, .\out\I2c.obj, .\out\LED_Display.obj, .\out\eeprom.obj, .\ou
>> t\save_cnt.obj, .\out\uart.obj TO .\out\SZ_01_LED PRINT (.\lst\SZ_01_LED.m51) RAMSIZE (256)


MEMORY MODEL: LARGE


INPUT MODULES INCLUDED:
  .\out\STARTUP.obj (?C_STARTUP)
  .\out\main.obj (MAIN)
  .\out\I2c.obj (I2C)
  .\out\LED_Display.obj (LED_DISPLAY)
  .\out\eeprom.obj (EEPROM)
  .\out\save_cnt.obj (SAVE_CNT)
  .\out\uart.obj (UART)
  C:\KEIL\C51\LIB\C51L.LIB (?C_INIT)
  C:\KEIL\C51\LIB\C51L.LIB (?C?COPY)
  C:\KEIL\C51\LIB\C51L.LIB (?C?CLDPTR)
  C:\KEIL\C51\LIB\C51L.LIB (?C?CLDOPTR)
  C:\KEIL\C51\LIB\C51L.LIB (?C?CSTPTR)
  C:\KEIL\C51\LIB\C51L.LIB (?C?CSTOPTR)
  C:\KEIL\C51\LIB\C51L.LIB (?C?IMUL)
  C:\KEIL\C51\LIB\C51L.LIB (?C?UIDIV)
  C:\KEIL\C51\LIB\C51L.LIB (?C?IILDX)
  C:\KEIL\C51\LIB\C51L.LIB (?C?ILDIX)
  C:\KEIL\C51\LIB\C51L.LIB (?C?ILDPTR)
  C:\KEIL\C51\LIB\C51L.LIB (?C?ILDOPTR)
  C:\KEIL\C51\LIB\C51L.LIB (?C?ISTPTR)
  C:\KEIL\C51\LIB\C51L.LIB (?C?ISTOPTR)
  C:\KEIL\C51\LIB\C51L.LIB (?C?LMUL)
  C:\KEIL\C51\LIB\C51L.LIB (?C?ULDIV)
  C:\KEIL\C51\LIB\C51L.LIB (?C?SLDIV)
  C:\KEIL\C51\LIB\C51L.LIB (?C?LNEG)
  C:\KEIL\C51\LIB\C51L.LIB (?C?SLCMP)
  C:\KEIL\C51\LIB\C51L.LIB (?C?ULCMP)
  C:\KEIL\C51\LIB\C51L.LIB (?C?ULSHR)
  C:\KEIL\C51\LIB\C51L.LIB (?C?LSHL)
  C:\KEIL\C51\LIB\C51L.LIB (?C?LLDPTR)
  C:\KEIL\C51\LIB\C51L.LIB (?C?LLDOPTR)
  C:\KEIL\C51\LIB\C51L.LIB (?C?LSTPTR)
  C:\KEIL\C51\LIB\C51L.LIB (?C?LSTOPTR)
  C:\KEIL\C51\LIB\C51L.LIB (?C?LSTXDATA)
  C:\KEIL\C51\LIB\C51L.LIB (?C?LSTKXDATA)
  C:\KEIL\C51\LIB\C51L.LIB (?C?LSTKOPTR)
  C:\KEIL\C51\LIB\C51L.LIB (?C?OFFX256)
  C:\KEIL\C51\LIB\C51L.LIB (?C?OFFXADD)
  C:\KEIL\C51\LIB\C51L.LIB (?C?PLDPTR)
  C:\KEIL\C51\LIB\C51L.LIB (?C?PLDOPTR)
  C:\KEIL\C51\LIB\C51L.LIB (?C?CCASE)
  C:\KEIL\C51\LIB\C51L.LIB (?C?ICASE)
  C:\KEIL\C51\LIB\C51L.LIB (PRINTF)
  C:\KEIL\C51\LIB\C51L.LIB (STRLEN)
  C:\KEIL\C51\LIB\C51L.LIB (?C?MEMSET)
  C:\KEIL\C51\LIB\C51L.LIB (?C?LLDIDATA)
  C:\KEIL\C51\LIB\C51L.LIB (?C?LLDXDATA)
  C:\KEIL\C51\LIB\C51L.LIB (?C?LLDPDATA)
  C:\KEIL\C51\LIB\C51L.LIB (?C?LLDCODE)
BL51 BANKED LINKER/LOCATER V6.22                                                      05/12/2016  17:23:55  PAGE 2


  C:\KEIL\C51\LIB\C51L.LIB (?C?LSTIDATA)
  C:\KEIL\C51\LIB\C51L.LIB (?C?LSTPDATA)
  C:\KEIL\C51\LIB\C51L.LIB (?C?LSTKIDATA)
  C:\KEIL\C51\LIB\C51L.LIB (?C?LSTKPDATA)
  C:\KEIL\C51\LIB\C51L.LIB (?C?PLDIDATA)
  C:\KEIL\C51\LIB\C51L.LIB (?C?PLDXDATA)
  C:\KEIL\C51\LIB\C51L.LIB (?C?PLDIXDATA)
  C:\KEIL\C51\LIB\C51L.LIB (?C?PSTXDATA)
  C:\KEIL\C51\LIB\C51L.LIB (?C?PLDPDATA)
  C:\KEIL\C51\LIB\C51L.LIB (?C?PLDCODE)
  C:\KEIL\C51\LIB\C51L.LIB (PUTCHAR)


LINK MAP OF MODULE:  .\out\SZ_01_LED (?C_STARTUP)


            TYPE    BASE      LENGTH    RELOCATION   SEGMENT NAME
            -----------------------------------------------------

            * * * * * * *   D A T A   M E M O R Y   * * * * * * *
            REG     0000H     0008H     ABSOLUTE     "REG BANK 0"
            REG     0008H     0008H     ABSOLUTE     "REG BANK 1"
            DATA    0010H     0005H     UNIT         _DATA_GROUP_
                    0015H     000BH                  *** GAP ***
            BIT     0020H.0   0001H.1   UNIT         _BIT_GROUP_
            BIT     0021H.1   0000H.2   UNIT         ?BI?UART
                    0021H.3   0000H.5                *** GAP ***
            IDATA   0022H     0001H     UNIT         ?STACK

            * * * * * * *  X D A T A   M E M O R Y  * * * * * * *
            XDATA   0000H     042FH     UNIT         ?XD?LED_DISPLAY
            XDATA   042FH     012CH     UNIT         _XDATA_GROUP_
            XDATA   055BH     0079H     UNIT         ?XD?MAIN
            XDATA   05D4H     0078H     UNIT         ?XD?UART
            XDATA   064CH     000AH     UNIT         ?XD?I2C
            XDATA   0656H     0003H     UNIT         ?XD?_I2C_SEND_BYTE?I2C
            XDATA   0659H     0003H     UNIT         ?XD?_TEXTOUT?LED_DISPLAY
            XDATA   065CH     0001H     UNIT         ?XD?TM1637_WRITE?I2C

            * * * * * * *   C O D E   M E M O R Y   * * * * * * *
            CODE    0000H     0003H     ABSOLUTE     
            CODE    0003H     0006H     UNIT         ?CO?MAIN
                    0009H     0002H                  *** GAP ***
            CODE    000BH     0003H     ABSOLUTE     
            CODE    000EH     0015H     UNIT         ?PR?UART2_INIT?UART
            CODE    0023H     0003H     ABSOLUTE     
            CODE    0026H     001DH     UNIT         ?PR?_IAPREADBYTE?EEPROM
            CODE    0043H     0003H     ABSOLUTE     
            CODE    0046H     27B7H     UNIT         ?PR?LEDDISPLAY?LED_DISPLAY
            CODE    27FDH     071CH     UNIT         ?CO?LED_DISPLAY
            CODE    2F19H     06CAH     UNIT         ?C?LIB_CODE
            CODE    35E3H     0428H     UNIT         ?PR?SEND_DATA_FUNC?UART
            CODE    3A0BH     038FH     UNIT         ?PR?REC_DATA_FUNC?UART
            CODE    3D9AH     0389H     UNIT         ?PR?_LEDSHOWCAPTION?LED_DISPLAY
            CODE    4123H     0365H     UNIT         ?PR?PRINTF?PRINTF
            CODE    4488H     0304H     UNIT         ?PR?_READ_MENU_DATA?LED_DISPLAY
            CODE    478CH     02D4H     UNIT         ?PR?_DATATOSTR?LED_DISPLAY
BL51 BANKED LINKER/LOCATER V6.22                                                      05/12/2016  17:23:55  PAGE 3


            CODE    4A60H     028EH     UNIT         ?PR?READ_LOACK_COUNT?SAVE_CNT
            CODE    4CEEH     025DH     UNIT         ?PR?JUDGE_KEY?MAIN
            CODE    4F4BH     0242H     UNIT         ?PR?_CHECKKEYCLICK?MAIN
            CODE    518DH     01E7H     UNIT         ?PR?INITLEDDISPLAY?LED_DISPLAY
            CODE    5374H     01E4H     UNIT         ?PR?_FUNC_MENU_UPDATE?LED_DISPLAY
            CODE    5558H     01C1H     UNIT         ?C_INITSEG
            CODE    5719H     017BH     UNIT         ?PR?MENU_CFG?LED_DISPLAY
            CODE    5894H     015BH     UNIT         ?PR?_STRTODATA?LED_DISPLAY
            CODE    59EFH     0126H     UNIT         ?PR?SAVE_SYS_LOCK?SAVE_CNT
            CODE    5B15H     0107H     UNIT         ?PR?_MENUEDITLOOK?LED_DISPLAY
            CODE    5C1CH     00F7H     UNIT         ?PR?READ_USER_COUNT?SAVE_CNT
            CODE    5D13H     00F2H     UNIT         ?PR?_LED_SHOWNUMBER?LED_DISPLAY
            CODE    5E05H     00BCH     UNIT         ?PR?READ_ID?LED_DISPLAY
            CODE    5EC1H     0090H     UNIT         ?PR?SAVE_USER_COUNT?SAVE_CNT
            CODE    5F51H     008DH     UNIT         ?PR?MAIN?MAIN
            CODE    5FDEH     008CH     UNIT         ?C_C51STARTUP
            CODE    606AH     0079H     UNIT         ?PR?TM1637_WRITE?I2C
            CODE    60E3H     0079H     UNIT         ?PR?_LEDSHOWFLASHSTRING?LED_DISPLAY
            CODE    615CH     006EH     UNIT         ?PR?_SEND_UARTBUF?UART
            CODE    61CAH     0065H     UNIT         ?PR?_DELAY_US?I2C
            CODE    622FH     0065H     UNIT         ?PR?UPDATE_MENU_TO_COM?LED_DISPLAY
            CODE    6294H     0059H     UNIT         ?PR?_IAPPROGRAMBYTE?EEPROM
            CODE    62EDH     0050H     UNIT         ?PR?_CLEARLCDSCREEN?LED_DISPLAY
            CODE    633DH     004FH     UNIT         ?PR?_IAPERASESECTOR?EEPROM
            CODE    638CH     0049H     UNIT         ?PR?UARTRECISR?UART
            CODE    63D5H     0048H     UNIT         ?PR?_TEST_SET_DISPLAY?LED_DISPLAY
            CODE    641DH     0044H     UNIT         ?PR?_I2C_SEND_BYTE?I2C
            CODE    6461H     0044H     UNIT         ?PR?_LEDCLEARCHAR?LED_DISPLAY
            CODE    64A5H     0044H     UNIT         ?C?LDIV
            CODE    64E9H     003DH     UNIT         ?PR?_GPUSEND?UART
            CODE    6526H     0036H     UNIT         ?PR?KEY_DETECT?MAIN
            CODE    655CH     002CH     UNIT         ?PR?TM0_ISR?MAIN
            CODE    6588H     002CH     UNIT         ?PR?CHECK_UART_REC?UART
            CODE    65B4H     0027H     UNIT         ?PR?PUTCHAR?PUTCHAR
            CODE    65DBH     0026H     UNIT         ?PR?START_KEY_DETECT?MAIN
            CODE    6601H     001BH     UNIT         ?PR?SYS_INIT?MAIN
            CODE    661CH     0018H     UNIT         ?PR?UART_INIT?UART
            CODE    6634H     0017H     UNIT         ?PR?UART2RECISR?UART
            CODE    664BH     0016H     UNIT         ?PR?GLOBALINIT?MAIN
            CODE    6661H     0016H     UNIT         ?PR?I2C_STOP?I2C
            CODE    6677H     0015H     UNIT         ?PR?_STRLEN?STRLEN
            CODE    668CH     0013H     UNIT         ?PR?TIMER0INIT?MAIN
            CODE    669FH     0010H     UNIT         ?PR?I2C_START?I2C
            CODE    66AFH     000FH     UNIT         ?PR?I2C_ACK?I2C
            CODE    66BEH     000DH     UNIT         ?PR?IAPIDLE?EEPROM
            CODE    66CBH     000CH     UNIT         ?PR?_TEXTOUT?LED_DISPLAY
            CODE    66D7H     0009H     UNIT         ?PR?_SENDDATA?UART
            CODE    66E0H     0009H     UNIT         ?PR?_UASRT2SENDDATA?UART
            CODE    66E9H     0005H     UNIT         ?PR?I2C_GPIO_IN?I2C
            CODE    66EEH     0005H     UNIT         ?PR?I2C_GPIO_OUT?I2C



OVERLAY MAP OF MODULE:   .\out\SZ_01_LED (?C_STARTUP)


SEGMENT                                        BIT_GROUP          DATA_GROUP          XDATA_GROUP
BL51 BANKED LINKER/LOCATER V6.22                                                      05/12/2016  17:23:55  PAGE 4


  +--> CALLED SEGMENT                       START    LENGTH     START    LENGTH     START    LENGTH
---------------------------------------------------------------------------------------------------
?C_C51STARTUP                               -----    -----      -----    -----      -----    -----
  +--> ?PR?MAIN?MAIN
  +--> ?C_INITSEG

?PR?MAIN?MAIN                               -----    -----      -----    -----      -----    -----
  +--> ?PR?SYS_INIT?MAIN
  +--> ?PR?GLOBALINIT?MAIN
  +--> ?PR?INITLEDDISPLAY?LED_DISPLAY
  +--> ?CO?MAIN
  +--> ?PR?_GPUSEND?UART
  +--> ?PR?START_KEY_DETECT?MAIN
  +--> ?PR?LEDDISPLAY?LED_DISPLAY
  +--> ?PR?REC_DATA_FUNC?UART
  +--> ?PR?SEND_DATA_FUNC?UART
  +--> ?PR?JUDGE_KEY?MAIN

?PR?SYS_INIT?MAIN                           -----    -----      -----    -----      -----    -----
  +--> ?PR?TIMER0INIT?MAIN
  +--> ?PR?UART_INIT?UART
  +--> ?PR?UART2_INIT?UART

?PR?INITLEDDISPLAY?LED_DISPLAY              -----    -----      -----    -----      042FH    0001H
  +--> ?CO?LED_DISPLAY
  +--> ?PR?_LEDSHOWFLASHSTRING?LED_DISPLAY
  +--> ?PR?_READ_MENU_DATA?LED_DISPLAY
  +--> ?PR?UPDATE_MENU_TO_COM?LED_DISPLAY
  +--> ?PR?MENU_CFG?LED_DISPLAY
  +--> ?PR?READ_ID?LED_DISPLAY
  +--> ?PR?READ_LOACK_COUNT?SAVE_CNT
  +--> ?PR?READ_USER_COUNT?SAVE_CNT

?PR?_LEDSHOWFLASHSTRING?LED_DISPLAY         -----    -----      -----    -----      051AH    0004H
  +--> ?CO?LED_DISPLAY

?PR?_READ_MENU_DATA?LED_DISPLAY             -----    -----      -----    -----      0430H    0009H
  +--> ?CO?LED_DISPLAY
  +--> ?PR?_IAPREADBYTE?EEPROM

?PR?_IAPREADBYTE?EEPROM                     -----    -----      -----    -----      -----    -----
  +--> ?PR?IAPIDLE?EEPROM

?PR?READ_ID?LED_DISPLAY                     -----    -----      -----    -----      0430H    0009H
  +--> ?PR?_IAPREADBYTE?EEPROM

?PR?READ_LOACK_COUNT?SAVE_CNT               -----    -----      -----    -----      0430H    0030H
  +--> ?PR?_IAPREADBYTE?EEPROM
  +--> ?PR?SAVE_SYS_LOCK?SAVE_CNT

?PR?SAVE_SYS_LOCK?SAVE_CNT                  -----    -----      -----    -----      0460H    000EH
  +--> ?PR?_IAPERASESECTOR?EEPROM
  +--> ?PR?_IAPPROGRAMBYTE?EEPROM

?PR?_IAPERASESECTOR?EEPROM                  -----    -----      -----    -----      -----    -----
  +--> ?PR?IAPIDLE?EEPROM

BL51 BANKED LINKER/LOCATER V6.22                                                      05/12/2016  17:23:55  PAGE 5


?PR?_IAPPROGRAMBYTE?EEPROM                  -----    -----      -----    -----      -----    -----
  +--> ?PR?IAPIDLE?EEPROM

?PR?READ_USER_COUNT?SAVE_CNT                -----    -----      -----    -----      0430H    0005H
  +--> ?PR?_IAPREADBYTE?EEPROM
  +--> ?PR?SAVE_USER_COUNT?SAVE_CNT

?PR?SAVE_USER_COUNT?SAVE_CNT                -----    -----      -----    -----      051AH    0010H
  +--> ?PR?_IAPERASESECTOR?EEPROM
  +--> ?PR?_IAPPROGRAMBYTE?EEPROM

?PR?_GPUSEND?UART                           -----    -----      -----    -----      0530H    0003H
  +--> ?PR?_UASRT2SENDDATA?UART

?PR?LEDDISPLAY?LED_DISPLAY                  -----    -----      -----    -----      042FH    00EBH
  +--> ?CO?LED_DISPLAY
  +--> ?PR?_LEDSHOWFLASHSTRING?LED_DISPLAY
  +--> ?PR?SAVE_USER_COUNT?SAVE_CNT
  +--> ?PR?_DATATOSTR?LED_DISPLAY
  +--> ?PR?_LED_SHOWNUMBER?LED_DISPLAY
  +--> ?PR?_TEST_SET_DISPLAY?LED_DISPLAY
  +--> ?PR?_LEDSHOWCAPTION?LED_DISPLAY
  +--> ?PR?_STRTODATA?LED_DISPLAY
  +--> ?PR?_FUNC_MENU_UPDATE?LED_DISPLAY
  +--> ?PR?_LEDCLEARCHAR?LED_DISPLAY
  +--> ?PR?_CLEARLCDSCREEN?LED_DISPLAY
  +--> ?PR?_GPUSEND?UART
  +--> ?PR?_DELAY_US?I2C
  +--> ?PR?PRINTF?PRINTF
  +--> ?PR?_MENUEDITLOOK?LED_DISPLAY
  +--> ?PR?_STRLEN?STRLEN

?PR?_DATATOSTR?LED_DISPLAY                  -----    -----      -----    -----      051AH    0013H

?PR?_LED_SHOWNUMBER?LED_DISPLAY             -----    -----      -----    -----      051AH    0005H
  +--> ?CO?LED_DISPLAY

?PR?_TEST_SET_DISPLAY?LED_DISPLAY           -----    -----      -----    -----      -----    -----
  +--> ?CO?LED_DISPLAY
  +--> ?PR?_LEDSHOWFLASHSTRING?LED_DISPLAY

?PR?_LEDSHOWCAPTION?LED_DISPLAY             -----    -----      -----    -----      051AH    0004H
  +--> ?CO?LED_DISPLAY

?PR?_STRTODATA?LED_DISPLAY                  -----    -----      -----    -----      051AH    000FH

?PR?_FUNC_MENU_UPDATE?LED_DISPLAY           -----    -----      -----    -----      051AH    0008H
  +--> ?CO?LED_DISPLAY
  +--> ?PR?_IAPERASESECTOR?EEPROM
  +--> ?PR?_IAPPROGRAMBYTE?EEPROM
  +--> ?PR?_IAPREADBYTE?EEPROM
  +--> ?PR?UPDATE_MENU_TO_COM?LED_DISPLAY

?PR?_CLEARLCDSCREEN?LED_DISPLAY             -----    -----      -----    -----      051AH    0016H
  +--> ?PR?_DELAY_US?I2C
  +--> ?CO?LED_DISPLAY
  +--> ?PR?PRINTF?PRINTF
BL51 BANKED LINKER/LOCATER V6.22                                                      05/12/2016  17:23:55  PAGE 6


  +--> ?PR?_GPUSEND?UART

?PR?_DELAY_US?I2C                           -----    -----      -----    -----      0530H    0008H

?PR?PRINTF?PRINTF                           0020H.0  0001H.1    0010H    0005H      0530H    0028H
  +--> ?PR?PUTCHAR?PUTCHAR

?PR?_MENUEDITLOOK?LED_DISPLAY               -----    -----      -----    -----      -----    -----
  +--> ?CO?LED_DISPLAY
  +--> ?PR?_GPUSEND?UART
  +--> ?PR?_DELAY_US?I2C

?PR?REC_DATA_FUNC?UART                      -----    -----      -----    -----      042FH    0008H
  +--> ?PR?SAVE_USER_COUNT?SAVE_CNT
  +--> ?PR?SAVE_SYS_LOCK?SAVE_CNT
  +--> ?CO?LED_DISPLAY

?PR?SEND_DATA_FUNC?UART                     -----    -----      -----    -----      042FH    0004H
  +--> ?PR?_FUNC_MENU_UPDATE?LED_DISPLAY
  +--> ?PR?_SEND_UARTBUF?UART

?PR?_SEND_UARTBUF?UART                      -----    -----      -----    -----      0433H    0004H
  +--> ?PR?_SENDDATA?UART

?C_INITSEG                                  -----    -----      -----    -----      -----    -----
  +--> ?CO?LED_DISPLAY

*** NEW ROOT ***************************************************

?PR?TM0_ISR?MAIN                            -----    -----      -----    -----      -----    -----
  +--> ?PR?CHECK_UART_REC?UART
  +--> ?PR?KEY_DETECT?MAIN

?PR?KEY_DETECT?MAIN                         -----    -----      -----    -----      -----    -----
  +--> ?PR?_CHECKKEYCLICK?MAIN

?PR?_CHECKKEYCLICK?MAIN                     -----    -----      -----    -----      0558H    0003H



SYMBOL TABLE OF MODULE:  .\out\SZ_01_LED (?C_STARTUP)

  VALUE           TYPE          NAME
  ----------------------------------

  -------         MODULE        ?C_STARTUP
  C:5FDEH         SEGMENT       ?C_C51STARTUP
  I:0022H         SEGMENT       ?STACK
  C:0000H         PUBLIC        ?C_STARTUP
  D:00E0H         SYMBOL        ACC
  D:00F0H         SYMBOL        B
  D:0083H         SYMBOL        DPH
  D:0082H         SYMBOL        DPL
  N:0000H         SYMBOL        IBPSTACK
  N:0100H         SYMBOL        IBPSTACKTOP
  N:0080H         SYMBOL        IDATALEN
  C:5FE1H         SYMBOL        IDATALOOP
BL51 BANKED LINKER/LOCATER V6.22                                                      05/12/2016  17:23:55  PAGE 7


  N:0000H         SYMBOL        PBPSTACK
  N:0100H         SYMBOL        PBPSTACKTOP
  N:0000H         SYMBOL        PDATALEN
  N:0000H         SYMBOL        PDATASTART
  N:0000H         SYMBOL        PPAGE
  N:0000H         SYMBOL        PPAGEENABLE
  D:00A0H         SYMBOL        PPAGE_SFR
  D:0081H         SYMBOL        SP
  C:5FDEH         SYMBOL        STARTUP1
  N:0000H         SYMBOL        XBPSTACK
  N:0000H         SYMBOL        XBPSTACKTOP
  N:0000H         SYMBOL        XDATALEN
  N:0000H         SYMBOL        XDATASTART
  C:0000H         LINE#         126
  C:5FDEH         LINE#         133
  C:5FE0H         LINE#         134
  C:5FE1H         LINE#         135
  C:5FE2H         LINE#         136
  C:5FE4H         LINE#         185
  C:5FE7H         LINE#         196
  -------         ENDMOD        ?C_STARTUP

  -------         MODULE        MAIN
  C:0000H         SYMBOL        _ICE_DUMMY_
  X:055BH         PUBLIC        t_FzFwKey
  D:0096H         PUBLIC        P2M0
  D:0080H         PUBLIC        P0
  D:0095H         PUBLIC        P2M1
  D:0090H         PUBLIC        P1
  D:00A0H         PUBLIC        P2
  D:00B0H         PUBLIC        P3
  D:00C8H         PUBLIC        P5
  B:00A8H.7       PUBLIC        EA
  X:0569H         PUBLIC        write_warning_flag
  X:056AH         PUBLIC        usLongDownFlag
  X:056CH         PUBLIC        t_PaperDownKey
  X:057AH         PUBLIC        t_RollKey
  X:0588H         PUBLIC        write_param_flag
  C:5F51H         PUBLIC        main
  X:0589H         PUBLIC        iInitCnt
  C:6526H         PUBLIC        key_detect
  X:058BH         PUBLIC        write_speed_mode_flag
  X:058CH         PUBLIC        write_learn_mode_flag
  X:058DH         PUBLIC        cnt_read_param_range
  X:058FH         PUBLIC        t_CutKey
  X:059DH         PUBLIC        t_PaperBwKey
  D:0089H         PUBLIC        TMOD
  X:05ABH         PUBLIC        t_PaperFwKey
  C:65DBH         PUBLIC        start_key_detect
  X:05B9H         PUBLIC        cnt_read_param
  C:4CEEH         PUBLIC        judge_key
  X:05BBH         PUBLIC        write_clear_cnt_flag
  X:05BCH         PUBLIC        eeprom_en
  X:05BDH         PUBLIC        send_frame_type
  D:008EH         PUBLIC        AUXR
  C:655CH         PUBLIC        tm0_isr
  B:00A8H.1       PUBLIC        ET0
BL51 BANKED LINKER/LOCATER V6.22                                                      05/12/2016  17:23:55  PAGE 8


  X:05BEH         PUBLIC        cnt_read_state
  C:668CH         PUBLIC        Timer0Init
  X:05C0H         PUBLIC        already_read_param_range
  D:008CH         PUBLIC        TH0
  X:05C1H         PUBLIC        start_com_flag
  D:008AH         PUBLIC        TL0
  B:0088H.4       PUBLIC        TR0
  X:05C2H         PUBLIC        write_key_flag
  X:05C3H         PUBLIC        write_test_mode_flag
  X:05C4H         PUBLIC        already_read_param
  X:05C5H         PUBLIC        main_borad_finish_clear
  C:664BH         PUBLIC        GlobalInit
  C:4F4BH         PUBLIC        _CheckKeyClick
  C:6601H         PUBLIC        sys_init
  X:05C6H         PUBLIC        t_FzBwKey
  -------         PROC          TIMER0INIT
  C:668CH         LINE#         175
  C:668CH         LINE#         176
  C:668CH         LINE#         177
  C:668FH         LINE#         180
  C:6692H         LINE#         181
  C:6695H         LINE#         182
  C:6698H         LINE#         183
  C:669AH         LINE#         184
  C:669CH         LINE#         185
  C:669EH         LINE#         186
  -------         ENDPROC       TIMER0INIT
  -------         PROC          SYS_INIT
  C:6601H         LINE#         188
  C:6601H         LINE#         189
  C:6601H         LINE#         190
  C:6604H         LINE#         191
  C:6607H         LINE#         193
  C:660AH         LINE#         194
  C:660DH         LINE#         195
  C:6610H         LINE#         196
  C:6613H         LINE#         198
  C:6616H         LINE#         199
  C:6619H         LINE#         202
  -------         ENDPROC       SYS_INIT
  -------         PROC          GLOBALINIT
  C:664BH         LINE#         208
  C:664BH         LINE#         209
  C:664BH         LINE#         210
  C:665AH         LINE#         212
  C:6660H         LINE#         213
  -------         ENDPROC       GLOBALINIT
  -------         PROC          _CHECKKEYCLICK
  X:0558H         SYMBOL        p
  C:4F4BH         LINE#         221
  C:4F56H         LINE#         222
  C:4F56H         LINE#         223
  C:4F8BH         LINE#         224
  C:4F8BH         LINE#         225
  C:4F8BH         LINE#         227
  C:4F94H         LINE#         228
  C:4FA8H         LINE#         229
BL51 BANKED LINKER/LOCATER V6.22                                                      05/12/2016  17:23:55  PAGE 9


  C:4FA8H         LINE#         230
  C:4FBDH         LINE#         231
  C:4FC7H         LINE#         232
  C:4FC7H         LINE#         234
  C:4FC8H         LINE#         236
  C:4FC8H         LINE#         238
  C:4FE4H         LINE#         239
  C:4FE4H         LINE#         240
  C:4FFDH         LINE#         241
  C:5012H         LINE#         242
  C:5012H         LINE#         245
  C:501DH         LINE#         246
  C:501DH         LINE#         247
  C:5020H         LINE#         249
  C:5020H         LINE#         250
  C:5035H         LINE#         251
  C:503BH         LINE#         252
  C:503BH         LINE#         254
  C:503EH         LINE#         256
  C:503EH         LINE#         258
  C:5062H         LINE#         260
  C:5073H         LINE#         261
  C:5073H         LINE#         262
  C:5088H         LINE#         263
  C:5092H         LINE#         264
  C:5092H         LINE#         266
  C:50B3H         LINE#         267
  C:50B3H         LINE#         268
  C:50C5H         LINE#         271
  C:50C5H         LINE#         273
  C:50C8H         LINE#         275
  C:50C8H         LINE#         277
  C:50ECH         LINE#         279
  C:50FDH         LINE#         280
  C:50FDH         LINE#         281
  C:5121H         LINE#         282
  C:5133H         LINE#         283
  C:5133H         LINE#         285
  C:514DH         LINE#         286
  C:514DH         LINE#         287
  C:5150H         LINE#         288
  C:5152H         LINE#         290
  C:5152H         LINE#         291
  C:5159H         LINE#         292
  C:5159H         LINE#         294
  C:5163H         LINE#         295
  C:516BH         LINE#         296
  C:516BH         LINE#         297
  C:516DH         LINE#         299
  C:516DH         LINE#         300
  C:5182H         LINE#         301
  C:518CH         LINE#         302
  C:518CH         LINE#         304
  C:518CH         LINE#         306
  C:518CH         LINE#         308
  -------         ENDPROC       _CHECKKEYCLICK
  -------         PROC          KEY_DETECT
BL51 BANKED LINKER/LOCATER V6.22                                                      05/12/2016  17:23:55  PAGE 10


  C:6526H         LINE#         386
  C:6526H         LINE#         387
  C:6526H         LINE#         388
  C:652FH         LINE#         389
  C:6538H         LINE#         391
  C:6541H         LINE#         392
  C:654AH         LINE#         393
  C:6553H         LINE#         394
  -------         ENDPROC       KEY_DETECT
  -------         PROC          START_KEY_DETECT
  C:65DBH         LINE#         397
  C:65DBH         LINE#         398
  C:65DBH         LINE#         399
  C:65E2H         LINE#         400
  C:65E8H         LINE#         402
  C:65EEH         LINE#         403
  C:65F4H         LINE#         404
  C:65FAH         LINE#         405
  C:6600H         LINE#         406
  -------         ENDPROC       START_KEY_DETECT
  -------         PROC          JUDGE_KEY
  C:4CEEH         LINE#         408
  C:4CEEH         LINE#         409
  C:4CEEH         LINE#         411
  C:4CF9H         LINE#         412
  C:4CF9H         LINE#         413
  C:4D03H         LINE#         415
  C:4D09H         LINE#         416
  C:4D09H         LINE#         417
  C:4D0EH         LINE#         419
  C:4D18H         LINE#         420
  C:4D18H         LINE#         421
  C:4D1FH         LINE#         423
  C:4D23H         LINE#         424
  C:4D23H         LINE#         425
  C:4D25H         LINE#         426
  C:4D34H         LINE#         427
  C:4D34H         LINE#         428
  C:4D36H         LINE#         430
  C:4D36H         LINE#         431
  C:4D36H         LINE#         433
  C:4D36H         LINE#         435
  C:4D36H         LINE#         436
  C:4D38H         LINE#         438
  C:4D38H         LINE#         439
  C:4D3BH         LINE#         441
  C:4D42H         LINE#         442
  C:4D48H         LINE#         444
  C:4D4EH         LINE#         446
  C:4D53H         LINE#         447
  C:4D53H         LINE#         448
  C:4D53H         LINE#         451
  C:4D5EH         LINE#         452
  C:4D5EH         LINE#         453
  C:4D68H         LINE#         455
  C:4D6EH         LINE#         456
  C:4D6EH         LINE#         457
BL51 BANKED LINKER/LOCATER V6.22                                                      05/12/2016  17:23:55  PAGE 11


  C:4D73H         LINE#         459
  C:4D7DH         LINE#         460
  C:4D7DH         LINE#         461
  C:4D84H         LINE#         463
  C:4D88H         LINE#         464
  C:4D88H         LINE#         465
  C:4D8AH         LINE#         466
  C:4D99H         LINE#         467
  C:4D99H         LINE#         468
  C:4D9BH         LINE#         470
  C:4D9BH         LINE#         471
  C:4D9BH         LINE#         473
  C:4D9BH         LINE#         475
  C:4D9BH         LINE#         476
  C:4D9DH         LINE#         478
  C:4D9DH         LINE#         479
  C:4DA0H         LINE#         481
  C:4DA7H         LINE#         482
  C:4DADH         LINE#         484
  C:4DB3H         LINE#         486
  C:4DB8H         LINE#         487
  C:4DB8H         LINE#         488
  C:4DB8H         LINE#         493
  C:4DC3H         LINE#         494
  C:4DC3H         LINE#         495
  C:4DCDH         LINE#         497
  C:4DD3H         LINE#         498
  C:4DD3H         LINE#         499
  C:4DD8H         LINE#         501
  C:4DE2H         LINE#         502
  C:4DE2H         LINE#         503
  C:4DE9H         LINE#         505
  C:4DEDH         LINE#         506
  C:4DEDH         LINE#         507
  C:4DEFH         LINE#         508
  C:4DFEH         LINE#         509
  C:4DFEH         LINE#         510
  C:4E00H         LINE#         512
  C:4E00H         LINE#         513
  C:4E00H         LINE#         515
  C:4E00H         LINE#         517
  C:4E00H         LINE#         518
  C:4E02H         LINE#         520
  C:4E02H         LINE#         521
  C:4E05H         LINE#         523
  C:4E0CH         LINE#         524
  C:4E12H         LINE#         526
  C:4E18H         LINE#         528
  C:4E1DH         LINE#         529
  C:4E1DH         LINE#         530
  C:4E1DH         LINE#         533
  C:4E28H         LINE#         534
  C:4E28H         LINE#         535
  C:4E32H         LINE#         537
  C:4E38H         LINE#         538
  C:4E38H         LINE#         539
  C:4E3DH         LINE#         541
BL51 BANKED LINKER/LOCATER V6.22                                                      05/12/2016  17:23:55  PAGE 12


  C:4E47H         LINE#         542
  C:4E47H         LINE#         543
  C:4E4EH         LINE#         545
  C:4E52H         LINE#         546
  C:4E52H         LINE#         547
  C:4E54H         LINE#         548
  C:4E63H         LINE#         549
  C:4E63H         LINE#         550
  C:4E65H         LINE#         552
  C:4E65H         LINE#         553
  C:4E65H         LINE#         555
  C:4E65H         LINE#         557
  C:4E65H         LINE#         558
  C:4E67H         LINE#         560
  C:4E67H         LINE#         561
  C:4E6AH         LINE#         563
  C:4E71H         LINE#         564
  C:4E77H         LINE#         566
  C:4E7DH         LINE#         568
  C:4E82H         LINE#         569
  C:4E82H         LINE#         570
  C:4E82H         LINE#         615
  C:4E8DH         LINE#         616
  C:4E8DH         LINE#         617
  C:4E97H         LINE#         619
  C:4E9DH         LINE#         620
  C:4E9DH         LINE#         621
  C:4EA2H         LINE#         623
  C:4EACH         LINE#         624
  C:4EACH         LINE#         625
  C:4EB3H         LINE#         627
  C:4EB7H         LINE#         628
  C:4EB7H         LINE#         629
  C:4EB9H         LINE#         630
  C:4EC8H         LINE#         631
  C:4EC8H         LINE#         632
  C:4ECAH         LINE#         634
  C:4ECAH         LINE#         635
  C:4ECAH         LINE#         637
  C:4ECAH         LINE#         639
  C:4ECAH         LINE#         640
  C:4ECCH         LINE#         642
  C:4ECCH         LINE#         643
  C:4ECFH         LINE#         645
  C:4ED6H         LINE#         646
  C:4EDCH         LINE#         648
  C:4EE2H         LINE#         650
  C:4EE7H         LINE#         651
  C:4EE7H         LINE#         652
  C:4EE7H         LINE#         655
  C:4EF2H         LINE#         656
  C:4EF2H         LINE#         657
  C:4EFBH         LINE#         659
  C:4F01H         LINE#         660
  C:4F01H         LINE#         661
  C:4F06H         LINE#         663
  C:4F10H         LINE#         664
BL51 BANKED LINKER/LOCATER V6.22                                                      05/12/2016  17:23:55  PAGE 13


  C:4F10H         LINE#         665
  C:4F17H         LINE#         667
  C:4F1BH         LINE#         668
  C:4F1BH         LINE#         669
  C:4F1CH         LINE#         670
  C:4F2BH         LINE#         671
  C:4F2BH         LINE#         672
  C:4F2DH         LINE#         674
  C:4F2DH         LINE#         675
  C:4F2DH         LINE#         677
  C:4F2DH         LINE#         679
  C:4F2DH         LINE#         680
  C:4F2FH         LINE#         682
  C:4F2FH         LINE#         683
  C:4F32H         LINE#         685
  C:4F39H         LINE#         686
  C:4F3FH         LINE#         688
  C:4F45H         LINE#         690
  C:4F4AH         LINE#         691
  C:4F4AH         LINE#         692
  C:4F4AH         LINE#         694
  -------         ENDPROC       JUDGE_KEY
  -------         PROC          TM0_ISR
  C:655CH         LINE#         702
  C:6569H         LINE#         704
  C:6577H         LINE#         706
  C:657AH         LINE#         708
  C:657DH         LINE#         710
  -------         ENDPROC       TM0_ISR
  -------         PROC          MAIN
  C:5F51H         LINE#         714
  C:5F51H         LINE#         715
  C:5F51H         LINE#         716
  C:5F56H         LINE#         719
  C:5F59H         LINE#         722
  C:5F5CH         LINE#         724
  C:5F5FH         LINE#         726
  C:5F6EH         LINE#         729
  C:5F77H         LINE#         731
  C:5F77H         LINE#         732
  C:5F77H         LINE#         733
  C:5F7DH         LINE#         734
  C:5F7DH         LINE#         735
  C:5F9BH         LINE#         737
  C:5F9BH         LINE#         738
  C:5FA8H         LINE#         739
  C:5FB0H         LINE#         742
  C:5FB3H         LINE#         744
  C:5FB9H         LINE#         745
  C:5FB9H         LINE#         746
  C:5FB9H         LINE#         748
  C:5FC0H         LINE#         749
  C:5FC0H         LINE#         750
  C:5FC3H         LINE#         752
  C:5FCAH         LINE#         753
  C:5FCAH         LINE#         754
  C:5FCDH         LINE#         756
BL51 BANKED LINKER/LOCATER V6.22                                                      05/12/2016  17:23:55  PAGE 14


  C:5FD3H         LINE#         757
  C:5FD6H         LINE#         758
  C:5FD6H         LINE#         761
  C:5FD9H         LINE#         763
  C:5FDCH         LINE#         765
  C:5FDCH         LINE#         767
  -------         ENDPROC       MAIN
  -------         ENDMOD        MAIN

  -------         MODULE        I2C
  C:0000H         SYMBOL        _ICE_DUMMY_
  D:0090H         PUBLIC        P1
  B:0090H.0       PUBLIC        P10
  B:0090H.1       PUBLIC        P11
  B:0090H.4       PUBLIC        P14
  B:0090H.5       PUBLIC        P15
  C:641DH         PUBLIC        _I2c_Send_Byte
  C:66AFH         PUBLIC        I2c_Ack
  C:669FH         PUBLIC        I2c_Start
  X:064CH         PUBLIC        disp_buf
  C:606AH         PUBLIC        TM1637_Write
  C:6661H         PUBLIC        I2c_Stop
  C:66E9H         PUBLIC        I2c_Gpio_In
  C:66EEH         PUBLIC        I2c_Gpio_Out
  C:61D6H         PUBLIC        _DELAY_US
  C:61CAH         SYMBOL        L?0021
  C:61CEH         SYMBOL        L?0022
  -------         PROC          L?0020
  -------         ENDPROC       L?0020
  C:61CAH         SYMBOL        L?0021
  C:61CEH         SYMBOL        L?0022
  -------         PROC          _DELAY_US
  X:0530H         SYMBOL        us_val
  -------         DO            
  X:0534H         SYMBOL        i
  -------         ENDDO         
  C:61D6H         LINE#         40
  C:61DCH         LINE#         41
  C:61DCH         LINE#         43
  C:6206H         LINE#         44
  C:6206H         LINE#         45
  C:6207H         LINE#         46
  C:622EH         LINE#         47
  -------         ENDPROC       _DELAY_US
  -------         PROC          I2C_START
  C:669FH         LINE#         49
  C:669FH         LINE#         50
  C:669FH         LINE#         52
  C:66A1H         LINE#         53
  C:66A3H         LINE#         54
  C:66A5H         LINE#         55
  C:66A7H         LINE#         56
  C:66AAH         LINE#         57
  C:66ACH         LINE#         58
  C:66AEH         LINE#         59
  -------         ENDPROC       I2C_START
  -------         PROC          I2C_STOP
BL51 BANKED LINKER/LOCATER V6.22                                                      05/12/2016  17:23:55  PAGE 15


  C:6661H         LINE#         61
  C:6661H         LINE#         62
  C:6661H         LINE#         73
  C:6661H         LINE#         74
  C:6661H         LINE#         75
  C:6664H         LINE#         76
  C:6666H         LINE#         77
  C:6668H         LINE#         78
  C:666BH         LINE#         79
  C:666DH         LINE#         80
  C:666FH         LINE#         81
  C:6672H         LINE#         82
  C:6674H         LINE#         83
  C:6676H         LINE#         84
  -------         ENDPROC       I2C_STOP
  -------         PROC          I2C_ACK
  C:66AFH         LINE#         87
  C:66AFH         LINE#         88
  C:66AFH         LINE#         98
  C:66AFH         LINE#         99
  C:66AFH         LINE#         100
  C:66B2H         LINE#         102
  C:66B4H         LINE#         103
  C:66B6H         LINE#         104
  C:66B9H         LINE#         105
  C:66BBH         LINE#         106
  C:66BDH         LINE#         108
  -------         ENDPROC       I2C_ACK
  -------         PROC          _I2C_SEND_BYTE
  X:0656H         SYMBOL        oneByte
  -------         DO            
  X:0658H         SYMBOL        i
  -------         ENDDO         
  C:641DH         LINE#         111
  C:6425H         LINE#         112
  C:6425H         LINE#         114
  C:6428H         LINE#         115
  C:6428H         LINE#         116
  C:642BH         LINE#         117
  C:642BH         LINE#         118
  C:642BH         LINE#         119
  C:642EH         LINE#         120
  C:6435H         LINE#         121
  C:6435H         LINE#         122
  C:6437H         LINE#         123
  C:6439H         LINE#         124
  C:643BH         LINE#         126
  C:643BH         LINE#         127
  C:643DH         LINE#         128
  C:643FH         LINE#         129
  C:643FH         LINE#         130
  C:6442H         LINE#         131
  C:644DH         LINE#         132
  C:644FH         LINE#         133
  C:6451H         LINE#         134
  C:6454H         LINE#         135
  C:6460H         LINE#         136
BL51 BANKED LINKER/LOCATER V6.22                                                      05/12/2016  17:23:55  PAGE 16


  -------         ENDPROC       _I2C_SEND_BYTE
  -------         PROC          TM1637_WRITE
  -------         DO            
  X:065CH         SYMBOL        i
  -------         ENDDO         
  C:606AH         LINE#         139
  C:606AH         LINE#         140
  C:606AH         LINE#         142
  C:606DH         LINE#         144
  C:6070H         LINE#         145
  C:6077H         LINE#         146
  C:607AH         LINE#         147
  C:607DH         LINE#         148
  C:6080H         LINE#         149
  C:6083H         LINE#         150
  C:6086H         LINE#         151
  C:608DH         LINE#         152
  C:6090H         LINE#         153
  C:6093H         LINE#         154
  C:6096H         LINE#         155
  C:60A5H         LINE#         156
  C:60A5H         LINE#         157
  C:60B9H         LINE#         158
  C:60BCH         LINE#         159
  C:60BFH         LINE#         160
  C:60C2H         LINE#         161
  C:60CAH         LINE#         162
  C:60CDH         LINE#         163
  C:60D0H         LINE#         164
  C:60D7H         LINE#         165
  C:60DAH         LINE#         166
  C:60DDH         LINE#         167
  C:60E0H         LINE#         168
  -------         ENDPROC       TM1637_WRITE
  -------         PROC          I2C_GPIO_IN
  C:66E9H         LINE#         215
  C:66E9H         LINE#         216
  C:66E9H         LINE#         217
  C:66EBH         LINE#         218
  C:66EDH         LINE#         219
  -------         ENDPROC       I2C_GPIO_IN
  -------         PROC          I2C_GPIO_OUT
  C:66EEH         LINE#         222
  C:66EEH         LINE#         223
  C:66EEH         LINE#         224
  C:66F0H         LINE#         225
  C:66F2H         LINE#         226
  -------         ENDPROC       I2C_GPIO_OUT
  -------         ENDMOD        I2C

  -------         MODULE        LED_DISPLAY
  C:0000H         SYMBOL        _ICE_DUMMY_
  X:003FH         PUBLIC        DisplayMenuID
  D:0090H         PUBLIC        P1
  X:0040H         SYMBOL        pItem
  D:00A0H         PUBLIC        P2
  D:00B0H         PUBLIC        P3
BL51 BANKED LINKER/LOCATER V6.22                                                      05/12/2016  17:23:55  PAGE 17


  X:0043H         PUBLIC        qz_wait
  D:00C8H         PUBLIC        P5
  C:622FH         PUBLIC        update_menu_to_com
  X:0044H         SYMBOL        pMenu
  X:0047H         SYMBOL        Menu00000
  X:0057H         SYMBOL        Menu10101
  X:0147H         SYMBOL        Menu20101
  X:014FH         SYMBOL        Menu10102
  X:01BFH         SYMBOL        Menu10103
  X:022FH         SYMBOL        Menu10104
  X:0267H         PUBLIC        unKey
  X:0269H         SYMBOL        MenuTotals
  X:026AH         PUBLIC        Menu0_Number
  C:2D95H         PUBLIC        MainItem
  X:026BH         PUBLIC        gcKeyType
  X:026CH         PUBLIC        LCDChildDisplayState
  X:026EH         PUBLIC        speed_mode
  X:026FH         SYMBOL        DisplayItemNum
  C:2DBFH         SYMBOL        LED_ASCII
  X:0270H         SYMBOL        DataType
  C:62F0H         PUBLIC        _ClearLCDScreen
  X:0271H         PUBLIC        g_pcStatus
  X:0274H         PUBLIC        DIS_ERR_FLGA
  X:0275H         PUBLIC        public_val
  C:2D2CH         PUBLIC        MenuItem
  X:0385H         SYMBOL        TempInputData
  X:0389H         PUBLIC        gsKeyVal
  X:038BH         SYMBOL        DisplayBitNum
  C:5374H         PUBLIC        _func_menu_update
  X:038CH         SYMBOL        l_stop_poll
  X:038DH         SYMBOL        InputDataLen
  C:0046H         PUBLIC        LEDDisplay
  B:00A0H.0       PUBLIC        P20
  C:4488H         PUBLIC        _read_menu_data
  B:00A0H.1       PUBLIC        P21
  B:0090H.2       PUBLIC        P12
  X:038EH         PUBLIC        LCDDisplayState
  B:00A0H.2       PUBLIC        P22
  B:0090H.3       PUBLIC        P13
  B:00B0H.2       PUBLIC        P32
  B:00A0H.3       PUBLIC        P23
  B:0090H.4       PUBLIC        P14
  B:00B0H.3       PUBLIC        P33
  B:00A0H.4       PUBLIC        P24
  B:00A0H.5       PUBLIC        P25
  B:0090H.6       PUBLIC        P16
  B:00B0H.5       PUBLIC        P35
  B:00A0H.6       PUBLIC        P26
  B:0090H.7       PUBLIC        P17
  C:5B15H         PUBLIC        _MenuEditLook
  B:00C8H.4       PUBLIC        P54
  B:00A0H.7       PUBLIC        P27
  B:00C8H.5       PUBLIC        P55
  C:6461H         PUBLIC        _LEDClearChar
  C:2E3FH         SYMBOL        _?ix1000
  C:2EA3H         SYMBOL        _?ix1001
  C:2EA9H         SYMBOL        _?ix1002
BL51 BANKED LINKER/LOCATER V6.22                                                      05/12/2016  17:23:55  PAGE 18


  X:0390H         PUBLIC        g_iErrUIChange
  C:2EAFH         SYMBOL        _?ix1003
  C:2EB5H         SYMBOL        _?ix1004
  C:5D20H         PUBLIC        _LED_ShowNumber
  C:518DH         PUBLIC        InitLEDDisplay
  C:5719H         PUBLIC        menu_cfg
  X:0392H         PUBLIC        test_mode
  C:63D5H         PUBLIC        _test_set_display
  C:5E05H         PUBLIC        read_id
  C:3D9AH         PUBLIC        _LEDShowCaption
  X:0393H         PUBLIC        main_menu_cfg
  X:039BH         SYMBOL        CycShowCount
  X:039CH         PUBLIC        g_iFlashOldTime
  X:039EH         SYMBOL        PasswordBuff
  X:03A3H         PUBLIC        DisplayState
  X:03A5H         PUBLIC        g_iInterfaceChangOldTime
  X:03A7H         SYMBOL        DisplayBuff
  C:66CBH         PUBLIC        _TextOut
  X:03B1H         PUBLIC        g_iErrStatus
  X:03B3H         PUBLIC        Menu_Number
  X:03B9H         PUBLIC        cPauseBell
  C:60E7H         PUBLIC        _LEDShowFlashString
  X:03BAH         PUBLIC        uart_send_buf
  X:041EH         SYMBOL        DisplayMainTotal
  X:041FH         PUBLIC        now_menu
  X:0427H         SYMBOL        pDataValue
  X:042AH         SYMBOL        DisplayMainID
  X:042BH         SYMBOL        pMain
  X:042EH         SYMBOL        DisplayMenuTotal
  C:5894H         SYMBOL        _StrToData
  C:47BDH         SYMBOL        _DataToStr
  -------         PROC          L?0781
  -------         ENDPROC       L?0781
  -------         PROC          _LEDSHOWFLASHSTRING
  X:051AH         SYMBOL        buff
  X:051DH         SYMBOL        x
  C:60E7H         LINE#         232
  C:60F5H         LINE#         233
  C:60F5H         LINE#         235
  C:60F5H         LINE#         236
  C:6140H         LINE#         237
  C:615BH         LINE#         238
  -------         ENDPROC       _LEDSHOWFLASHSTRING
  -------         PROC          _LEDSHOWCAPTION
  D:0007H         SYMBOL        num
  -------         DO            
  X:051AH         SYMBOL        buff
  X:051DH         SYMBOL        x
  -------         ENDDO         
  C:3D9AH         LINE#         240
  C:3D9AH         LINE#         241
  C:3D9AH         LINE#         242
  C:3D9FH         LINE#         243
  C:3E1FH         LINE#         244
  C:3E1FH         LINE#         245
  C:3E1FH         LINE#         246
  C:3E2DH         LINE#         247
BL51 BANKED LINKER/LOCATER V6.22                                                      05/12/2016  17:23:55  PAGE 19


  C:3E30H         LINE#         248
  C:3E30H         LINE#         249
  C:3E3EH         LINE#         250
  C:3E41H         LINE#         251
  C:3E41H         LINE#         252
  C:3E4FH         LINE#         253
  C:3E52H         LINE#         254
  C:3E52H         LINE#         255
  C:3E60H         LINE#         256
  C:3E63H         LINE#         257
  C:3E63H         LINE#         258
  C:3E71H         LINE#         259
  C:3E74H         LINE#         260
  C:3E74H         LINE#         261
  C:3E82H         LINE#         262
  C:3E85H         LINE#         263
  C:3E85H         LINE#         264
  C:3E93H         LINE#         265
  C:3E96H         LINE#         266
  C:3E96H         LINE#         267
  C:3EA4H         LINE#         268
  C:3EA7H         LINE#         269
  C:3EA7H         LINE#         270
  C:3EB5H         LINE#         271
  C:3EB8H         LINE#         272
  C:3EB8H         LINE#         273
  C:3EC6H         LINE#         274
  C:3EC9H         LINE#         275
  C:3EC9H         LINE#         276
  C:3ED7H         LINE#         277
  C:3EDAH         LINE#         278
  C:3EDAH         LINE#         279
  C:3EE8H         LINE#         280
  C:3EEBH         LINE#         281
  C:3EEBH         LINE#         282
  C:3EF9H         LINE#         283
  C:3EFCH         LINE#         284
  C:3EFCH         LINE#         285
  C:3F0AH         LINE#         286
  C:3F0DH         LINE#         287
  C:3F0DH         LINE#         288
  C:3F1BH         LINE#         289
  C:3F1EH         LINE#         290
  C:3F1EH         LINE#         291
  C:3F2CH         LINE#         292
  C:3F2FH         LINE#         293
  C:3F2FH         LINE#         294
  C:3F3DH         LINE#         295
  C:3F40H         LINE#         296
  C:3F40H         LINE#         297
  C:3F4EH         LINE#         298
  C:3F51H         LINE#         299
  C:3F51H         LINE#         300
  C:3F5FH         LINE#         301
  C:3F62H         LINE#         302
  C:3F62H         LINE#         303
  C:3F70H         LINE#         304
BL51 BANKED LINKER/LOCATER V6.22                                                      05/12/2016  17:23:55  PAGE 20


  C:3F73H         LINE#         305
  C:3F73H         LINE#         306
  C:3F81H         LINE#         307
  C:3F84H         LINE#         308
  C:3F84H         LINE#         309
  C:3F92H         LINE#         310
  C:3F95H         LINE#         311
  C:3F95H         LINE#         312
  C:3FA3H         LINE#         313
  C:3FA6H         LINE#         314
  C:3FA6H         LINE#         315
  C:3FB4H         LINE#         316
  C:3FB7H         LINE#         317
  C:3FB7H         LINE#         318
  C:3FC5H         LINE#         319
  C:3FC8H         LINE#         320
  C:3FC8H         LINE#         321
  C:3FD6H         LINE#         322
  C:3FD9H         LINE#         323
  C:3FD9H         LINE#         324
  C:3FE7H         LINE#         325
  C:3FEAH         LINE#         326
  C:3FEAH         LINE#         327
  C:3FF8H         LINE#         328
  C:3FFBH         LINE#         329
  C:3FFBH         LINE#         330
  C:4009H         LINE#         331
  C:400CH         LINE#         332
  C:400CH         LINE#         333
  C:401AH         LINE#         334
  C:401DH         LINE#         335
  C:401DH         LINE#         336
  C:402BH         LINE#         337
  C:402EH         LINE#         338
  C:402EH         LINE#         339
  C:403CH         LINE#         340
  C:403EH         LINE#         341
  C:403EH         LINE#         342
  C:404CH         LINE#         343
  C:404EH         LINE#         344
  C:404EH         LINE#         345
  C:405CH         LINE#         346
  C:405EH         LINE#         347
  C:405EH         LINE#         348
  C:406CH         LINE#         349
  C:406EH         LINE#         350
  C:406EH         LINE#         351
  C:407CH         LINE#         352
  C:407EH         LINE#         353
  C:407EH         LINE#         354
  C:408CH         LINE#         355
  C:408EH         LINE#         356
  C:408EH         LINE#         357
  C:409CH         LINE#         358
  C:409EH         LINE#         359
  C:409EH         LINE#         360
  C:40ACH         LINE#         361
BL51 BANKED LINKER/LOCATER V6.22                                                      05/12/2016  17:23:55  PAGE 21


  C:40AEH         LINE#         362
  C:40AEH         LINE#         363
  C:40BCH         LINE#         364
  C:40BCH         LINE#         365
  C:40BCH         LINE#         367
  C:40BCH         LINE#         368
  C:4107H         LINE#         369
  C:4122H         LINE#         370
  -------         ENDPROC       _LEDSHOWCAPTION
  -------         PROC          _LEDCLEARCHAR
  D:0004H         SYMBOL        x
  D:0001H         SYMBOL        n
  -------         DO            
  D:0005H         SYMBOL        i
  -------         ENDDO         
  C:6461H         LINE#         410
  C:6465H         LINE#         411
  C:6465H         LINE#         413
  C:648CH         LINE#         414
  C:648CH         LINE#         415
  C:64A1H         LINE#         416
  C:64A4H         LINE#         417
  -------         ENDPROC       _LEDCLEARCHAR
  C:5D13H         SYMBOL        L?0779
  -------         PROC          L?0778
  -------         ENDPROC       L?0778
  C:5D13H         SYMBOL        L?0779
  -------         PROC          _LED_SHOWNUMBER
  X:051AH         SYMBOL        buff
  X:051DH         SYMBOL        x
  -------         DO            
  X:051EH         SYMBOL        TempFlag
  -------         ENDDO         
  C:5D20H         LINE#         426
  C:5D2EH         LINE#         427
  C:5D2EH         LINE#         428
  C:5D31H         LINE#         430
  C:5D31H         LINE#         431
  C:5D4CH         LINE#         432
  C:5D4CH         LINE#         433
  C:5D97H         LINE#         435
  C:5D99H         LINE#         437
  C:5D99H         LINE#         438
  C:5DE6H         LINE#         440
  C:5DECH         LINE#         441
  C:5DF6H         LINE#         442
  C:5DF6H         LINE#         443
  C:5E04H         LINE#         445
  -------         ENDPROC       _LED_SHOWNUMBER
  -------         PROC          MENU_CFG
  -------         DO            
  D:0005H         SYMBOL        i
  -------         ENDDO         
  C:5719H         LINE#         448
  C:5719H         LINE#         449
  C:5719H         LINE#         451
  C:571BH         LINE#         452
BL51 BANKED LINKER/LOCATER V6.22                                                      05/12/2016  17:23:55  PAGE 22


  C:571BH         LINE#         453
  C:5753H         LINE#         454
  C:5758H         LINE#         456
  C:575AH         LINE#         457
  C:575AH         LINE#         458
  C:5792H         LINE#         459
  C:5797H         LINE#         461
  C:5799H         LINE#         462
  C:5799H         LINE#         463
  C:57D1H         LINE#         464
  C:57D6H         LINE#         466
  C:57D8H         LINE#         467
  C:57D8H         LINE#         468
  C:5810H         LINE#         469
  C:5815H         LINE#         471
  C:5817H         LINE#         472
  C:5817H         LINE#         473
  C:584FH         LINE#         474
  C:5854H         LINE#         476
  C:5856H         LINE#         477
  C:5856H         LINE#         478
  C:588EH         LINE#         479
  C:5893H         LINE#         480
  -------         ENDPROC       MENU_CFG
  -------         PROC          _READ_MENU_DATA
  X:0430H         SYMBOL        menu_id
  -------         DO            
  X:0431H         SYMBOL        progbyte
  X:0434H         SYMBOL        read_byte
  X:0435H         SYMBOL        progadd
  X:0437H         SYMBOL        i
  -------         ENDDO         
  C:4488H         LINE#         490
  C:448DH         LINE#         491
  C:448DH         LINE#         497
  C:44B2H         LINE#         498
  C:44C7H         LINE#         500
  C:4509H         LINE#         501
  C:4509H         LINE#         502
  C:450DH         LINE#         503
  C:4556H         LINE#         505
  C:45A5H         LINE#         506
  C:45EBH         LINE#         507
  C:461DH         LINE#         508
  C:462EH         LINE#         509
  C:4647H         LINE#         511
  C:465EH         LINE#         512
  C:465EH         LINE#         513
  C:465EH         LINE#         514
  C:466CH         LINE#         515
  C:466EH         LINE#         516
  C:466EH         LINE#         517
  C:467CH         LINE#         518
  C:467EH         LINE#         519
  C:467EH         LINE#         520
  C:468CH         LINE#         521
  C:468EH         LINE#         522
BL51 BANKED LINKER/LOCATER V6.22                                                      05/12/2016  17:23:55  PAGE 23


  C:468EH         LINE#         523
  C:469CH         LINE#         524
  C:469EH         LINE#         525
  C:469EH         LINE#         526
  C:46ACH         LINE#         527
  C:46AEH         LINE#         528
  C:46AEH         LINE#         529
  C:46BCH         LINE#         530
  C:46BCH         LINE#         531
  C:46BCH         LINE#         532
  C:46E6H         LINE#         533
  C:4728H         LINE#         534
  C:4728H         LINE#         535
  C:4747H         LINE#         536
  C:4751H         LINE#         537
  C:4770H         LINE#         538
  C:477AH         LINE#         539
  C:478BH         LINE#         542
  -------         ENDPROC       _READ_MENU_DATA
  -------         PROC          UPDATE_MENU_TO_COM
  -------         DO            
  D:0005H         SYMBOL        TempB
  -------         ENDDO         
  C:622FH         LINE#         545
  C:622FH         LINE#         546
  C:622FH         LINE#         548
  C:6231H         LINE#         549
  C:6231H         LINE#         550
  C:625CH         LINE#         551
  C:6261H         LINE#         553
  C:6263H         LINE#         554
  C:6263H         LINE#         555
  C:628EH         LINE#         556
  C:6293H         LINE#         557
  -------         ENDPROC       UPDATE_MENU_TO_COM
  -------         PROC          READ_ID
  -------         DO            
  X:0430H         SYMBOL        cptr
  D:0007H         SYMBOL        i
  X:0432H         SYMBOL        read_byte
  -------         ENDDO         
  C:5E05H         LINE#         561
  C:5E05H         LINE#         562
  C:5E05H         LINE#         565
  C:5E0FH         LINE#         566
  C:5E11H         LINE#         567
  C:5E11H         LINE#         568
  C:5E35H         LINE#         569
  C:5E3AH         LINE#         570
  C:5E49H         LINE#         571
  C:5E54H         LINE#         572
  C:5E63H         LINE#         573
  C:5E70H         LINE#         575
  C:5E77H         LINE#         576
  C:5E8CH         LINE#         577
  C:5EA9H         LINE#         578
  C:5EB8H         LINE#         579
BL51 BANKED LINKER/LOCATER V6.22                                                      05/12/2016  17:23:55  PAGE 24


  C:5EC0H         LINE#         580
  -------         ENDPROC       READ_ID
  -------         PROC          INITLEDDISPLAY
  -------         DO            
  X:042FH         SYMBOL        TempB
  -------         ENDDO         
  C:518DH         LINE#         591
  C:518DH         LINE#         592
  C:518DH         LINE#         596
  C:518FH         LINE#         599
  C:5196H         LINE#         604
  C:51ABH         LINE#         605
  C:51D5H         LINE#         606
  C:51D5H         LINE#         608
  C:51DDH         LINE#         609
  C:51E2H         LINE#         612
  C:51F8H         LINE#         613
  C:5209H         LINE#         614
  C:5231H         LINE#         615
  C:5231H         LINE#         616
  C:5234H         LINE#         617
  C:523CH         LINE#         618
  C:5244H         LINE#         619
  C:5247H         LINE#         621
  C:524AH         LINE#         624
  C:524FH         LINE#         625
  C:5253H         LINE#         626
  C:525AH         LINE#         627
  C:525FH         LINE#         630
  C:5263H         LINE#         631
  C:5269H         LINE#         632
  C:526DH         LINE#         634
  C:5277H         LINE#         635
  C:527CH         LINE#         638
  C:527FH         LINE#         640
  C:528EH         LINE#         641
  C:529DH         LINE#         643
  C:52A2H         LINE#         644
  C:52B5H         LINE#         645
  C:52B5H         LINE#         646
  C:52E6H         LINE#         649
  C:52E6H         LINE#         650
  C:5300H         LINE#         651
  C:5300H         LINE#         652
  C:5321H         LINE#         653
  C:532FH         LINE#         654
  C:5338H         LINE#         656
  C:533BH         LINE#         657
  C:533EH         LINE#         658
  C:535EH         LINE#         660
  C:5365H         LINE#         661
  C:536BH         LINE#         663
  C:5373H         LINE#         665
  -------         ENDPROC       INITLEDDISPLAY
  -------         PROC          _FUNC_MENU_UPDATE
  X:051AH         SYMBOL        menu_id
  -------         DO            
BL51 BANKED LINKER/LOCATER V6.22                                                      05/12/2016  17:23:55  PAGE 25


  X:051CH         SYMBOL        progbyte
  X:051FH         SYMBOL        i
  D:0006H         SYMBOL        readbyte
  X:0520H         SYMBOL        progadd
  -------         ENDDO         
  C:5374H         LINE#         669
  C:537CH         LINE#         670
  C:537CH         LINE#         674
  C:5382H         LINE#         675
  C:53A5H         LINE#         676
  C:53AAH         LINE#         677
  C:53C9H         LINE#         678
  C:53C9H         LINE#         679
  C:53C9H         LINE#         680
  C:53D7H         LINE#         681
  C:53D9H         LINE#         682
  C:53D9H         LINE#         683
  C:53E7H         LINE#         684
  C:53E9H         LINE#         685
  C:53E9H         LINE#         686
  C:53F7H         LINE#         687
  C:53F9H         LINE#         688
  C:53F9H         LINE#         689
  C:5407H         LINE#         690
  C:5409H         LINE#         691
  C:5409H         LINE#         692
  C:5417H         LINE#         693
  C:5419H         LINE#         694
  C:5419H         LINE#         695
  C:5427H         LINE#         696
  C:5427H         LINE#         697
  C:5427H         LINE#         698
  C:5427H         LINE#         699
  C:544EH         LINE#         700
  C:548CH         LINE#         701
  C:548CH         LINE#         703
  C:5492H         LINE#         704
  C:54ACH         LINE#         705
  C:54B9H         LINE#         706
  C:54CAH         LINE#         707
  C:54D1H         LINE#         708
  C:54DBH         LINE#         709
  C:54E9H         LINE#         711
  C:5503H         LINE#         712
  C:5510H         LINE#         713
  C:5521H         LINE#         714
  C:5528H         LINE#         715
  C:5532H         LINE#         716
  C:5540H         LINE#         717
  C:5545H         LINE#         718
  C:554EH         LINE#         719
  C:5551H         LINE#         720
  C:5557H         LINE#         722
  -------         ENDPROC       _FUNC_MENU_UPDATE
  -------         PROC          _TEST_SET_DISPLAY
  D:0007H         SYMBOL        test_mode
  C:63D5H         LINE#         781
BL51 BANKED LINKER/LOCATER V6.22                                                      05/12/2016  17:23:55  PAGE 26


  C:63D5H         LINE#         782
  C:63D5H         LINE#         783
  C:63E9H         LINE#         784
  C:63E9H         LINE#         785
  C:63E9H         LINE#         786
  C:63EFH         LINE#         787
  C:63F1H         LINE#         788
  C:63F1H         LINE#         789
  C:63F7H         LINE#         790
  C:63F9H         LINE#         791
  C:63F9H         LINE#         792
  C:63FFH         LINE#         793
  C:6401H         LINE#         794
  C:6401H         LINE#         795
  C:6407H         LINE#         796
  C:6409H         LINE#         797
  C:6409H         LINE#         798
  C:640FH         LINE#         799
  C:6411H         LINE#         800
  C:6411H         LINE#         801
  C:641CH         LINE#         802
  C:641CH         LINE#         803
  C:641CH         LINE#         804
  C:641CH         LINE#         805
  C:641CH         LINE#         806
  -------         ENDPROC       _TEST_SET_DISPLAY
  -------         PROC          LEDDISPLAY
  -------         DO            
  X:042FH         SYMBOL        TempCountB
  X:0430H         SYMBOL        TempDataB
  X:0431H         SYMBOL        TempValue
  X:0432H         SYMBOL        i
  D:0005H         SYMBOL        TempB
  X:000AH         SYMBOL        Bell_flag
  X:000BH         SYMBOL        zc_key_flag
  X:000CH         SYMBOL        UpdateCountB
  X:000EH         SYMBOL        TempCount
  X:0010H         SYMBOL        flash_flag
  X:0012H         SYMBOL        DisplayValueTemp
  X:0016H         SYMBOL        Key_Val
  X:0018H         SYMBOL        Pr_Key_Val
  X:001AH         SYMBOL        old_key
  X:001CH         SYMBOL        UpdateState
  X:001DH         SYMBOL        Read_key_dely
  X:001FH         SYMBOL        Read_key_dely_2
  X:0021H         SYMBOL        long_count
  X:0023H         SYMBOL        long_input_flag
  X:0025H         SYMBOL        Read_key_dely_3
  X:0027H         SYMBOL        No_key_delay
  X:0029H         SYMBOL        Main_adj_key_delay
  X:002BH         SYMBOL        Main_disp_other
  X:002DH         SYMBOL        edit_menu_id
  X:002FH         SYMBOL        bell_delay
  X:0031H         SYMBOL        long_key_count
  X:0033H         SYMBOL        long_key_step
  X:0035H         SYMBOL        pr_long_input_flag
  X:0037H         SYMBOL        war_bell_step
BL51 BANKED LINKER/LOCATER V6.22                                                      05/12/2016  17:23:55  PAGE 27


  X:0038H         SYMBOL        war_bell_delay
  X:003AH         SYMBOL        test_key_cnt
  X:0433H         SYMBOL        temp_max
  D:0006H         SYMBOL        iBellOnTime
  D:0006H         SYMBOL        iBellOffTime
  X:003BH         SYMBOL        dj_key_dely
  X:003DH         SYMBOL        dj_key_step
  X:0435H         SYMBOL        lcd_disp_buf
  X:0499H         SYMBOL        cMenuSn
  X:049AH         SYMBOL        iLen
  X:049CH         SYMBOL        iCount
  X:049EH         SYMBOL        iTatol
  X:04A0H         SYMBOL        pLCDDataValue
  X:04A3H         SYMBOL        cLcd_data_buf
  X:04A9H         SYMBOL        cLcd_len_data_buf
  X:04AFH         SYMBOL        cLcd_count_data_buf
  -------         DO            
  X:04B5H         SYMBOL        paperLen
  X:04B8H         SYMBOL        paperNum
  X:04BBH         SYMBOL        paperTatol
  -------         ENDDO         
  -------         DO            
  X:0000H         SYMBOL        errFlashFlag
  -------         ENDDO         
  -------         DO            
  X:0002H         SYMBOL        staFlashFlag
  -------         ENDDO         
  -------         DO            
  X:0004H         SYMBOL        icutFlashFlag
  -------         ENDDO         
  -------         DO            
  X:04B5H         SYMBOL        lcd_disp_buf
  X:0519H         SYMBOL        old_disp
  -------         DO            
  X:0006H         SYMBOL        flash
  X:0008H         SYMBOL        oldDataLen
  -------         ENDDO         
  -------         ENDDO         
  -------         ENDDO         
  C:0046H         LINE#         810
  C:0046H         LINE#         811
  C:0046H         LINE#         840
  C:0059H         LINE#         842
  C:0064H         LINE#         844
  C:009CH         LINE#         847
  C:00BAH         LINE#         848
  C:00DEH         LINE#         849
  C:0107H         LINE#         850
  C:0130H         LINE#         852
  C:015BH         LINE#         853
  C:0184H         LINE#         854
  C:01ADH         LINE#         855
  C:01D6H         LINE#         856
  C:01F3H         LINE#         857
  C:0212H         LINE#         858
  C:0233H         LINE#         859
  C:0255H         LINE#         860
BL51 BANKED LINKER/LOCATER V6.22                                                      05/12/2016  17:23:55  PAGE 28


  C:0275H         LINE#         862
  C:0296H         LINE#         863
  C:02B8H         LINE#         864
  C:02DBH         LINE#         866
  C:02EAH         LINE#         870
  C:0301H         LINE#         871
  C:0301H         LINE#         872
  C:0311H         LINE#         874
  C:031BH         LINE#         875
  C:031BH         LINE#         876
  C:0323H         LINE#         877
  C:032AH         LINE#         878
  C:032CH         LINE#         880
  C:032CH         LINE#         881
  C:0333H         LINE#         882
  C:0333H         LINE#         884
  C:0352H         LINE#         885
  C:0352H         LINE#         886
  C:035AH         LINE#         887
  C:0362H         LINE#         888
  C:0369H         LINE#         889
  C:036DH         LINE#         890
  C:0374H         LINE#         891
  C:0377H         LINE#         893
  C:0377H         LINE#         894
  C:0377H         LINE#         895
  C:0377H         LINE#         897
  C:037AH         LINE#         899
  C:037AH         LINE#         900
  C:0399H         LINE#         901
  C:0399H         LINE#         902
  C:03A0H         LINE#         903
  C:03A0H         LINE#         905
  C:03B8H         LINE#         906
  C:03B8H         LINE#         907
  C:03C7H         LINE#         910
  C:03DDH         LINE#         911
  C:03DDH         LINE#         912
  C:03E5H         LINE#         913
  C:03ECH         LINE#         914
  C:03ECH         LINE#         915
  C:03ECH         LINE#         917
  C:040BH         LINE#         918
  C:040BH         LINE#         919
  C:0413H         LINE#         922
  C:042BH         LINE#         923
  C:042BH         LINE#         924
  C:0439H         LINE#         927
  C:044AH         LINE#         928
  C:044AH         LINE#         929
  C:0452H         LINE#         930
  C:045AH         LINE#         931
  C:0461H         LINE#         932
  C:0469H         LINE#         933
  C:0472H         LINE#         934
  C:0472H         LINE#         935
  C:0472H         LINE#         936
BL51 BANKED LINKER/LOCATER V6.22                                                      05/12/2016  17:23:55  PAGE 29


  C:0474H         LINE#         938
  C:0474H         LINE#         939
  C:047BH         LINE#         941
  C:047BH         LINE#         942
  C:047BH         LINE#         944
  C:0485H         LINE#         945
  C:0485H         LINE#         946
  C:04A4H         LINE#         947
  C:04A4H         LINE#         948
  C:04B2H         LINE#         949
  C:04C4H         LINE#         950
  C:04C4H         LINE#         951
  C:04CBH         LINE#         952
  C:04CBH         LINE#         953
  C:04CFH         LINE#         954
  C:04D7H         LINE#         955
  C:04E0H         LINE#         956
  C:04E0H         LINE#         957
  C:04E0H         LINE#         959
  C:04EBH         LINE#         960
  C:04EBH         LINE#         961
  C:04F9H         LINE#         962
  C:04F9H         LINE#         963
  C:0503H         LINE#         964
  C:0505H         LINE#         966
  C:0505H         LINE#         967
  C:050CH         LINE#         968
  C:050CH         LINE#         969
  C:050CH         LINE#         974
  C:052EH         LINE#         976
  C:052EH         LINE#         977
  C:0541H         LINE#         978
  C:0541H         LINE#         979
  C:0553H         LINE#         980
  C:0555H         LINE#         982
  C:0555H         LINE#         983
  C:055BH         LINE#         985
  C:056AH         LINE#         986
  C:0570H         LINE#         987
  C:0570H         LINE#         989
  C:0570H         LINE#         992
  C:0588H         LINE#         993
  C:0588H         LINE#         994
  C:0588H         LINE#         995
  C:058BH         LINE#         996
  C:058BH         LINE#         997
  C:0594H         LINE#         998
  C:05A3H         LINE#         999
  C:05A3H         LINE#         1000
  C:05A5H         LINE#         1001
  C:05A5H         LINE#         1002
  C:05A8H         LINE#         1003
  C:05A8H         LINE#         1004
  C:05C6H         LINE#         1005
  C:05C6H         LINE#         1006
  C:05CFH         LINE#         1007
  C:05CFH         LINE#         1008
BL51 BANKED LINKER/LOCATER V6.22                                                      05/12/2016  17:23:55  PAGE 30


  C:05D1H         LINE#         1014
  C:05D1H         LINE#         1015
  C:05D4H         LINE#         1016
  C:05D4H         LINE#         1017
  C:05DAH         LINE#         1018
  C:05E4H         LINE#         1019
  C:05EAH         LINE#         1020
  C:05F1H         LINE#         1021
  C:05F1H         LINE#         1022
  C:05F1H         LINE#         1023
  C:05F1H         LINE#         1026
  C:0601H         LINE#         1027
  C:064DH         LINE#         1028
  C:064DH         LINE#         1029
  C:064DH         LINE#         1030
  C:064DH         LINE#         1031
  C:064DH         LINE#         1032
  C:065FH         LINE#         1033
  C:065FH         LINE#         1034
  C:0666H         LINE#         1035
  C:066CH         LINE#         1036
  C:066CH         LINE#         1037
  C:067BH         LINE#         1038
  C:067BH         LINE#         1039
  C:067EH         LINE#         1040
  C:067EH         LINE#         1041
  C:069DH         LINE#         1042
  C:069DH         LINE#         1043
  C:06A4H         LINE#         1044
  C:06AAH         LINE#         1045
  C:06ACH         LINE#         1046
  C:06C2H         LINE#         1047
  C:06C9H         LINE#         1048
  C:06D8H         LINE#         1049
  C:06D8H         LINE#         1050
  C:06DBH         LINE#         1051
  C:06DBH         LINE#         1052
  C:06E9H         LINE#         1053
  C:06ECH         LINE#         1054
  C:06ECH         LINE#         1055
  C:06FAH         LINE#         1056
  C:06FDH         LINE#         1057
  C:06FDH         LINE#         1060
  C:0709H         LINE#         1061
  C:0710H         LINE#         1063
  C:0719H         LINE#         1064
  C:071CH         LINE#         1065
  C:071CH         LINE#         1066
  C:072AH         LINE#         1067
  C:072DH         LINE#         1068
  C:072DH         LINE#         1069
  C:073BH         LINE#         1070
  C:073EH         LINE#         1071
  C:073EH         LINE#         1072
  C:074CH         LINE#         1073
  C:074EH         LINE#         1074
  C:074EH         LINE#         1075
BL51 BANKED LINKER/LOCATER V6.22                                                      05/12/2016  17:23:55  PAGE 31


  C:075CH         LINE#         1076
  C:075EH         LINE#         1077
  C:075EH         LINE#         1078
  C:076CH         LINE#         1079
  C:076EH         LINE#         1080
  C:076EH         LINE#         1081
  C:077CH         LINE#         1082
  C:077EH         LINE#         1083
  C:077EH         LINE#         1084
  C:078CH         LINE#         1085
  C:078EH         LINE#         1086
  C:078EH         LINE#         1087
  C:079AH         LINE#         1088
  C:079AH         LINE#         1089
  C:079CH         LINE#         1090
  C:079CH         LINE#         1091
  C:07A8H         LINE#         1092
  C:07AFH         LINE#         1093
  C:07B1H         LINE#         1094
  C:07B1H         LINE#         1095
  C:07BFH         LINE#         1096
  C:07BFH         LINE#         1097
  C:07BFH         LINE#         1099
  C:07BFH         LINE#         1100
  C:07BFH         LINE#         1101
  C:07FCH         LINE#         1102
  C:07FCH         LINE#         1103
  C:07FCH         LINE#         1104
  C:07FCH         LINE#         1105
  C:0828H         LINE#         1106
  C:0828H         LINE#         1107
  C:0828H         LINE#         1109
  C:082DH         LINE#         1112
  C:0837H         LINE#         1113
  C:0837H         LINE#         1114
  C:083DH         LINE#         1115
  C:083FH         LINE#         1116
  C:0841H         LINE#         1117
  C:0843H         LINE#         1118
  C:0845H         LINE#         1119
  C:084BH         LINE#         1121
  C:0856H         LINE#         1122
  C:0860H         LINE#         1125
  C:0860H         LINE#         1127
  C:0860H         LINE#         1128
  C:0867H         LINE#         1129
  C:0867H         LINE#         1130
  C:0869H         LINE#         1132
  C:086DH         LINE#         1133
  C:0871H         LINE#         1134
  C:0871H         LINE#         1136
  C:0878H         LINE#         1137
  C:0878H         LINE#         1140
  C:087BH         LINE#         1142
  C:087BH         LINE#         1144
  C:0880H         LINE#         1147
  C:0894H         LINE#         1148
BL51 BANKED LINKER/LOCATER V6.22                                                      05/12/2016  17:23:55  PAGE 32


  C:0894H         LINE#         1149
  C:08B4H         LINE#         1150
  C:08B4H         LINE#         1151
  C:08C6H         LINE#         1152
  C:08CCH         LINE#         1153
  C:08CFH         LINE#         1154
  C:08CFH         LINE#         1155
  C:08CFH         LINE#         1157
  C:08DAH         LINE#         1158
  C:08DAH         LINE#         1159
  C:08DFH         LINE#         1160
  C:08E0H         LINE#         1161
  C:08E0H         LINE#         1163
  C:08E2H         LINE#         1165
  C:08E2H         LINE#         1167
  C:08E7H         LINE#         1169
  C:08F6H         LINE#         1170
  C:08FDH         LINE#         1171
  C:0906H         LINE#         1172
  C:0906H         LINE#         1173
  C:090BH         LINE#         1174
  C:090FH         LINE#         1175
  C:090FH         LINE#         1194
  C:0912H         LINE#         1196
  C:0912H         LINE#         1198
  C:0917H         LINE#         1200
  C:0924H         LINE#         1201
  C:0924H         LINE#         1203
  C:0940H         LINE#         1204
  C:0945H         LINE#         1205
  C:0947H         LINE#         1206
  C:094AH         LINE#         1207
  C:094FH         LINE#         1208
  C:0954H         LINE#         1210
  C:095BH         LINE#         1211
  C:097CH         LINE#         1212
  C:0986H         LINE#         1213
  C:0988H         LINE#         1215
  C:0988H         LINE#         1217
  C:0988H         LINE#         1219
  C:0988H         LINE#         1221
  C:098DH         LINE#         1223
  C:099AH         LINE#         1224
  C:099AH         LINE#         1226
  C:09B6H         LINE#         1227
  C:09BBH         LINE#         1228
  C:09BEH         LINE#         1229
  C:09C0H         LINE#         1230
  C:09C4H         LINE#         1231
  C:09C8H         LINE#         1233
  C:09CFH         LINE#         1234
  C:09F0H         LINE#         1235
  C:09FAH         LINE#         1236
  C:0A04H         LINE#         1239
  C:0A04H         LINE#         1241
  C:0A04H         LINE#         1244
  C:0A04H         LINE#         1246
BL51 BANKED LINKER/LOCATER V6.22                                                      05/12/2016  17:23:55  PAGE 33


  C:0A0AH         LINE#         1247
  C:0A0AH         LINE#         1250
  C:0A14H         LINE#         1251
  C:0A14H         LINE#         1252
  C:0A1FH         LINE#         1253
  C:0A1FH         LINE#         1254
  C:0A22H         LINE#         1255
  C:0A22H         LINE#         1256
  C:0A24H         LINE#         1258
  C:0A24H         LINE#         1259
  C:0A29H         LINE#         1260
  C:0A29H         LINE#         1262
  C:0A38H         LINE#         1263
  C:0A3FH         LINE#         1264
  C:0A41H         LINE#         1266
  C:0A41H         LINE#         1267
  C:0A47H         LINE#         1270
  C:0A51H         LINE#         1271
  C:0A57H         LINE#         1273
  C:0A5EH         LINE#         1274
  C:0A62H         LINE#         1276
  C:0A66H         LINE#         1277
  C:0A6AH         LINE#         1279
  C:0A6AH         LINE#         1283
  C:0A6CH         LINE#         1285
  C:0A6CH         LINE#         1287
  C:0A72H         LINE#         1288
  C:0A72H         LINE#         1289
  C:0A77H         LINE#         1292
  C:0A80H         LINE#         1293
  C:0A86H         LINE#         1294
  C:0A86H         LINE#         1296
  C:0A86H         LINE#         1298
  C:0A86H         LINE#         1300
  C:0A93H         LINE#         1301
  C:0A93H         LINE#         1302
  C:0AA0H         LINE#         1303
  C:0AA8H         LINE#         1305
  C:0AB5H         LINE#         1306
  C:0AB5H         LINE#         1307
  C:0ABBH         LINE#         1308
  C:0ABBH         LINE#         1309
  C:0AC0H         LINE#         1310
  C:0AC0H         LINE#         1311
  C:0AC6H         LINE#         1312
  C:0ACEH         LINE#         1313
  C:0AD0H         LINE#         1315
  C:0AD0H         LINE#         1316
  C:0AD7H         LINE#         1317
  C:0AD7H         LINE#         1318
  C:0B04H         LINE#         1319
  C:0B04H         LINE#         1320
  C:0B04H         LINE#         1325
  C:0B04H         LINE#         1330
  C:0B07H         LINE#         1332
  C:0B07H         LINE#         1333
  C:0B0EH         LINE#         1334
BL51 BANKED LINKER/LOCATER V6.22                                                      05/12/2016  17:23:55  PAGE 34


  C:0B22H         LINE#         1335
  C:0B26H         LINE#         1336
  C:0B26H         LINE#         1337
  C:0B2EH         LINE#         1338
  C:0B2EH         LINE#         1339
  C:0B36H         LINE#         1344
  C:0B41H         LINE#         1346
  C:0B47H         LINE#         1348
  C:0B47H         LINE#         1349
  C:0B4AH         LINE#         1351
  C:0B4AH         LINE#         1353
  C:0B5DH         LINE#         1355
  C:0B5DH         LINE#         1357
  C:0B64H         LINE#         1358
  C:0B64H         LINE#         1359
  C:0B6AH         LINE#         1360
  C:0B72H         LINE#         1361
  C:0B74H         LINE#         1363
  C:0B74H         LINE#         1364
  C:0B7BH         LINE#         1365
  C:0B7BH         LINE#         1367
  C:0B89H         LINE#         1368
  C:0B8CH         LINE#         1373
  C:0B8FH         LINE#         1376
  C:0B91H         LINE#         1378
  C:0B91H         LINE#         1379
  C:0B9CH         LINE#         1381
  C:0BA2H         LINE#         1382
  C:0BA4H         LINE#         1384
  C:0BA7H         LINE#         1385
  C:0BAFH         LINE#         1390
  C:0BBAH         LINE#         1392
  C:0BBFH         LINE#         1393
  C:0BBFH         LINE#         1394
  C:0BBFH         LINE#         1396
  C:0BC8H         LINE#         1397
  C:0BE2H         LINE#         1398
  C:0BE2H         LINE#         1399
  C:0BE4H         LINE#         1400
  C:0BEAH         LINE#         1401
  C:0BF1H         LINE#         1402
  C:0BF1H         LINE#         1403
  C:0BF4H         LINE#         1404
  C:0C00H         LINE#         1405
  C:0C00H         LINE#         1406
  C:0C03H         LINE#         1408
  C:0C06H         LINE#         1413
  C:0C09H         LINE#         1414
  C:0C27H         LINE#         1415
  C:0C27H         LINE#         1416
  C:0C30H         LINE#         1417
  C:0C30H         LINE#         1418
  C:0C33H         LINE#         1419
  C:0C3FH         LINE#         1420
  C:0C3FH         LINE#         1421
  C:0C42H         LINE#         1423
  C:0C42H         LINE#         1424
BL51 BANKED LINKER/LOCATER V6.22                                                      05/12/2016  17:23:55  PAGE 35


  C:0C42H         LINE#         1429
  C:0C42H         LINE#         1430
  C:0C44H         LINE#         1431
  C:0C50H         LINE#         1432
  C:0C50H         LINE#         1433
  C:0C5AH         LINE#         1435
  C:0C60H         LINE#         1436
  C:0C62H         LINE#         1438
  C:0C68H         LINE#         1439
[...]
  X:05D6H         SYMBOL        ucSaveLearn2
  -------         ENDDO         
  C:3A0BH         LINE#         509
  C:3A0BH         LINE#         510
  C:3A0BH         LINE#         513
  C:3A14H         LINE#         519
BL51 BANKED LINKER/LOCATER V6.22                                                      05/12/2016  17:23:55  PAGE 62


  C:3A19H         LINE#         520
  C:3A36H         LINE#         521
  C:3A36H         LINE#         522
  C:3A49H         LINE#         523
  C:3A51H         LINE#         526
  C:3A5FH         LINE#         527
  C:3A5FH         LINE#         529
  C:3A67H         LINE#         531
  C:3A6AH         LINE#         534
  C:3A6AH         LINE#         538
  C:3AA7H         LINE#         539
  C:3AA7H         LINE#         541
  C:3AA7H         LINE#         549
  C:3AB5H         LINE#         551
  C:3ABAH         LINE#         552
  C:3ABAH         LINE#         554
  C:3AE7H         LINE#         555
  C:3AF1H         LINE#         557
  C:3AF6H         LINE#         559
  C:3AF6H         LINE#         561
  C:3AF9H         LINE#         564
  C:3AF9H         LINE#         566
  C:3B0AH         LINE#         567
  C:3B0AH         LINE#         569
  C:3B53H         LINE#         571
  C:3B53H         LINE#         572
  C:3B5CH         LINE#         573
  C:3B5CH         LINE#         574
  C:3B64H         LINE#         575
  C:3B6EH         LINE#         576
  C:3B6EH         LINE#         577
  C:3B72H         LINE#         578
  C:3B72H         LINE#         581
  C:3B86H         LINE#         584
  C:3B9AH         LINE#         589
  C:3BAEH         LINE#         595
  C:3C2CH         LINE#         597
  C:3C51H         LINE#         598
  C:3C51H         LINE#         599
  C:3C65H         LINE#         600
  C:3C84H         LINE#         601
  C:3CB9H         LINE#         602
  C:3CB9H         LINE#         603
  C:3CCBH         LINE#         604
  C:3CCEH         LINE#         605
  C:3CCEH         LINE#         607
  C:3CD1H         LINE#         608
  C:3CD1H         LINE#         630
  C:3CD1H         LINE#         632
  C:3CD4H         LINE#         635
  C:3CD4H         LINE#         638
  C:3CF5H         LINE#         639
  C:3CF5H         LINE#         642
  C:3D46H         LINE#         646
  C:3D71H         LINE#         647
  C:3D7AH         LINE#         651
  C:3D7FH         LINE#         653
BL51 BANKED LINKER/LOCATER V6.22                                                      05/12/2016  17:23:55  PAGE 63


  C:3D7FH         LINE#         655
  C:3D81H         LINE#         658
  C:3D81H         LINE#         665
  C:3D81H         LINE#         672
  C:3D81H         LINE#         679
  C:3D81H         LINE#         681
  C:3D81H         LINE#         683
  C:3D83H         LINE#         686
  C:3D83H         LINE#         694
  C:3D83H         LINE#         696
  C:3D88H         LINE#         698
  C:3D88H         LINE#         700
  C:3D8AH         LINE#         703
  C:3D8AH         LINE#         711
  C:3D8AH         LINE#         714
  C:3D93H         LINE#         716
  C:3D99H         LINE#         718
  C:3D99H         LINE#         720
  C:3D99H         LINE#         722
  C:3D99H         LINE#         723
  C:3D99H         LINE#         725
  -------         ENDPROC       REC_DATA_FUNC
  -------         PROC          SEND_DATA_FUNC
  -------         DO            
  D:0006H         SYMBOL        i
  X:042FH         SYMBOL        pcTemp
  X:0432H         SYMBOL        sum_byte
  -------         ENDDO         
  C:35E3H         LINE#         735
  C:35E3H         LINE#         736
  C:35E3H         LINE#         739
  C:35ECH         LINE#         745
  C:360AH         LINE#         746
  C:360AH         LINE#         747
  C:3610H         LINE#         748
  C:3610H         LINE#         749
  C:3617H         LINE#         750
  C:3617H         LINE#         751
  C:361AH         LINE#         752
  C:361AH         LINE#         753
  C:361AH         LINE#         755
  C:3629H         LINE#         756
  C:3629H         LINE#         761
  C:363FH         LINE#         762
  C:363FH         LINE#         764
  C:363FH         LINE#         766
  C:364AH         LINE#         767
  C:364AH         LINE#         772
  C:365BH         LINE#         773
  C:365BH         LINE#         774
  C:3665H         LINE#         775
  C:366DH         LINE#         777
  C:3676H         LINE#         778
  C:367DH         LINE#         779
  C:3684H         LINE#         780
  C:3689H         LINE#         781
  C:368DH         LINE#         782
BL51 BANKED LINKER/LOCATER V6.22                                                      05/12/2016  17:23:55  PAGE 64


  C:3694H         LINE#         783
  C:369BH         LINE#         784
  C:36A3H         LINE#         785
  C:36AAH         LINE#         801
  C:36B1H         LINE#         802
  C:36B8H         LINE#         803
  C:36BFH         LINE#         804
  C:36C6H         LINE#         805
  C:36CCH         LINE#         806
  C:36D3H         LINE#         807
  C:36DAH         LINE#         808
  C:36E0H         LINE#         809
  C:36E6H         LINE#         810
  C:36ECH         LINE#         811
  C:36F2H         LINE#         812
  C:36F8H         LINE#         836
  C:3702H         LINE#         838
  C:3708H         LINE#         839
  C:370FH         LINE#         841
  C:370FH         LINE#         843
  C:3715H         LINE#         845
  C:3719H         LINE#         847
  C:371FH         LINE#         849
  C:371FH         LINE#         852
  C:371FH         LINE#         853
  C:371FH         LINE#         859
  C:372CH         LINE#         860
  C:372CH         LINE#         862
  C:372CH         LINE#         863
  C:3733H         LINE#         864
  C:3733H         LINE#         865
  C:3736H         LINE#         866
  C:3736H         LINE#         869
  C:3736H         LINE#         870
  C:3736H         LINE#         876
  C:373CH         LINE#         877
  C:373CH         LINE#         878
  C:3743H         LINE#         879
  C:3743H         LINE#         880
  C:3746H         LINE#         881
  C:3746H         LINE#         882
  C:3746H         LINE#         888
  C:374CH         LINE#         889
  C:374CH         LINE#         890
  C:3753H         LINE#         891
  C:3753H         LINE#         892
  C:3756H         LINE#         893
  C:3756H         LINE#         894
  C:3756H         LINE#         898
  C:375CH         LINE#         899
  C:375CH         LINE#         900
  C:3763H         LINE#         901
  C:3763H         LINE#         902
  C:3766H         LINE#         903
  C:3766H         LINE#         904
  C:3766H         LINE#         911
  C:376CH         LINE#         912
BL51 BANKED LINKER/LOCATER V6.22                                                      05/12/2016  17:23:55  PAGE 65


  C:376CH         LINE#         913
  C:3773H         LINE#         914
  C:3773H         LINE#         915
  C:3776H         LINE#         916
  C:3776H         LINE#         917
  C:3776H         LINE#         922
  C:377CH         LINE#         923
  C:377CH         LINE#         924
  C:3783H         LINE#         925
  C:3783H         LINE#         926
  C:3786H         LINE#         927
  C:3786H         LINE#         928
  C:3786H         LINE#         934
  C:378CH         LINE#         935
  C:378CH         LINE#         936
  C:3793H         LINE#         937
  C:3793H         LINE#         938
  C:3796H         LINE#         939
  C:3796H         LINE#         940
  C:3796H         LINE#         945
  C:379CH         LINE#         946
  C:379CH         LINE#         947
  C:37A3H         LINE#         948
  C:37A3H         LINE#         949
  C:37A6H         LINE#         950
  C:37A6H         LINE#         951
  C:37A6H         LINE#         955
  C:37D7H         LINE#         956
  C:37D7H         LINE#         957
  C:37D7H         LINE#         958
  C:37E6H         LINE#         960
  C:37EBH         LINE#         961
  C:37EEH         LINE#         962
  C:37F1H         LINE#         963
  C:37F4H         LINE#         965
  C:37F8H         LINE#         967
  C:37FEH         LINE#         969
  C:37FFH         LINE#         972
  C:37FFH         LINE#         973
  C:380EH         LINE#         975
  C:3814H         LINE#         976
  C:3816H         LINE#         977
  C:3819H         LINE#         978
  C:381BH         LINE#         980
  C:381EH         LINE#         982
  C:3824H         LINE#         984
  C:3825H         LINE#         986
  C:3825H         LINE#         987
  C:3834H         LINE#         989
  C:383AH         LINE#         990
  C:383DH         LINE#         991
  C:3840H         LINE#         992
  C:3842H         LINE#         994
  C:3845H         LINE#         996
  C:384BH         LINE#         999
  C:384CH         LINE#         1003
  C:384CH         LINE#         1004
BL51 BANKED LINKER/LOCATER V6.22                                                      05/12/2016  17:23:55  PAGE 66


  C:385BH         LINE#         1006
  C:3861H         LINE#         1007
  C:3865H         LINE#         1009
  C:3873H         LINE#         1011
  C:387DH         LINE#         1013
  C:3880H         LINE#         1014
  C:3880H         LINE#         1015
  C:389FH         LINE#         1018
  C:38ADH         LINE#         1019
  C:38B8H         LINE#         1023
  C:38BFH         LINE#         1025
  C:38C2H         LINE#         1027
  C:38C8H         LINE#         1030
  C:38CDH         LINE#         1032
  C:38CEH         LINE#         1034
  C:38CEH         LINE#         1035
  C:38DDH         LINE#         1037
  C:38E3H         LINE#         1038
  C:38E7H         LINE#         1039
  C:38EFH         LINE#         1040
  C:38F1H         LINE#         1042
  C:38F4H         LINE#         1044
  C:38FAH         LINE#         1046
  C:38FFH         LINE#         1048
  C:3900H         LINE#         1050
  C:3900H         LINE#         1051
  C:390FH         LINE#         1053
  C:3915H         LINE#         1054
  C:3919H         LINE#         1055
  C:391CH         LINE#         1056
  C:391FH         LINE#         1058
  C:3922H         LINE#         1060
  C:3928H         LINE#         1062
  C:392DH         LINE#         1064
  C:392EH         LINE#         1066
  C:392EH         LINE#         1068
  C:393DH         LINE#         1070
  C:3943H         LINE#         1071
  C:3947H         LINE#         1072
  C:394FH         LINE#         1073
  C:3951H         LINE#         1075
  C:3954H         LINE#         1077
  C:395AH         LINE#         1079
  C:395FH         LINE#         1082
  C:3960H         LINE#         1084
  C:3960H         LINE#         1086
  C:396FH         LINE#         1088
  C:3975H         LINE#         1089
  C:3979H         LINE#         1090
  C:397CH         LINE#         1091
  C:397FH         LINE#         1093
  C:3982H         LINE#         1095
  C:3988H         LINE#         1097
  C:398DH         LINE#         1099
  C:398EH         LINE#         1101
  C:398EH         LINE#         1102
  C:399DH         LINE#         1104
BL51 BANKED LINKER/LOCATER V6.22                                                      05/12/2016  17:23:55  PAGE 67


  C:39A3H         LINE#         1105
  C:39A7H         LINE#         1106
  C:39AAH         LINE#         1107
  C:39ADH         LINE#         1109
  C:39B0H         LINE#         1111
  C:39B6H         LINE#         1113
  C:39BBH         LINE#         1115
  C:39BCH         LINE#         1117
  C:39BCH         LINE#         1118
  C:39CBH         LINE#         1120
  C:39D1H         LINE#         1121
  C:39D5H         LINE#         1122
  C:39E0H         LINE#         1123
  C:39E5H         LINE#         1124
  C:39EEH         LINE#         1125
  C:39FCH         LINE#         1128
  C:39FFH         LINE#         1130
  C:3A05H         LINE#         1132
  C:3A0AH         LINE#         1134
  C:3A0AH         LINE#         1136
  C:3A0AH         LINE#         1137
  C:3A0AH         LINE#         1138
  C:3A0AH         LINE#         1148
  -------         ENDPROC       SEND_DATA_FUNC
  -------         ENDMOD        UART

  -------         MODULE        ?C?COPY
  C:2FE9H         PUBLIC        ?C?COPY
  -------         ENDMOD        ?C?COPY

  -------         MODULE        ?C?CLDPTR
  C:300FH         PUBLIC        ?C?CLDPTR
  -------         ENDMOD        ?C?CLDPTR

  -------         MODULE        ?C?CLDOPTR
  C:3028H         PUBLIC        ?C?CLDOPTR
  -------         ENDMOD        ?C?CLDOPTR

  -------         MODULE        ?C?CSTPTR
  C:3055H         PUBLIC        ?C?CSTPTR
  -------         ENDMOD        ?C?CSTPTR

  -------         MODULE        ?C?CSTOPTR
  C:3067H         PUBLIC        ?C?CSTOPTR
  -------         ENDMOD        ?C?CSTOPTR

  -------         MODULE        ?C?IMUL
  C:3089H         PUBLIC        ?C?IMUL
  -------         ENDMOD        ?C?IMUL

  -------         MODULE        ?C?UIDIV
  C:309BH         PUBLIC        ?C?UIDIV
  -------         ENDMOD        ?C?UIDIV

  -------         MODULE        ?C?IILDX
  C:30F0H         PUBLIC        ?C?IILDX
  -------         ENDMOD        ?C?IILDX
BL51 BANKED LINKER/LOCATER V6.22                                                      05/12/2016  17:23:55  PAGE 68



  -------         MODULE        ?C?ILDIX
  C:3106H         PUBLIC        ?C?ILDIX
  -------         ENDMOD        ?C?ILDIX

  -------         MODULE        ?C?ILDPTR
  C:311CH         PUBLIC        ?C?ILDPTR
  -------         ENDMOD        ?C?ILDPTR

  -------         MODULE        ?C?ILDOPTR
  C:3147H         PUBLIC        ?C?ILDOPTR
  -------         ENDMOD        ?C?ILDOPTR

  -------         MODULE        ?C?ISTPTR
  C:317FH         PUBLIC        ?C?ISTPTR
  -------         ENDMOD        ?C?ISTPTR

  -------         MODULE        ?C?ISTOPTR
  C:319EH         PUBLIC        ?C?ISTOPTR
  -------         ENDMOD        ?C?ISTOPTR

  -------         MODULE        ?C?LMUL
  C:31CBH         PUBLIC        ?C?LMUL
  -------         ENDMOD        ?C?LMUL

  -------         MODULE        ?C?ULDIV
  C:3256H         PUBLIC        ?C?ULDIV
  -------         ENDMOD        ?C?ULDIV

  -------         MODULE        ?C?SLDIV
  C:64A5H         PUBLIC        ?C?SLDIV
  -------         ENDMOD        ?C?SLDIV

  -------         MODULE        ?C?LNEG
  C:32E8H         PUBLIC        ?C?LNEG
  -------         ENDMOD        ?C?LNEG

  -------         MODULE        ?C?SLCMP
  C:32F6H         PUBLIC        ?C?SLCMP
  -------         ENDMOD        ?C?SLCMP

  -------         MODULE        ?C?ULCMP
  C:330CH         PUBLIC        ?C?ULCMP
  -------         ENDMOD        ?C?ULCMP

  -------         MODULE        ?C?ULSHR
  C:331DH         PUBLIC        ?C?ULSHR
  -------         ENDMOD        ?C?ULSHR

  -------         MODULE        ?C?LSHL
  C:3330H         PUBLIC        ?C?LSHL
  -------         ENDMOD        ?C?LSHL

  -------         MODULE        ?C?LLDPTR
  C:3343H         PUBLIC        ?C?LLDPTR
  -------         ENDMOD        ?C?LLDPTR

BL51 BANKED LINKER/LOCATER V6.22                                                      05/12/2016  17:23:55  PAGE 69


  -------         MODULE        ?C?LLDOPTR
  C:3363H         PUBLIC        ?C?LLDOPTR
  -------         ENDMOD        ?C?LLDOPTR

  -------         MODULE        ?C?LSTPTR
  C:3393H         PUBLIC        ?C?LSTPTR
  -------         ENDMOD        ?C?LSTPTR

  -------         MODULE        ?C?LSTOPTR
  C:33ADH         PUBLIC        ?C?LSTOPTR
  -------         ENDMOD        ?C?LSTOPTR

  -------         MODULE        ?C?LSTXDATA
  C:33D1H         PUBLIC        ?C?LSTXDATA
  -------         ENDMOD        ?C?LSTXDATA

  -------         MODULE        ?C?LSTKXDATA
  C:33DDH         PUBLIC        ?C?LSTKXDATA
  -------         ENDMOD        ?C?LSTKXDATA

  -------         MODULE        ?C?LSTKOPTR
  C:340EH         PUBLIC        ?C?LSTKOPTR
  -------         ENDMOD        ?C?LSTKOPTR

  -------         MODULE        ?C?OFFX256
  C:3432H         PUBLIC        ?C?OFFX256
  -------         ENDMOD        ?C?OFFX256

  -------         MODULE        ?C?OFFXADD
  C:3443H         PUBLIC        ?C?OFFXADD
  -------         ENDMOD        ?C?OFFXADD

  -------         MODULE        ?C?PLDPTR
  C:344FH         PUBLIC        ?C?PLDPTR
  -------         ENDMOD        ?C?PLDPTR

  -------         MODULE        ?C?PLDOPTR
  C:346FH         PUBLIC        ?C?PLDOPTR
  -------         ENDMOD        ?C?PLDOPTR

  -------         MODULE        ?C?CCASE
  C:349FH         PUBLIC        ?C?CCASE
  -------         ENDMOD        ?C?CCASE

  -------         MODULE        ?C?ICASE
  C:34C5H         PUBLIC        ?C?ICASE
  -------         ENDMOD        ?C?ICASE

  -------         MODULE        PRINTF
  X:0530H         PUBLIC        ?_PRINTF517?BYTE
  X:0530H         PUBLIC        ?_PRINTF?BYTE
  X:0530H         PUBLIC        ?_SPRINTF517?BYTE
  X:0530H         PUBLIC        ?_SPRINTF?BYTE
  C:418EH         PUBLIC        _PRINTF
  C:418EH         PUBLIC        _PRINTF517
  C:4188H         PUBLIC        _SPRINTF
  C:4188H         PUBLIC        _SPRINTF517
BL51 BANKED LINKER/LOCATER V6.22                                                      05/12/2016  17:23:55  PAGE 70


  -------         ENDMOD        PRINTF

  -------         MODULE        STRLEN
  C:6677H         PUBLIC        _STRLEN
  -------         ENDMOD        STRLEN

  -------         MODULE        ?C?MEMSET
  C:34F2H         PUBLIC        ?C?MEMSET
  -------         ENDMOD        ?C?MEMSET

  -------         MODULE        ?C?LLDIDATA
  C:351EH         PUBLIC        ?C?LLDIDATA
  -------         ENDMOD        ?C?LLDIDATA

  -------         MODULE        ?C?LLDXDATA
  C:352AH         PUBLIC        ?C?LLDXDATA
  -------         ENDMOD        ?C?LLDXDATA

  -------         MODULE        ?C?LLDPDATA
  C:3536H         PUBLIC        ?C?LLDPDATA
  -------         ENDMOD        ?C?LLDPDATA

  -------         MODULE        ?C?LLDCODE
  C:3542H         PUBLIC        ?C?LLDCODE
  -------         ENDMOD        ?C?LLDCODE

  -------         MODULE        ?C?LSTIDATA
  C:3552H         PUBLIC        ?C?LSTIDATA
  -------         ENDMOD        ?C?LSTIDATA

  -------         MODULE        ?C?LSTPDATA
  C:355EH         PUBLIC        ?C?LSTPDATA
  -------         ENDMOD        ?C?LSTPDATA

  -------         MODULE        ?C?LSTKIDATA
  C:356AH         PUBLIC        ?C?LSTKIDATA
  -------         ENDMOD        ?C?LSTKIDATA

  -------         MODULE        ?C?LSTKPDATA
  C:3583H         PUBLIC        ?C?LSTKPDATA
  -------         ENDMOD        ?C?LSTKPDATA

  -------         MODULE        ?C?PLDIDATA
  C:359CH         PUBLIC        ?C?PLDIDATA
  -------         ENDMOD        ?C?PLDIDATA

  -------         MODULE        ?C?PLDXDATA
  C:35A5H         PUBLIC        ?C?PLDXDATA
  -------         ENDMOD        ?C?PLDXDATA

  -------         MODULE        ?C?PLDIXDATA
  C:35AEH         PUBLIC        ?C?PLDIXDATA
  -------         ENDMOD        ?C?PLDIXDATA

  -------         MODULE        ?C?PSTXDATA
  C:35C5H         PUBLIC        ?C?PSTXDATA
  -------         ENDMOD        ?C?PSTXDATA
BL51 BANKED LINKER/LOCATER V6.22                                                      05/12/2016  17:23:55  PAGE 71



  -------         MODULE        ?C?PLDPDATA
  C:35CEH         PUBLIC        ?C?PLDPDATA
  -------         ENDMOD        ?C?PLDPDATA

  -------         MODULE        ?C?PLDCODE
  C:35D7H         PUBLIC        ?C?PLDCODE
  -------         ENDMOD        ?C?PLDCODE

  -------         MODULE        PUTCHAR
  C:65B4H         PUBLIC        _PUTCHAR
  -------         ENDMOD        PUTCHAR

*** WARNING L16: UNCALLED SEGMENT, IGNORED FOR OVERLAY PROCESS
    SEGMENT: ?PR?TM1637_WRITE?I2C

*** WARNING L16: UNCALLED SEGMENT, IGNORED FOR OVERLAY PROCESS
    SEGMENT: ?PR?_TEXTOUT?LED_DISPLAY

Program Size: data=23.3 xdata=1629 code=26353
LINK/LOCATE RUN COMPLETE.  2 WARNING(S),  0 ERROR(S)
