BL51 BANKED LINKER/LOCATER V6.22                                                        05/18/2016  15:28:04  PAGE 1


BL51 BANKED LINKER/LOCATER V6.22, INVOKED BY:
C:\KEIL\C51\BIN\BL51.EXE .\out\STARTUP.obj, .\out\main.obj, .\out\I2c.obj, .\out\LED_Display.obj, .\out\eeprom.obj, .\ou
>> t\save_cnt.obj, .\out\uart.obj TO .\out\SZ_01_LED PRINT (.\lst\SZ_01_LED.m51) RAMSIZE (256)


MEMORY MODEL: LARGE


INPUT MODULES INCLUDED:
  .\out\STARTUP.obj (?C_STARTUP)
  .\out\main.obj (MAIN)
  .\out\I2c.obj (I2C)
  .\out\LED_Display.obj (LED_DISPLAY)
  .\out\eeprom.obj (EEPROM)
  .\out\save_cnt.obj (SAVE_CNT)
  .\out\uart.obj (UART)
  C:\KEIL\C51\LIB\C51L.LIB (?C_INIT)
  C:\KEIL\C51\LIB\C51L.LIB (?C?COPY)
  C:\KEIL\C51\LIB\C51L.LIB (?C?CLDPTR)
  C:\KEIL\C51\LIB\C51L.LIB (?C?CLDOPTR)
  C:\KEIL\C51\LIB\C51L.LIB (?C?CSTPTR)
  C:\KEIL\C51\LIB\C51L.LIB (?C?CSTOPTR)
  C:\KEIL\C51\LIB\C51L.LIB (?C?IMUL)
  C:\KEIL\C51\LIB\C51L.LIB (?C?UIDIV)
  C:\KEIL\C51\LIB\C51L.LIB (?C?IILDX)
  C:\KEIL\C51\LIB\C51L.LIB (?C?ILDIX)
  C:\KEIL\C51\LIB\C51L.LIB (?C?ILDPTR)
  C:\KEIL\C51\LIB\C51L.LIB (?C?ILDOPTR)
  C:\KEIL\C51\LIB\C51L.LIB (?C?ISTPTR)
  C:\KEIL\C51\LIB\C51L.LIB (?C?ISTOPTR)
  C:\KEIL\C51\LIB\C51L.LIB (?C?LMUL)
  C:\KEIL\C51\LIB\C51L.LIB (?C?ULDIV)
  C:\KEIL\C51\LIB\C51L.LIB (?C?SLDIV)
  C:\KEIL\C51\LIB\C51L.LIB (?C?LNEG)
  C:\KEIL\C51\LIB\C51L.LIB (?C?SLCMP)
  C:\KEIL\C51\LIB\C51L.LIB (?C?ULCMP)
  C:\KEIL\C51\LIB\C51L.LIB (?C?ULSHR)
  C:\KEIL\C51\LIB\C51L.LIB (?C?LSHL)
  C:\KEIL\C51\LIB\C51L.LIB (?C?LLDPTR)
  C:\KEIL\C51\LIB\C51L.LIB (?C?LLDOPTR)
  C:\KEIL\C51\LIB\C51L.LIB (?C?LSTPTR)
  C:\KEIL\C51\LIB\C51L.LIB (?C?LSTOPTR)
  C:\KEIL\C51\LIB\C51L.LIB (?C?LSTXDATA)
  C:\KEIL\C51\LIB\C51L.LIB (?C?LSTKXDATA)
  C:\KEIL\C51\LIB\C51L.LIB (?C?LSTKOPTR)
  C:\KEIL\C51\LIB\C51L.LIB (?C?OFFX256)
  C:\KEIL\C51\LIB\C51L.LIB (?C?OFFXADD)
  C:\KEIL\C51\LIB\C51L.LIB (?C?PLDPTR)
  C:\KEIL\C51\LIB\C51L.LIB (?C?PLDOPTR)
  C:\KEIL\C51\LIB\C51L.LIB (?C?CCASE)
  C:\KEIL\C51\LIB\C51L.LIB (?C?ICASE)
  C:\KEIL\C51\LIB\C51L.LIB (PRINTF)
  C:\KEIL\C51\LIB\C51L.LIB (STRLEN)
  C:\KEIL\C51\LIB\C51L.LIB (?C?MEMSET)
  C:\KEIL\C51\LIB\C51L.LIB (?C?LLDIDATA)
  C:\KEIL\C51\LIB\C51L.LIB (?C?LLDXDATA)
  C:\KEIL\C51\LIB\C51L.LIB (?C?LLDPDATA)
  C:\KEIL\C51\LIB\C51L.LIB (?C?LLDCODE)
BL51 BANKED LINKER/LOCATER V6.22                                                      05/18/2016  15:28:04  PAGE 2


  C:\KEIL\C51\LIB\C51L.LIB (?C?LSTIDATA)
  C:\KEIL\C51\LIB\C51L.LIB (?C?LSTPDATA)
  C:\KEIL\C51\LIB\C51L.LIB (?C?LSTKIDATA)
  C:\KEIL\C51\LIB\C51L.LIB (?C?LSTKPDATA)
  C:\KEIL\C51\LIB\C51L.LIB (?C?PLDIDATA)
  C:\KEIL\C51\LIB\C51L.LIB (?C?PLDXDATA)
  C:\KEIL\C51\LIB\C51L.LIB (?C?PLDIXDATA)
  C:\KEIL\C51\LIB\C51L.LIB (?C?PSTXDATA)
  C:\KEIL\C51\LIB\C51L.LIB (?C?PLDPDATA)
  C:\KEIL\C51\LIB\C51L.LIB (?C?PLDCODE)
  C:\KEIL\C51\LIB\C51L.LIB (PUTCHAR)


LINK MAP OF MODULE:  .\out\SZ_01_LED (?C_STARTUP)


            TYPE    BASE      LENGTH    RELOCATION   SEGMENT NAME
            -----------------------------------------------------

            * * * * * * *   D A T A   M E M O R Y   * * * * * * *
            REG     0000H     0008H     ABSOLUTE     "REG BANK 0"
            REG     0008H     0008H     ABSOLUTE     "REG BANK 1"
            DATA    0010H     0005H     UNIT         _DATA_GROUP_
                    0015H     000BH                  *** GAP ***
            BIT     0020H.0   0001H.1   UNIT         _BIT_GROUP_
            BIT     0021H.1   0000H.2   UNIT         ?BI?UART
                    0021H.3   0000H.5                *** GAP ***
            IDATA   0022H     0001H     UNIT         ?STACK

            * * * * * * *  X D A T A   M E M O R Y  * * * * * * *
            XDATA   0000H     0433H     UNIT         ?XD?LED_DISPLAY
            XDATA   0433H     013AH     UNIT         _XDATA_GROUP_
            XDATA   056DH     0079H     UNIT         ?XD?MAIN
            XDATA   05E6H     0078H     UNIT         ?XD?UART
            XDATA   065EH     000AH     UNIT         ?XD?I2C
            XDATA   0668H     0003H     UNIT         ?XD?_I2C_SEND_BYTE?I2C
            XDATA   066BH     0003H     UNIT         ?XD?_TEXTOUT?LED_DISPLAY
            XDATA   066EH     0001H     UNIT         ?XD?TM1637_WRITE?I2C

            * * * * * * *   C O D E   M E M O R Y   * * * * * * *
            CODE    0000H     0003H     ABSOLUTE     
            CODE    0003H     0005H     UNIT         ?PR?I2C_GPIO_IN?I2C
                    0008H     0003H                  *** GAP ***
            CODE    000BH     0003H     ABSOLUTE     
            CODE    000EH     0015H     UNIT         ?PR?UART2_INIT?UART
            CODE    0023H     0003H     ABSOLUTE     
            CODE    0026H     001DH     UNIT         ?PR?_IAPREADBYTE?EEPROM
            CODE    0043H     0003H     ABSOLUTE     
            CODE    0046H     2B8FH     UNIT         ?PR?LEDDISPLAY?LED_DISPLAY
            CODE    2BD5H     0A2BH     UNIT         ?CO?LED_DISPLAY
            CODE    3600H     06CAH     UNIT         ?C?LIB_CODE
            CODE    3CCAH     0428H     UNIT         ?PR?SEND_DATA_FUNC?UART
            CODE    40F2H     038FH     UNIT         ?PR?REC_DATA_FUNC?UART
            CODE    4481H     0389H     UNIT         ?PR?_LEDSHOWCAPTION?LED_DISPLAY
            CODE    480AH     0365H     UNIT         ?PR?PRINTF?PRINTF
            CODE    4B6FH     0304H     UNIT         ?PR?_READ_MENU_DATA?LED_DISPLAY
            CODE    4E73H     02D4H     UNIT         ?PR?_DATATOSTR?LED_DISPLAY
BL51 BANKED LINKER/LOCATER V6.22                                                      05/18/2016  15:28:04  PAGE 3


            CODE    5147H     028EH     UNIT         ?PR?READ_LOACK_COUNT?SAVE_CNT
            CODE    53D5H     025DH     UNIT         ?PR?JUDGE_KEY?MAIN
            CODE    5632H     0242H     UNIT         ?PR?_CHECKKEYCLICK?MAIN
            CODE    5874H     01E7H     UNIT         ?PR?INITLEDDISPLAY?LED_DISPLAY
            CODE    5A5BH     01E4H     UNIT         ?PR?_FUNC_MENU_UPDATE?LED_DISPLAY
            CODE    5C3FH     01DDH     UNIT         ?PR?IOCHECK?LED_DISPLAY
            CODE    5E1CH     01C6H     UNIT         ?C_INITSEG
            CODE    5FE2H     017BH     UNIT         ?PR?MENU_CFG?LED_DISPLAY
            CODE    615DH     015BH     UNIT         ?PR?_STRTODATA?LED_DISPLAY
            CODE    62B8H     0126H     UNIT         ?PR?SAVE_SYS_LOCK?SAVE_CNT
            CODE    63DEH     0107H     UNIT         ?PR?_MENUEDITLOOK?LED_DISPLAY
            CODE    64E5H     00F7H     UNIT         ?PR?READ_USER_COUNT?SAVE_CNT
            CODE    65DCH     00F2H     UNIT         ?PR?_LED_SHOWNUMBER?LED_DISPLAY
            CODE    66CEH     00D1H     UNIT         ?PR?MAIN?MAIN
            CODE    679FH     00BCH     UNIT         ?PR?READ_ID?LED_DISPLAY
            CODE    685BH     0090H     UNIT         ?PR?SAVE_USER_COUNT?SAVE_CNT
            CODE    68EBH     008CH     UNIT         ?C_C51STARTUP
            CODE    6977H     0079H     UNIT         ?PR?TM1637_WRITE?I2C
            CODE    69F0H     0079H     UNIT         ?PR?_LEDSHOWFLASHSTRING?LED_DISPLAY
            CODE    6A69H     006EH     UNIT         ?PR?_SEND_UARTBUF?UART
            CODE    6AD7H     0065H     UNIT         ?PR?_DELAY_US?I2C
            CODE    6B3CH     0065H     UNIT         ?PR?UPDATE_MENU_TO_COM?LED_DISPLAY
            CODE    6BA1H     0059H     UNIT         ?PR?_IAPPROGRAMBYTE?EEPROM
            CODE    6BFAH     0050H     UNIT         ?PR?_CLEARLCDSCREEN?LED_DISPLAY
            CODE    6C4AH     004FH     UNIT         ?PR?_IAPERASESECTOR?EEPROM
            CODE    6C99H     0049H     UNIT         ?PR?UARTRECISR?UART
            CODE    6CE2H     0048H     UNIT         ?PR?_TEST_SET_DISPLAY?LED_DISPLAY
            CODE    6D2AH     0044H     UNIT         ?PR?_I2C_SEND_BYTE?I2C
            CODE    6D6EH     0044H     UNIT         ?PR?_LEDCLEARCHAR?LED_DISPLAY
            CODE    6DB2H     0044H     UNIT         ?C?LDIV
            CODE    6DF6H     003DH     UNIT         ?PR?_GPUSEND?UART
            CODE    6E33H     0036H     UNIT         ?PR?KEY_DETECT?MAIN
            CODE    6E69H     002CH     UNIT         ?PR?TM0_ISR?MAIN
            CODE    6E95H     002CH     UNIT         ?PR?CHECK_UART_REC?UART
            CODE    6EC1H     0027H     UNIT         ?PR?PUTCHAR?PUTCHAR
            CODE    6EE8H     0026H     UNIT         ?PR?START_KEY_DETECT?MAIN
            CODE    6F0EH     001BH     UNIT         ?PR?SYS_INIT?MAIN
            CODE    6F29H     0018H     UNIT         ?PR?UART_INIT?UART
            CODE    6F41H     0017H     UNIT         ?PR?UART2RECISR?UART
            CODE    6F58H     0016H     UNIT         ?PR?GLOBALINIT?MAIN
            CODE    6F6EH     0016H     UNIT         ?PR?I2C_STOP?I2C
            CODE    6F84H     0015H     UNIT         ?PR?_STRLEN?STRLEN
            CODE    6F99H     0013H     UNIT         ?PR?TIMER0INIT?MAIN
            CODE    6FACH     0010H     UNIT         ?PR?I2C_START?I2C
            CODE    6FBCH     000FH     UNIT         ?PR?I2C_ACK?I2C
            CODE    6FCBH     000DH     UNIT         ?PR?IAPIDLE?EEPROM
            CODE    6FD8H     000CH     UNIT         ?PR?_TEXTOUT?LED_DISPLAY
            CODE    6FE4H     0009H     UNIT         ?PR?_SENDDATA?UART
            CODE    6FEDH     0009H     UNIT         ?PR?_UASRT2SENDDATA?UART
            CODE    6FF6H     0005H     UNIT         ?PR?I2C_GPIO_OUT?I2C



OVERLAY MAP OF MODULE:   .\out\SZ_01_LED (?C_STARTUP)


SEGMENT                                        BIT_GROUP          DATA_GROUP          XDATA_GROUP
BL51 BANKED LINKER/LOCATER V6.22                                                      05/18/2016  15:28:04  PAGE 4


  +--> CALLED SEGMENT                       START    LENGTH     START    LENGTH     START    LENGTH
---------------------------------------------------------------------------------------------------
?C_C51STARTUP                               -----    -----      -----    -----      -----    -----
  +--> ?PR?MAIN?MAIN
  +--> ?C_INITSEG

?PR?MAIN?MAIN                               -----    -----      -----    -----      0433H    0004H
  +--> ?PR?SYS_INIT?MAIN
  +--> ?PR?GLOBALINIT?MAIN
  +--> ?PR?INITLEDDISPLAY?LED_DISPLAY
  +--> ?PR?START_KEY_DETECT?MAIN
  +--> ?PR?LEDDISPLAY?LED_DISPLAY
  +--> ?PR?REC_DATA_FUNC?UART
  +--> ?PR?SEND_DATA_FUNC?UART
  +--> ?PR?JUDGE_KEY?MAIN

?PR?SYS_INIT?MAIN                           -----    -----      -----    -----      -----    -----
  +--> ?PR?TIMER0INIT?MAIN
  +--> ?PR?UART_INIT?UART
  +--> ?PR?UART2_INIT?UART

?PR?INITLEDDISPLAY?LED_DISPLAY              -----    -----      -----    -----      0437H    0001H
  +--> ?CO?LED_DISPLAY
  +--> ?PR?_LEDSHOWFLASHSTRING?LED_DISPLAY
  +--> ?PR?_READ_MENU_DATA?LED_DISPLAY
  +--> ?PR?UPDATE_MENU_TO_COM?LED_DISPLAY
  +--> ?PR?MENU_CFG?LED_DISPLAY
  +--> ?PR?READ_ID?LED_DISPLAY
  +--> ?PR?READ_LOACK_COUNT?SAVE_CNT
  +--> ?PR?READ_USER_COUNT?SAVE_CNT

?PR?_LEDSHOWFLASHSTRING?LED_DISPLAY         -----    -----      -----    -----      0520H    0004H
  +--> ?CO?LED_DISPLAY

?PR?_READ_MENU_DATA?LED_DISPLAY             -----    -----      -----    -----      0438H    0009H
  +--> ?CO?LED_DISPLAY
  +--> ?PR?_IAPREADBYTE?EEPROM

?PR?_IAPREADBYTE?EEPROM                     -----    -----      -----    -----      -----    -----
  +--> ?PR?IAPIDLE?EEPROM

?PR?READ_ID?LED_DISPLAY                     -----    -----      -----    -----      0438H    0009H
  +--> ?PR?_IAPREADBYTE?EEPROM

?PR?READ_LOACK_COUNT?SAVE_CNT               -----    -----      -----    -----      0438H    0030H
  +--> ?PR?_IAPREADBYTE?EEPROM
  +--> ?PR?SAVE_SYS_LOCK?SAVE_CNT

?PR?SAVE_SYS_LOCK?SAVE_CNT                  -----    -----      -----    -----      0468H    000EH
  +--> ?PR?_IAPERASESECTOR?EEPROM
  +--> ?PR?_IAPPROGRAMBYTE?EEPROM

?PR?_IAPERASESECTOR?EEPROM                  -----    -----      -----    -----      -----    -----
  +--> ?PR?IAPIDLE?EEPROM

?PR?_IAPPROGRAMBYTE?EEPROM                  -----    -----      -----    -----      -----    -----
  +--> ?PR?IAPIDLE?EEPROM
BL51 BANKED LINKER/LOCATER V6.22                                                      05/18/2016  15:28:04  PAGE 5



?PR?READ_USER_COUNT?SAVE_CNT                -----    -----      -----    -----      0438H    0005H
  +--> ?PR?_IAPREADBYTE?EEPROM
  +--> ?PR?SAVE_USER_COUNT?SAVE_CNT

?PR?SAVE_USER_COUNT?SAVE_CNT                -----    -----      -----    -----      0520H    0010H
  +--> ?PR?_IAPERASESECTOR?EEPROM
  +--> ?PR?_IAPPROGRAMBYTE?EEPROM

?PR?LEDDISPLAY?LED_DISPLAY                  -----    -----      -----    -----      0437H    00E9H
  +--> ?CO?LED_DISPLAY
  +--> ?PR?_LEDSHOWFLASHSTRING?LED_DISPLAY
  +--> ?PR?SAVE_USER_COUNT?SAVE_CNT
  +--> ?PR?_DATATOSTR?LED_DISPLAY
  +--> ?PR?_LED_SHOWNUMBER?LED_DISPLAY
  +--> ?PR?_TEST_SET_DISPLAY?LED_DISPLAY
  +--> ?PR?_LEDSHOWCAPTION?LED_DISPLAY
  +--> ?PR?_STRTODATA?LED_DISPLAY
  +--> ?PR?_FUNC_MENU_UPDATE?LED_DISPLAY
  +--> ?PR?_LEDCLEARCHAR?LED_DISPLAY
  +--> ?PR?_CLEARLCDSCREEN?LED_DISPLAY
  +--> ?PR?_GPUSEND?UART
  +--> ?PR?_DELAY_US?I2C
  +--> ?PR?PRINTF?PRINTF
  +--> ?PR?_MENUEDITLOOK?LED_DISPLAY
  +--> ?PR?_STRLEN?STRLEN
  +--> ?PR?IOCHECK?LED_DISPLAY

?PR?_DATATOSTR?LED_DISPLAY                  -----    -----      -----    -----      0520H    0013H

?PR?_LED_SHOWNUMBER?LED_DISPLAY             -----    -----      -----    -----      0520H    0005H
  +--> ?CO?LED_DISPLAY

?PR?_TEST_SET_DISPLAY?LED_DISPLAY           -----    -----      -----    -----      -----    -----
  +--> ?CO?LED_DISPLAY
  +--> ?PR?_LEDSHOWFLASHSTRING?LED_DISPLAY

?PR?_LEDSHOWCAPTION?LED_DISPLAY             -----    -----      -----    -----      0520H    0004H
  +--> ?CO?LED_DISPLAY

?PR?_STRTODATA?LED_DISPLAY                  -----    -----      -----    -----      0520H    000FH

?PR?_FUNC_MENU_UPDATE?LED_DISPLAY           -----    -----      -----    -----      0520H    0008H
  +--> ?CO?LED_DISPLAY
  +--> ?PR?_IAPERASESECTOR?EEPROM
  +--> ?PR?_IAPPROGRAMBYTE?EEPROM
  +--> ?PR?_IAPREADBYTE?EEPROM
  +--> ?PR?UPDATE_MENU_TO_COM?LED_DISPLAY

?PR?_CLEARLCDSCREEN?LED_DISPLAY             -----    -----      -----    -----      0520H    0016H
  +--> ?PR?_DELAY_US?I2C
  +--> ?CO?LED_DISPLAY
  +--> ?PR?PRINTF?PRINTF
  +--> ?PR?_GPUSEND?UART

?PR?_DELAY_US?I2C                           -----    -----      -----    -----      0542H    0008H

BL51 BANKED LINKER/LOCATER V6.22                                                      05/18/2016  15:28:04  PAGE 6


?PR?PRINTF?PRINTF                           0020H.0  0001H.1    0010H    0005H      0542H    0028H
  +--> ?PR?PUTCHAR?PUTCHAR

?PR?_GPUSEND?UART                           -----    -----      -----    -----      0542H    0003H
  +--> ?PR?_UASRT2SENDDATA?UART

?PR?_MENUEDITLOOK?LED_DISPLAY               -----    -----      -----    -----      -----    -----
  +--> ?CO?LED_DISPLAY
  +--> ?PR?_GPUSEND?UART
  +--> ?PR?_DELAY_US?I2C

?PR?IOCHECK?LED_DISPLAY                     -----    -----      -----    -----      0520H    0022H
  +--> ?CO?LED_DISPLAY
  +--> ?PR?PRINTF?PRINTF
  +--> ?PR?_GPUSEND?UART
  +--> ?PR?_DELAY_US?I2C

?PR?REC_DATA_FUNC?UART                      -----    -----      -----    -----      0437H    0008H
  +--> ?PR?SAVE_USER_COUNT?SAVE_CNT
  +--> ?PR?SAVE_SYS_LOCK?SAVE_CNT
  +--> ?CO?LED_DISPLAY

?PR?SEND_DATA_FUNC?UART                     -----    -----      -----    -----      0437H    0004H
  +--> ?PR?_FUNC_MENU_UPDATE?LED_DISPLAY
  +--> ?PR?_SEND_UARTBUF?UART

?PR?_SEND_UARTBUF?UART                      -----    -----      -----    -----      043BH    0004H
  +--> ?PR?_SENDDATA?UART

?C_INITSEG                                  -----    -----      -----    -----      -----    -----
  +--> ?CO?LED_DISPLAY

*** NEW ROOT ***************************************************

?PR?TM0_ISR?MAIN                            -----    -----      -----    -----      -----    -----
  +--> ?PR?CHECK_UART_REC?UART
  +--> ?PR?KEY_DETECT?MAIN

?PR?KEY_DETECT?MAIN                         -----    -----      -----    -----      -----    -----
  +--> ?PR?_CHECKKEYCLICK?MAIN

?PR?_CHECKKEYCLICK?MAIN                     -----    -----      -----    -----      056AH    0003H



SYMBOL TABLE OF MODULE:  .\out\SZ_01_LED (?C_STARTUP)

  VALUE           TYPE          NAME
  ----------------------------------

  -------         MODULE        ?C_STARTUP
  C:68EBH         SEGMENT       ?C_C51STARTUP
  I:0022H         SEGMENT       ?STACK
  C:0000H         PUBLIC        ?C_STARTUP
  D:00E0H         SYMBOL        ACC
  D:00F0H         SYMBOL        B
  D:0083H         SYMBOL        DPH
BL51 BANKED LINKER/LOCATER V6.22                                                      05/18/2016  15:28:04  PAGE 7


  D:0082H         SYMBOL        DPL
  N:0000H         SYMBOL        IBPSTACK
  N:0100H         SYMBOL        IBPSTACKTOP
  N:0080H         SYMBOL        IDATALEN
  C:68EEH         SYMBOL        IDATALOOP
  N:0000H         SYMBOL        PBPSTACK
  N:0100H         SYMBOL        PBPSTACKTOP
  N:0000H         SYMBOL        PDATALEN
  N:0000H         SYMBOL        PDATASTART
  N:0000H         SYMBOL        PPAGE
  N:0000H         SYMBOL        PPAGEENABLE
  D:00A0H         SYMBOL        PPAGE_SFR
  D:0081H         SYMBOL        SP
  C:68EBH         SYMBOL        STARTUP1
  N:0000H         SYMBOL        XBPSTACK
  N:0000H         SYMBOL        XBPSTACKTOP
  N:0000H         SYMBOL        XDATALEN
  N:0000H         SYMBOL        XDATASTART
  C:0000H         LINE#         126
  C:68EBH         LINE#         133
  C:68EDH         LINE#         134
  C:68EEH         LINE#         135
  C:68EFH         LINE#         136
  C:68F1H         LINE#         185
  C:68F4H         LINE#         196
  -------         ENDMOD        ?C_STARTUP

  -------         MODULE        MAIN
  C:0000H         SYMBOL        _ICE_DUMMY_
  X:056DH         PUBLIC        t_FzFwKey
  D:0096H         PUBLIC        P2M0
  D:0080H         PUBLIC        P0
  D:0095H         PUBLIC        P2M1
  D:0090H         PUBLIC        P1
  D:00A0H         PUBLIC        P2
  D:00B0H         PUBLIC        P3
  D:00C8H         PUBLIC        P5
  B:00A8H.7       PUBLIC        EA
  X:057BH         PUBLIC        write_warning_flag
  X:057CH         PUBLIC        usLongDownFlag
  X:057EH         PUBLIC        t_PaperDownKey
  X:058CH         PUBLIC        t_RollKey
  X:059AH         PUBLIC        write_param_flag
  C:66CEH         PUBLIC        main
  X:059BH         PUBLIC        iInitCnt
  C:6E33H         PUBLIC        key_detect
  X:059DH         PUBLIC        write_speed_mode_flag
  X:059EH         PUBLIC        write_learn_mode_flag
  X:059FH         PUBLIC        cnt_read_param_range
  X:05A1H         PUBLIC        t_CutKey
  X:05AFH         PUBLIC        t_PaperBwKey
  D:0089H         PUBLIC        TMOD
  X:05BDH         PUBLIC        t_PaperFwKey
  C:6EE8H         PUBLIC        start_key_detect
  X:05CBH         PUBLIC        cnt_read_param
  C:53D5H         PUBLIC        judge_key
  X:05CDH         PUBLIC        write_clear_cnt_flag
BL51 BANKED LINKER/LOCATER V6.22                                                      05/18/2016  15:28:04  PAGE 8


  X:05CEH         PUBLIC        eeprom_en
  X:05CFH         PUBLIC        send_frame_type
  D:008EH         PUBLIC        AUXR
  C:6E69H         PUBLIC        tm0_isr
  B:00A8H.1       PUBLIC        ET0
  X:05D0H         PUBLIC        cnt_read_state
  C:6F99H         PUBLIC        Timer0Init
  X:05D2H         PUBLIC        already_read_param_range
  D:008CH         PUBLIC        TH0
  X:05D3H         PUBLIC        start_com_flag
  D:008AH         PUBLIC        TL0
  B:0088H.4       PUBLIC        TR0
  X:05D4H         PUBLIC        write_key_flag
  X:05D5H         PUBLIC        write_test_mode_flag
  X:05D6H         PUBLIC        already_read_param
  X:05D7H         PUBLIC        main_borad_finish_clear
  C:6F58H         PUBLIC        GlobalInit
  C:5632H         PUBLIC        _CheckKeyClick
  C:6F0EH         PUBLIC        sys_init
  X:05D8H         PUBLIC        t_FzBwKey
  -------         PROC          TIMER0INIT
  C:6F99H         LINE#         175
  C:6F99H         LINE#         176
  C:6F99H         LINE#         177
  C:6F9CH         LINE#         180
  C:6F9FH         LINE#         181
  C:6FA2H         LINE#         182
  C:6FA5H         LINE#         183
  C:6FA7H         LINE#         184
  C:6FA9H         LINE#         185
  C:6FABH         LINE#         186
  -------         ENDPROC       TIMER0INIT
  -------         PROC          SYS_INIT
  C:6F0EH         LINE#         188
  C:6F0EH         LINE#         189
  C:6F0EH         LINE#         190
  C:6F11H         LINE#         191
  C:6F14H         LINE#         193
  C:6F17H         LINE#         194
  C:6F1AH         LINE#         195
  C:6F1DH         LINE#         196
  C:6F20H         LINE#         198
  C:6F23H         LINE#         199
  C:6F26H         LINE#         202
  -------         ENDPROC       SYS_INIT
  -------         PROC          GLOBALINIT
  C:6F58H         LINE#         208
  C:6F58H         LINE#         209
  C:6F58H         LINE#         210
  C:6F67H         LINE#         212
  C:6F6DH         LINE#         213
  -------         ENDPROC       GLOBALINIT
  -------         PROC          _CHECKKEYCLICK
  X:056AH         SYMBOL        p
  C:5632H         LINE#         221
  C:563DH         LINE#         222
  C:563DH         LINE#         223
BL51 BANKED LINKER/LOCATER V6.22                                                      05/18/2016  15:28:04  PAGE 9


  C:5672H         LINE#         224
  C:5672H         LINE#         225
  C:5672H         LINE#         227
  C:567BH         LINE#         228
  C:568FH         LINE#         229
  C:568FH         LINE#         230
  C:56A4H         LINE#         231
  C:56AEH         LINE#         232
  C:56AEH         LINE#         234
  C:56AFH         LINE#         236
  C:56AFH         LINE#         238
  C:56CBH         LINE#         239
  C:56CBH         LINE#         240
  C:56E4H         LINE#         241
  C:56F9H         LINE#         242
  C:56F9H         LINE#         245
  C:5704H         LINE#         246
  C:5704H         LINE#         247
  C:5707H         LINE#         249
  C:5707H         LINE#         250
  C:571CH         LINE#         251
  C:5722H         LINE#         252
  C:5722H         LINE#         254
  C:5725H         LINE#         256
  C:5725H         LINE#         258
  C:5749H         LINE#         260
  C:575AH         LINE#         261
  C:575AH         LINE#         262
  C:576FH         LINE#         263
  C:5779H         LINE#         264
  C:5779H         LINE#         266
  C:579AH         LINE#         267
  C:579AH         LINE#         268
  C:57ACH         LINE#         271
  C:57ACH         LINE#         273
  C:57AFH         LINE#         275
  C:57AFH         LINE#         277
  C:57D3H         LINE#         279
  C:57E4H         LINE#         280
  C:57E4H         LINE#         281
  C:5808H         LINE#         282
  C:581AH         LINE#         283
  C:581AH         LINE#         285
  C:5834H         LINE#         286
  C:5834H         LINE#         287
  C:5837H         LINE#         288
  C:5839H         LINE#         290
  C:5839H         LINE#         291
  C:5840H         LINE#         292
  C:5840H         LINE#         294
  C:584AH         LINE#         295
  C:5852H         LINE#         296
  C:5852H         LINE#         297
  C:5854H         LINE#         299
  C:5854H         LINE#         300
  C:5869H         LINE#         301
  C:5873H         LINE#         302
BL51 BANKED LINKER/LOCATER V6.22                                                      05/18/2016  15:28:04  PAGE 10


  C:5873H         LINE#         304
  C:5873H         LINE#         306
  C:5873H         LINE#         308
  -------         ENDPROC       _CHECKKEYCLICK
  -------         PROC          KEY_DETECT
  C:6E33H         LINE#         386
  C:6E33H         LINE#         387
  C:6E33H         LINE#         388
  C:6E3CH         LINE#         389
  C:6E45H         LINE#         391
  C:6E4EH         LINE#         392
  C:6E57H         LINE#         393
  C:6E60H         LINE#         394
  -------         ENDPROC       KEY_DETECT
  -------         PROC          START_KEY_DETECT
  C:6EE8H         LINE#         397
  C:6EE8H         LINE#         398
  C:6EE8H         LINE#         399
  C:6EEFH         LINE#         400
  C:6EF5H         LINE#         402
  C:6EFBH         LINE#         403
  C:6F01H         LINE#         404
  C:6F07H         LINE#         405
  C:6F0DH         LINE#         406
  -------         ENDPROC       START_KEY_DETECT
  -------         PROC          JUDGE_KEY
  C:53D5H         LINE#         408
  C:53D5H         LINE#         409
  C:53D5H         LINE#         411
  C:53E0H         LINE#         412
  C:53E0H         LINE#         413
  C:53EAH         LINE#         415
  C:53F0H         LINE#         416
  C:53F0H         LINE#         417
  C:53F5H         LINE#         419
  C:53FFH         LINE#         420
  C:53FFH         LINE#         421
  C:5406H         LINE#         423
  C:540AH         LINE#         424
  C:540AH         LINE#         425
  C:540CH         LINE#         426
  C:541BH         LINE#         427
  C:541BH         LINE#         428
  C:541DH         LINE#         430
  C:541DH         LINE#         431
  C:541DH         LINE#         433
  C:541DH         LINE#         435
  C:541DH         LINE#         436
  C:541FH         LINE#         438
  C:541FH         LINE#         439
  C:5422H         LINE#         441
  C:5429H         LINE#         442
  C:542FH         LINE#         444
  C:5435H         LINE#         446
  C:543AH         LINE#         447
  C:543AH         LINE#         448
  C:543AH         LINE#         451
BL51 BANKED LINKER/LOCATER V6.22                                                      05/18/2016  15:28:04  PAGE 11


  C:5445H         LINE#         452
  C:5445H         LINE#         453
  C:544FH         LINE#         455
  C:5455H         LINE#         456
  C:5455H         LINE#         457
  C:545AH         LINE#         459
  C:5464H         LINE#         460
  C:5464H         LINE#         461
  C:546BH         LINE#         463
  C:546FH         LINE#         464
  C:546FH         LINE#         465
  C:5471H         LINE#         466
  C:5480H         LINE#         467
  C:5480H         LINE#         468
  C:5482H         LINE#         470
  C:5482H         LINE#         471
  C:5482H         LINE#         473
  C:5482H         LINE#         475
  C:5482H         LINE#         476
  C:5484H         LINE#         478
  C:5484H         LINE#         479
  C:5487H         LINE#         481
  C:548EH         LINE#         482
  C:5494H         LINE#         484
  C:549AH         LINE#         486
  C:549FH         LINE#         487
  C:549FH         LINE#         488
  C:549FH         LINE#         493
  C:54AAH         LINE#         494
  C:54AAH         LINE#         495
  C:54B4H         LINE#         497
  C:54BAH         LINE#         498
  C:54BAH         LINE#         499
  C:54BFH         LINE#         501
  C:54C9H         LINE#         502
  C:54C9H         LINE#         503
  C:54D0H         LINE#         505
  C:54D4H         LINE#         506
  C:54D4H         LINE#         507
  C:54D6H         LINE#         508
  C:54E5H         LINE#         509
  C:54E5H         LINE#         510
  C:54E7H         LINE#         512
  C:54E7H         LINE#         513
  C:54E7H         LINE#         515
  C:54E7H         LINE#         517
  C:54E7H         LINE#         518
  C:54E9H         LINE#         520
  C:54E9H         LINE#         521
  C:54ECH         LINE#         523
  C:54F3H         LINE#         524
  C:54F9H         LINE#         526
  C:54FFH         LINE#         528
  C:5504H         LINE#         529
  C:5504H         LINE#         530
  C:5504H         LINE#         533
  C:550FH         LINE#         534
BL51 BANKED LINKER/LOCATER V6.22                                                      05/18/2016  15:28:04  PAGE 12


  C:550FH         LINE#         535
  C:5519H         LINE#         537
  C:551FH         LINE#         538
  C:551FH         LINE#         539
  C:5524H         LINE#         541
  C:552EH         LINE#         542
  C:552EH         LINE#         543
  C:5535H         LINE#         545
  C:5539H         LINE#         546
  C:5539H         LINE#         547
  C:553BH         LINE#         548
  C:554AH         LINE#         549
  C:554AH         LINE#         550
  C:554CH         LINE#         552
  C:554CH         LINE#         553
  C:554CH         LINE#         555
  C:554CH         LINE#         557
  C:554CH         LINE#         558
  C:554EH         LINE#         560
  C:554EH         LINE#         561
  C:5551H         LINE#         563
  C:5558H         LINE#         564
  C:555EH         LINE#         566
  C:5564H         LINE#         568
  C:5569H         LINE#         569
  C:5569H         LINE#         570
  C:5569H         LINE#         615
  C:5574H         LINE#         616
  C:5574H         LINE#         617
  C:557EH         LINE#         619
  C:5584H         LINE#         620
  C:5584H         LINE#         621
  C:5589H         LINE#         623
  C:5593H         LINE#         624
  C:5593H         LINE#         625
  C:559AH         LINE#         627
  C:559EH         LINE#         628
  C:559EH         LINE#         629
  C:55A0H         LINE#         630
  C:55AFH         LINE#         631
  C:55AFH         LINE#         632
  C:55B1H         LINE#         634
  C:55B1H         LINE#         635
  C:55B1H         LINE#         637
  C:55B1H         LINE#         639
  C:55B1H         LINE#         640
  C:55B3H         LINE#         642
  C:55B3H         LINE#         643
  C:55B6H         LINE#         645
  C:55BDH         LINE#         646
  C:55C3H         LINE#         648
  C:55C9H         LINE#         650
  C:55CEH         LINE#         651
  C:55CEH         LINE#         652
  C:55CEH         LINE#         655
  C:55D9H         LINE#         656
  C:55D9H         LINE#         657
BL51 BANKED LINKER/LOCATER V6.22                                                      05/18/2016  15:28:04  PAGE 13


  C:55E2H         LINE#         659
  C:55E8H         LINE#         660
  C:55E8H         LINE#         661
  C:55EDH         LINE#         663
  C:55F7H         LINE#         664
  C:55F7H         LINE#         665
  C:55FEH         LINE#         667
  C:5602H         LINE#         668
  C:5602H         LINE#         669
  C:5603H         LINE#         670
  C:5612H         LINE#         671
  C:5612H         LINE#         672
  C:5614H         LINE#         674
  C:5614H         LINE#         675
  C:5614H         LINE#         677
  C:5614H         LINE#         679
  C:5614H         LINE#         680
  C:5616H         LINE#         682
  C:5616H         LINE#         683
  C:5619H         LINE#         685
  C:5620H         LINE#         686
  C:5626H         LINE#         688
  C:562CH         LINE#         690
  C:5631H         LINE#         691
  C:5631H         LINE#         692
  C:5631H         LINE#         694
  -------         ENDPROC       JUDGE_KEY
  -------         PROC          TM0_ISR
  C:6E69H         LINE#         702
  C:6E76H         LINE#         704
  C:6E84H         LINE#         706
  C:6E87H         LINE#         708
  C:6E8AH         LINE#         710
  -------         ENDPROC       TM0_ISR
  -------         PROC          MAIN
  -------         DO            
  X:0433H         SYMBOL        i
  -------         ENDDO         
  C:66CEH         LINE#         714
  C:66CEH         LINE#         715
  C:66CEH         LINE#         716
  C:66D3H         LINE#         719
  C:66D6H         LINE#         722
  C:66D9H         LINE#         724
  C:66DCH         LINE#         726
  C:66EBH         LINE#         730
  C:66EBH         LINE#         732
  C:6710H         LINE#         733
  C:6710H         LINE#         734
  C:6711H         LINE#         735
  C:6738H         LINE#         736
  C:6738H         LINE#         738
  C:6738H         LINE#         739
  C:6738H         LINE#         740
  C:673EH         LINE#         741
  C:673EH         LINE#         742
  C:675CH         LINE#         744
BL51 BANKED LINKER/LOCATER V6.22                                                      05/18/2016  15:28:04  PAGE 14


  C:675CH         LINE#         745
  C:6769H         LINE#         746
  C:6771H         LINE#         749
  C:6774H         LINE#         751
  C:677AH         LINE#         752
  C:677AH         LINE#         753
  C:677AH         LINE#         755
  C:6781H         LINE#         756
  C:6781H         LINE#         757
  C:6784H         LINE#         759
  C:678BH         LINE#         760
  C:678BH         LINE#         761
  C:678EH         LINE#         763
  C:6794H         LINE#         764
  C:6797H         LINE#         765
  C:6797H         LINE#         768
  C:679AH         LINE#         770
  C:679DH         LINE#         772
  C:679DH         LINE#         774
  -------         ENDPROC       MAIN
  -------         ENDMOD        MAIN

  -------         MODULE        I2C
  C:0000H         SYMBOL        _ICE_DUMMY_
  D:0090H         PUBLIC        P1
  B:0090H.0       PUBLIC        P10
  B:0090H.1       PUBLIC        P11
  B:0090H.4       PUBLIC        P14
  B:0090H.5       PUBLIC        P15
  C:6D2AH         PUBLIC        _I2c_Send_Byte
  C:6FBCH         PUBLIC        I2c_Ack
  C:6FACH         PUBLIC        I2c_Start
  X:065EH         PUBLIC        disp_buf
  C:6977H         PUBLIC        TM1637_Write
  C:6F6EH         PUBLIC        I2c_Stop
  C:0003H         PUBLIC        I2c_Gpio_In
  C:6FF6H         PUBLIC        I2c_Gpio_Out
  C:6AE3H         PUBLIC        _DELAY_US
  C:6AD7H         SYMBOL        L?0021
  C:6ADBH         SYMBOL        L?0022
  -------         PROC          L?0020
  -------         ENDPROC       L?0020
  C:6AD7H         SYMBOL        L?0021
  C:6ADBH         SYMBOL        L?0022
  -------         PROC          _DELAY_US
  X:0542H         SYMBOL        us_val
  -------         DO            
  X:0546H         SYMBOL        i
  -------         ENDDO         
  C:6AE3H         LINE#         40
  C:6AE9H         LINE#         41
  C:6AE9H         LINE#         43
  C:6B13H         LINE#         44
  C:6B13H         LINE#         45
  C:6B14H         LINE#         46
  C:6B3BH         LINE#         47
  -------         ENDPROC       _DELAY_US
BL51 BANKED LINKER/LOCATER V6.22                                                      05/18/2016  15:28:04  PAGE 15


  -------         PROC          I2C_START
  C:6FACH         LINE#         49
  C:6FACH         LINE#         50
  C:6FACH         LINE#         52
  C:6FAEH         LINE#         53
  C:6FB0H         LINE#         54
  C:6FB2H         LINE#         55
  C:6FB4H         LINE#         56
  C:6FB7H         LINE#         57
  C:6FB9H         LINE#         58
  C:6FBBH         LINE#         59
  -------         ENDPROC       I2C_START
  -------         PROC          I2C_STOP
  C:6F6EH         LINE#         61
  C:6F6EH         LINE#         62
  C:6F6EH         LINE#         73
  C:6F6EH         LINE#         74
  C:6F6EH         LINE#         75
  C:6F71H         LINE#         76
  C:6F73H         LINE#         77
  C:6F75H         LINE#         78
  C:6F78H         LINE#         79
  C:6F7AH         LINE#         80
  C:6F7CH         LINE#         81
  C:6F7FH         LINE#         82
  C:6F81H         LINE#         83
  C:6F83H         LINE#         84
  -------         ENDPROC       I2C_STOP
  -------         PROC          I2C_ACK
  C:6FBCH         LINE#         87
  C:6FBCH         LINE#         88
  C:6FBCH         LINE#         98
  C:6FBCH         LINE#         99
  C:6FBCH         LINE#         100
  C:6FBFH         LINE#         102
  C:6FC1H         LINE#         103
  C:6FC3H         LINE#         104
  C:6FC6H         LINE#         105
  C:6FC8H         LINE#         106
  C:6FCAH         LINE#         108
  -------         ENDPROC       I2C_ACK
  -------         PROC          _I2C_SEND_BYTE
  X:0668H         SYMBOL        oneByte
  -------         DO            
  X:066AH         SYMBOL        i
  -------         ENDDO         
  C:6D2AH         LINE#         111
  C:6D32H         LINE#         112
  C:6D32H         LINE#         114
  C:6D35H         LINE#         115
  C:6D35H         LINE#         116
  C:6D38H         LINE#         117
  C:6D38H         LINE#         118
  C:6D38H         LINE#         119
  C:6D3BH         LINE#         120
  C:6D42H         LINE#         121
  C:6D42H         LINE#         122
BL51 BANKED LINKER/LOCATER V6.22                                                      05/18/2016  15:28:04  PAGE 16


  C:6D44H         LINE#         123
  C:6D46H         LINE#         124
  C:6D48H         LINE#         126
  C:6D48H         LINE#         127
  C:6D4AH         LINE#         128
  C:6D4CH         LINE#         129
  C:6D4CH         LINE#         130
  C:6D4FH         LINE#         131
  C:6D5AH         LINE#         132
  C:6D5CH         LINE#         133
  C:6D5EH         LINE#         134
  C:6D61H         LINE#         135
  C:6D6DH         LINE#         136
  -------         ENDPROC       _I2C_SEND_BYTE
  -------         PROC          TM1637_WRITE
  -------         DO            
  X:066EH         SYMBOL        i
  -------         ENDDO         
  C:6977H         LINE#         139
  C:6977H         LINE#         140
  C:6977H         LINE#         142
  C:697AH         LINE#         144
  C:697DH         LINE#         145
  C:6984H         LINE#         146
  C:6987H         LINE#         147
  C:698AH         LINE#         148
  C:698DH         LINE#         149
  C:6990H         LINE#         150
  C:6993H         LINE#         151
  C:699AH         LINE#         152
  C:699DH         LINE#         153
  C:69A0H         LINE#         154
  C:69A3H         LINE#         155
  C:69B2H         LINE#         156
  C:69B2H         LINE#         157
  C:69C6H         LINE#         158
  C:69C9H         LINE#         159
  C:69CCH         LINE#         160
  C:69CFH         LINE#         161
  C:69D7H         LINE#         162
  C:69DAH         LINE#         163
  C:69DDH         LINE#         164
  C:69E4H         LINE#         165
  C:69E7H         LINE#         166
  C:69EAH         LINE#         167
  C:69EDH         LINE#         168
  -------         ENDPROC       TM1637_WRITE
  -------         PROC          I2C_GPIO_IN
  C:0003H         LINE#         215
  C:0003H         LINE#         216
  C:0003H         LINE#         217
  C:0005H         LINE#         218
  C:0007H         LINE#         219
  -------         ENDPROC       I2C_GPIO_IN
  -------         PROC          I2C_GPIO_OUT
  C:6FF6H         LINE#         222
  C:6FF6H         LINE#         223
BL51 BANKED LINKER/LOCATER V6.22                                                      05/18/2016  15:28:04  PAGE 17


  C:6FF6H         LINE#         224
  C:6FF8H         LINE#         225
  C:6FFAH         LINE#         226
  -------         ENDPROC       I2C_GPIO_OUT
  -------         ENDMOD        I2C

  -------         MODULE        LED_DISPLAY
  C:0000H         SYMBOL        _ICE_DUMMY_
  X:003FH         PUBLIC        DisplayMenuID
  D:0090H         PUBLIC        P1
  X:0040H         SYMBOL        pItem
  D:00A0H         PUBLIC        P2
  D:00B0H         PUBLIC        P3
  X:0043H         PUBLIC        qz_wait
  D:00C8H         PUBLIC        P5
  C:6B3CH         PUBLIC        update_menu_to_com
  X:0044H         SYMBOL        pMenu
  X:0047H         SYMBOL        Menu00000
  X:0057H         SYMBOL        Menu10101
  X:0147H         SYMBOL        Menu20101
  X:014FH         SYMBOL        Menu10102
  X:01BFH         SYMBOL        Menu10103
  X:022FH         SYMBOL        Menu10104
  X:0267H         PUBLIC        unKey
  X:0269H         SYMBOL        MenuTotals
  X:026AH         PUBLIC        Menu0_Number
  C:3455H         PUBLIC        MainItem
  X:026BH         PUBLIC        gcKeyType
  X:026CH         PUBLIC        LCDChildDisplayState
  X:026EH         PUBLIC        speed_mode
  X:026FH         SYMBOL        DisplayItemNum
  C:347FH         SYMBOL        LED_ASCII
  X:0270H         SYMBOL        DataType
  C:6BFDH         PUBLIC        _ClearLCDScreen
  X:0271H         PUBLIC        g_pcStatus
  X:0274H         PUBLIC        DIS_ERR_FLGA
  X:0275H         PUBLIC        public_val
  C:33ECH         PUBLIC        MenuItem
  X:0385H         SYMBOL        TempInputData
  X:0389H         PUBLIC        gsKeyVal
  X:038BH         SYMBOL        DisplayBitNum
  C:5A5BH         PUBLIC        _func_menu_update
  X:038CH         SYMBOL        l_stop_poll
  X:038DH         SYMBOL        InputDataLen
  C:0046H         PUBLIC        LEDDisplay
  B:00A0H.0       PUBLIC        P20
  C:4B6FH         PUBLIC        _read_menu_data
  B:00A0H.1       PUBLIC        P21
  B:0090H.2       PUBLIC        P12
  X:038EH         PUBLIC        LCDDisplayState
  B:00A0H.2       PUBLIC        P22
  B:0090H.3       PUBLIC        P13
  B:00B0H.2       PUBLIC        P32
  B:00A0H.3       PUBLIC        P23
  B:0090H.4       PUBLIC        P14
  B:00B0H.3       PUBLIC        P33
  B:00A0H.4       PUBLIC        P24
BL51 BANKED LINKER/LOCATER V6.22                                                      05/18/2016  15:28:04  PAGE 18


  B:00A0H.5       PUBLIC        P25
  B:0090H.6       PUBLIC        P16
  B:00B0H.5       PUBLIC        P35
  B:00A0H.6       PUBLIC        P26
  B:0090H.7       PUBLIC        P17
  C:63DEH         PUBLIC        _MenuEditLook
  B:00C8H.4       PUBLIC        P54
  B:00A0H.7       PUBLIC        P27
  B:00C8H.5       PUBLIC        P55
  C:6D6EH         PUBLIC        _LEDClearChar
  C:34FFH         SYMBOL        _?ix1000
  C:3563H         SYMBOL        _?ix1001
  C:3569H         SYMBOL        _?ix1002
  X:0390H         PUBLIC        g_iErrUIChange
  C:356FH         SYMBOL        _?ix1003
  C:3575H         SYMBOL        _?ix1004
  C:65E9H         PUBLIC        _LED_ShowNumber
  C:357EH         SYMBOL        _?ix1005
  C:5874H         PUBLIC        InitLEDDisplay
  C:35E2H         SYMBOL        _?ix1006
  C:5FE2H         PUBLIC        menu_cfg
  X:0392H         PUBLIC        g_key_val_2
  X:0394H         PUBLIC        test_mode
  C:6CE2H         PUBLIC        _test_set_display
  C:679FH         PUBLIC        read_id
  C:4481H         PUBLIC        _LEDShowCaption
  X:0395H         PUBLIC        main_menu_cfg
  X:039DH         SYMBOL        CycShowCount
  X:039EH         PUBLIC        g_iFlashOldTime
  X:03A0H         SYMBOL        PasswordBuff
  X:03A5H         PUBLIC        DisplayState
  X:03A7H         PUBLIC        g_iInterfaceChangOldTime
  X:03A9H         SYMBOL        DisplayBuff
  C:6FD8H         PUBLIC        _TextOut
  X:03B3H         PUBLIC        g_iErrStatus
  X:03B5H         PUBLIC        Menu_Number
  X:03BBH         PUBLIC        cPauseBell
  C:69F4H         PUBLIC        _LEDShowFlashString
  X:03BCH         PUBLIC        uart_send_buf
  X:0420H         SYMBOL        DisplayMainTotal
  X:0421H         PUBLIC        now_menu
  X:0429H         SYMBOL        pDataValue
  X:042CH         SYMBOL        DisplayMainID
  X:042DH         SYMBOL        pMain
  C:5C3FH         PUBLIC        IOCheck
  X:0430H         SYMBOL        DisplayMenuTotal
  C:615DH         SYMBOL        _StrToData
  C:4EA4H         SYMBOL        _DataToStr
  X:0431H         PUBLIC        g_rubbing_st
  -------         PROC          L?0853
  -------         ENDPROC       L?0853
  -------         PROC          _LEDSHOWFLASHSTRING
  X:0520H         SYMBOL        buff
  X:0523H         SYMBOL        x
  C:69F4H         LINE#         244
  C:6A02H         LINE#         245
  C:6A02H         LINE#         247
BL51 BANKED LINKER/LOCATER V6.22                                                      05/18/2016  15:28:04  PAGE 19


  C:6A02H         LINE#         248
  C:6A4DH         LINE#         249
  C:6A68H         LINE#         250
  -------         ENDPROC       _LEDSHOWFLASHSTRING
  -------         PROC          _LEDSHOWCAPTION
  D:0007H         SYMBOL        num
  -------         DO            
  X:0520H         SYMBOL        buff
  X:0523H         SYMBOL        x
  -------         ENDDO         
  C:4481H         LINE#         252
  C:4481H         LINE#         253
  C:4481H         LINE#         254
  C:4486H         LINE#         255
  C:4506H         LINE#         256
  C:4506H         LINE#         257
  C:4506H         LINE#         258
  C:4514H         LINE#         259
  C:4517H         LINE#         260
  C:4517H         LINE#         261
  C:4525H         LINE#         262
  C:4528H         LINE#         263
  C:4528H         LINE#         264
  C:4536H         LINE#         265
  C:4539H         LINE#         266
  C:4539H         LINE#         267
  C:4547H         LINE#         268
  C:454AH         LINE#         269
  C:454AH         LINE#         270
  C:4558H         LINE#         271
  C:455BH         LINE#         272
  C:455BH         LINE#         273
  C:4569H         LINE#         274
  C:456CH         LINE#         275
  C:456CH         LINE#         276
  C:457AH         LINE#         277
  C:457DH         LINE#         278
  C:457DH         LINE#         279
  C:458BH         LINE#         280
  C:458EH         LINE#         281
  C:458EH         LINE#         282
  C:459CH         LINE#         283
  C:459FH         LINE#         284
  C:459FH         LINE#         285
  C:45ADH         LINE#         286
  C:45B0H         LINE#         287
  C:45B0H         LINE#         288
  C:45BEH         LINE#         289
  C:45C1H         LINE#         290
  C:45C1H         LINE#         291
  C:45CFH         LINE#         292
  C:45D2H         LINE#         293
  C:45D2H         LINE#         294
  C:45E0H         LINE#         295
  C:45E3H         LINE#         296
  C:45E3H         LINE#         297
  C:45F1H         LINE#         298
BL51 BANKED LINKER/LOCATER V6.22                                                      05/18/2016  15:28:04  PAGE 20


  C:45F4H         LINE#         299
  C:45F4H         LINE#         300
  C:4602H         LINE#         301
  C:4605H         LINE#         302
  C:4605H         LINE#         303
  C:4613H         LINE#         304
  C:4616H         LINE#         305
  C:4616H         LINE#         306
  C:4624H         LINE#         307
  C:4627H         LINE#         308
  C:4627H         LINE#         309
  C:4635H         LINE#         310
  C:4638H         LINE#         311
  C:4638H         LINE#         312
  C:4646H         LINE#         313
  C:4649H         LINE#         314
  C:4649H         LINE#         315
  C:4657H         LINE#         316
  C:465AH         LINE#         317
  C:465AH         LINE#         318
  C:4668H         LINE#         319
  C:466BH         LINE#         320
  C:466BH         LINE#         321
  C:4679H         LINE#         322
  C:467CH         LINE#         323
  C:467CH         LINE#         324
  C:468AH         LINE#         325
  C:468DH         LINE#         326
  C:468DH         LINE#         327
  C:469BH         LINE#         328
  C:469EH         LINE#         329
  C:469EH         LINE#         330
  C:46ACH         LINE#         331
  C:46AFH         LINE#         332
  C:46AFH         LINE#         333
  C:46BDH         LINE#         334
  C:46C0H         LINE#         335
  C:46C0H         LINE#         336
  C:46CEH         LINE#         337
  C:46D1H         LINE#         338
  C:46D1H         LINE#         339
  C:46DFH         LINE#         340
  C:46E2H         LINE#         341
  C:46E2H         LINE#         342
  C:46F0H         LINE#         343
  C:46F3H         LINE#         344
  C:46F3H         LINE#         345
  C:4701H         LINE#         346
  C:4704H         LINE#         347
  C:4704H         LINE#         348
  C:4712H         LINE#         349
  C:4715H         LINE#         350
  C:4715H         LINE#         351
  C:4723H         LINE#         352
  C:4725H         LINE#         353
  C:4725H         LINE#         354
  C:4733H         LINE#         355
BL51 BANKED LINKER/LOCATER V6.22                                                      05/18/2016  15:28:04  PAGE 21


  C:4735H         LINE#         356
  C:4735H         LINE#         357
  C:4743H         LINE#         358
  C:4745H         LINE#         359
  C:4745H         LINE#         360
  C:4753H         LINE#         361
  C:4755H         LINE#         362
  C:4755H         LINE#         363
  C:4763H         LINE#         364
  C:4765H         LINE#         365
  C:4765H         LINE#         366
  C:4773H         LINE#         367
  C:4775H         LINE#         368
  C:4775H         LINE#         369
  C:4783H         LINE#         370
  C:4785H         LINE#         371
  C:4785H         LINE#         372
  C:4793H         LINE#         373
  C:4795H         LINE#         374
  C:4795H         LINE#         375
  C:47A3H         LINE#         376
  C:47A3H         LINE#         377
  C:47A3H         LINE#         379
  C:47A3H         LINE#         380
  C:47EEH         LINE#         381
  C:4809H         LINE#         382
  -------         ENDPROC       _LEDSHOWCAPTION
  -------         PROC          _LEDCLEARCHAR
  D:0004H         SYMBOL        x
  D:0001H         SYMBOL        n
  -------         DO            
  D:0005H         SYMBOL        i
  -------         ENDDO         
  C:6D6EH         LINE#         422
  C:6D72H         LINE#         423
  C:6D72H         LINE#         425
  C:6D99H         LINE#         426
  C:6D99H         LINE#         427
  C:6DAEH         LINE#         428
  C:6DB1H         LINE#         429
  -------         ENDPROC       _LEDCLEARCHAR
  C:65DCH         SYMBOL        L?0852
  -------         PROC          L?0851
  -------         ENDPROC       L?0851
  C:65DCH         SYMBOL        L?0852
  -------         PROC          _LED_SHOWNUMBER
  X:0520H         SYMBOL        buff
  X:0523H         SYMBOL        x
  -------         DO            
  X:0524H         SYMBOL        TempFlag
  -------         ENDDO         
  C:65E9H         LINE#         438
  C:65F7H         LINE#         439
  C:65F7H         LINE#         440
  C:65FAH         LINE#         442
  C:65FAH         LINE#         443
  C:6615H         LINE#         444
BL51 BANKED LINKER/LOCATER V6.22                                                      05/18/2016  15:28:04  PAGE 22


  C:6615H         LINE#         445
  C:6660H         LINE#         447
  C:6662H         LINE#         449
  C:6662H         LINE#         450
  C:66AFH         LINE#         452
  C:66B5H         LINE#         453
  C:66BFH         LINE#         454
  C:66BFH         LINE#         455
  C:66CDH         LINE#         457
  -------         ENDPROC       _LED_SHOWNUMBER
  -------         PROC          MENU_CFG
  -------         DO            
  D:0005H         SYMBOL        i
  -------         ENDDO         
  C:5FE2H         LINE#         460
  C:5FE2H         LINE#         461
  C:5FE2H         LINE#         463
  C:5FE4H         LINE#         464
  C:5FE4H         LINE#         465
  C:601CH         LINE#         466
  C:6021H         LINE#         468
  C:6023H         LINE#         469
  C:6023H         LINE#         470
  C:605BH         LINE#         471
  C:6060H         LINE#         473
  C:6062H         LINE#         474
  C:6062H         LINE#         475
  C:609AH         LINE#         476
  C:609FH         LINE#         478
  C:60A1H         LINE#         479
  C:60A1H         LINE#         480
  C:60D9H         LINE#         481
  C:60DEH         LINE#         483
  C:60E0H         LINE#         484
  C:60E0H         LINE#         485
  C:6118H         LINE#         486
  C:611DH         LINE#         488
  C:611FH         LINE#         489
  C:611FH         LINE#         490
  C:6157H         LINE#         491
  C:615CH         LINE#         492
  -------         ENDPROC       MENU_CFG
  -------         PROC          _READ_MENU_DATA
  X:0438H         SYMBOL        menu_id
  -------         DO            
  X:0439H         SYMBOL        progbyte
  X:043CH         SYMBOL        read_byte
  X:043DH         SYMBOL        progadd
  X:043FH         SYMBOL        i
  -------         ENDDO         
  C:4B6FH         LINE#         502
  C:4B74H         LINE#         503
  C:4B74H         LINE#         509
  C:4B99H         LINE#         510
  C:4BAEH         LINE#         512
  C:4BF0H         LINE#         513
  C:4BF0H         LINE#         514
BL51 BANKED LINKER/LOCATER V6.22                                                      05/18/2016  15:28:04  PAGE 23


  C:4BF4H         LINE#         515
  C:4C3DH         LINE#         517
  C:4C8CH         LINE#         518
  C:4CD2H         LINE#         519
  C:4D04H         LINE#         520
  C:4D15H         LINE#         521
  C:4D2EH         LINE#         523
  C:4D45H         LINE#         524
  C:4D45H         LINE#         525
  C:4D45H         LINE#         526
  C:4D53H         LINE#         527
  C:4D55H         LINE#         528
  C:4D55H         LINE#         529
  C:4D63H         LINE#         530
  C:4D65H         LINE#         531
  C:4D65H         LINE#         532
  C:4D73H         LINE#         533
  C:4D75H         LINE#         534
  C:4D75H         LINE#         535
  C:4D83H         LINE#         536
  C:4D85H         LINE#         537
  C:4D85H         LINE#         538
  C:4D93H         LINE#         539
  C:4D95H         LINE#         540
  C:4D95H         LINE#         541
  C:4DA3H         LINE#         542
  C:4DA3H         LINE#         543
  C:4DA3H         LINE#         544
  C:4DCDH         LINE#         545
  C:4E0FH         LINE#         546
  C:4E0FH         LINE#         547
  C:4E2EH         LINE#         548
  C:4E38H         LINE#         549
  C:4E57H         LINE#         550
  C:4E61H         LINE#         551
  C:4E72H         LINE#         554
  -------         ENDPROC       _READ_MENU_DATA
  -------         PROC          UPDATE_MENU_TO_COM
  -------         DO            
  D:0005H         SYMBOL        TempB
  -------         ENDDO         
  C:6B3CH         LINE#         557
  C:6B3CH         LINE#         558
  C:6B3CH         LINE#         560
  C:6B3EH         LINE#         561
  C:6B3EH         LINE#         562
  C:6B69H         LINE#         563
  C:6B6EH         LINE#         565
  C:6B70H         LINE#         566
  C:6B70H         LINE#         567
  C:6B9BH         LINE#         568
  C:6BA0H         LINE#         569
  -------         ENDPROC       UPDATE_MENU_TO_COM
  -------         PROC          READ_ID
  -------         DO            
  X:0438H         SYMBOL        cptr
  D:0007H         SYMBOL        i
BL51 BANKED LINKER/LOCATER V6.22                                                      05/18/2016  15:28:04  PAGE 24


  X:043AH         SYMBOL        read_byte
  -------         ENDDO         
  C:679FH         LINE#         573
  C:679FH         LINE#         574
  C:679FH         LINE#         577
  C:67A9H         LINE#         578
  C:67ABH         LINE#         579
  C:67ABH         LINE#         580
  C:67CFH         LINE#         581
  C:67D4H         LINE#         582
  C:67E3H         LINE#         583
  C:67EEH         LINE#         584
  C:67FDH         LINE#         585
  C:680AH         LINE#         587
  C:6811H         LINE#         588
  C:6826H         LINE#         589
  C:6843H         LINE#         590
  C:6852H         LINE#         591
  C:685AH         LINE#         592
  -------         ENDPROC       READ_ID
  -------         PROC          INITLEDDISPLAY
  -------         DO            
  X:0437H         SYMBOL        TempB
  -------         ENDDO         
  C:5874H         LINE#         603
  C:5874H         LINE#         604
  C:5874H         LINE#         608
  C:5876H         LINE#         611
  C:587DH         LINE#         616
  C:5892H         LINE#         617
  C:58BCH         LINE#         618
  C:58BCH         LINE#         620
  C:58C4H         LINE#         621
  C:58C9H         LINE#         624
  C:58DFH         LINE#         625
  C:58F0H         LINE#         626
  C:5918H         LINE#         627
  C:5918H         LINE#         628
  C:591BH         LINE#         629
  C:5923H         LINE#         630
  C:592BH         LINE#         631
  C:592EH         LINE#         633
  C:5931H         LINE#         636
  C:5936H         LINE#         637
  C:593AH         LINE#         638
  C:5941H         LINE#         639
  C:5946H         LINE#         642
  C:594AH         LINE#         643
  C:5950H         LINE#         644
  C:5954H         LINE#         646
  C:595EH         LINE#         647
  C:5963H         LINE#         650
  C:5966H         LINE#         652
  C:5975H         LINE#         653
  C:5984H         LINE#         655
  C:5989H         LINE#         656
  C:599CH         LINE#         657
BL51 BANKED LINKER/LOCATER V6.22                                                      05/18/2016  15:28:04  PAGE 25


  C:599CH         LINE#         658
  C:59CDH         LINE#         661
  C:59CDH         LINE#         662
  C:59E7H         LINE#         663
  C:59E7H         LINE#         664
  C:5A08H         LINE#         665
  C:5A16H         LINE#         666
  C:5A1FH         LINE#         668
  C:5A22H         LINE#         669
  C:5A25H         LINE#         670
  C:5A45H         LINE#         672
  C:5A4CH         LINE#         673
  C:5A52H         LINE#         675
  C:5A5AH         LINE#         677
  -------         ENDPROC       INITLEDDISPLAY
  -------         PROC          _FUNC_MENU_UPDATE
  X:0520H         SYMBOL        menu_id
  -------         DO            
  X:0522H         SYMBOL        progbyte
  X:0525H         SYMBOL        i
  D:0006H         SYMBOL        readbyte
  X:0526H         SYMBOL        progadd
  -------         ENDDO         
  C:5A5BH         LINE#         681
  C:5A63H         LINE#         682
  C:5A63H         LINE#         686
  C:5A69H         LINE#         687
  C:5A8CH         LINE#         688
  C:5A91H         LINE#         689
  C:5AB0H         LINE#         690
  C:5AB0H         LINE#         691
  C:5AB0H         LINE#         692
  C:5ABEH         LINE#         693
  C:5AC0H         LINE#         694
  C:5AC0H         LINE#         695
  C:5ACEH         LINE#         696
  C:5AD0H         LINE#         697
  C:5AD0H         LINE#         698
  C:5ADEH         LINE#         699
  C:5AE0H         LINE#         700
  C:5AE0H         LINE#         701
  C:5AEEH         LINE#         702
  C:5AF0H         LINE#         703
  C:5AF0H         LINE#         704
  C:5AFEH         LINE#         705
  C:5B00H         LINE#         706
  C:5B00H         LINE#         707
  C:5B0EH         LINE#         708
  C:5B0EH         LINE#         709
  C:5B0EH         LINE#         710
  C:5B0EH         LINE#         711
  C:5B35H         LINE#         712
  C:5B73H         LINE#         713
  C:5B73H         LINE#         715
  C:5B79H         LINE#         716
  C:5B93H         LINE#         717
  C:5BA0H         LINE#         718
BL51 BANKED LINKER/LOCATER V6.22                                                      05/18/2016  15:28:04  PAGE 26


  C:5BB1H         LINE#         719
  C:5BB8H         LINE#         720
  C:5BC2H         LINE#         721
  C:5BD0H         LINE#         723
  C:5BEAH         LINE#         724
  C:5BF7H         LINE#         725
  C:5C08H         LINE#         726
  C:5C0FH         LINE#         727
  C:5C19H         LINE#         728
  C:5C27H         LINE#         729
  C:5C2CH         LINE#         730
  C:5C35H         LINE#         731
  C:5C38H         LINE#         732
  C:5C3EH         LINE#         734
  -------         ENDPROC       _FUNC_MENU_UPDATE
  -------         PROC          _TEST_SET_DISPLAY
  D:0007H         SYMBOL        test_mode
  C:6CE2H         LINE#         793
  C:6CE2H         LINE#         794
  C:6CE2H         LINE#         795
  C:6CF6H         LINE#         796
  C:6CF6H         LINE#         797
  C:6CF6H         LINE#         798
  C:6CFCH         LINE#         799
  C:6CFEH         LINE#         800
  C:6CFEH         LINE#         801
  C:6D04H         LINE#         802
  C:6D06H         LINE#         803
  C:6D06H         LINE#         804
  C:6D0CH         LINE#         805
  C:6D0EH         LINE#         806
  C:6D0EH         LINE#         807
  C:6D14H         LINE#         808
  C:6D16H         LINE#         809
  C:6D16H         LINE#         810
  C:6D1CH         LINE#         811
  C:6D1EH         LINE#         812
  C:6D1EH         LINE#         813
  C:6D29H         LINE#         814
  C:6D29H         LINE#         815
  C:6D29H         LINE#         816
  C:6D29H         LINE#         817
  C:6D29H         LINE#         818
  -------         ENDPROC       _TEST_SET_DISPLAY
  -------         PROC          LEDDISPLAY
  -------         DO            
  X:0437H         SYMBOL        TempCountB
  X:0438H         SYMBOL        TempDataB
  X:0439H         SYMBOL        TempValue
  X:043AH         SYMBOL        i
  D:0005H         SYMBOL        TempB
  X:000AH         SYMBOL        Bell_flag
  X:000BH         SYMBOL        zc_key_flag
  X:000CH         SYMBOL        UpdateCountB
  X:000EH         SYMBOL        TempCount
  X:0010H         SYMBOL        flash_flag
  X:0012H         SYMBOL        DisplayValueTemp
BL51 BANKED LINKER/LOCATER V6.22                                                      05/18/2016  15:28:04  PAGE 27


  X:0016H         SYMBOL        Key_Val
  X:0018H         SYMBOL        Pr_Key_Val
  X:001AH         SYMBOL        old_key
  X:001CH         SYMBOL        UpdateState
  X:001DH         SYMBOL        Read_key_dely
  X:001FH         SYMBOL        Read_key_dely_2
  X:0021H         SYMBOL        long_count
  X:0023H         SYMBOL        long_input_flag
  X:0025H         SYMBOL        Read_key_dely_3
  X:0027H         SYMBOL        No_key_delay
  X:0029H         SYMBOL        Main_adj_key_delay
  X:002BH         SYMBOL        Main_disp_other
  X:002DH         SYMBOL        edit_menu_id
  X:002FH         SYMBOL        bell_delay
  X:0031H         SYMBOL        long_key_count
  X:0033H         SYMBOL        long_key_step
  X:0035H         SYMBOL        pr_long_input_flag
  X:0037H         SYMBOL        war_bell_step
  X:0038H         SYMBOL        war_bell_delay
  X:003AH         SYMBOL        test_key_cnt
  X:043BH         SYMBOL        temp_max
  D:0006H         SYMBOL        iBellOnTime
  D:0006H         SYMBOL        iBellOffTime
  X:003BH         SYMBOL        dj_key_dely
  X:003DH         SYMBOL        dj_key_step
  X:043DH         SYMBOL        lcd_disp_buf
  X:04A1H         SYMBOL        cMenuSn
  X:04A2H         SYMBOL        iLen
  X:04A4H         SYMBOL        iCount
  X:04A6H         SYMBOL        pLCDDataValue
  X:04A9H         SYMBOL        cLcd_data_buf
  X:04AFH         SYMBOL        cLcd_len_data_buf
  X:04B5H         SYMBOL        cLcd_count_data_buf
  -------         DO            
  X:04BBH         SYMBOL        paperLen
  X:04BEH         SYMBOL        paperNum
  X:04C1H         SYMBOL        paperTatol
  -------         ENDDO         
  -------         DO            
  X:04BBH         SYMBOL        total
  X:04C4H         SYMBOL        numLen
  -------         ENDDO         
  -------         DO            
  X:0000H         SYMBOL        staFlashFlag
  -------         ENDDO         
  -------         DO            
  X:0002H         SYMBOL        icutFlashFlag
  -------         ENDDO         
  -------         DO            
  X:04BBH         SYMBOL        iErrPosX
  X:04BDH         SYMBOL        iErrPosY
  X:04BFH         SYMBOL        iPicNum
  -------         DO            
  X:0004H         SYMBOL        errFlashFlag
  -------         ENDDO         
  -------         ENDDO         
  -------         DO            
BL51 BANKED LINKER/LOCATER V6.22                                                      05/18/2016  15:28:04  PAGE 28


  X:04BBH         SYMBOL        lcd_disp_buf
  X:051FH         SYMBOL        old_disp
  -------         DO            
  X:0006H         SYMBOL        flash
  X:0008H         SYMBOL        oldDataLen
  -------         ENDDO         
  -------         ENDDO         
  -------         ENDDO         
  C:0046H         LINE#         822
  C:0046H         LINE#         823
  C:0046H         LINE#         852
  C:0059H         LINE#         854
  C:0064H         LINE#         856
  C:009CH         LINE#         859
  C:00BAH         LINE#         860
  C:00DEH         LINE#         861
  C:0107H         LINE#         862
  C:0130H         LINE#         864
  C:015BH         LINE#         865
  C:0184H         LINE#         866
  C:01ADH         LINE#         867
  C:01D6H         LINE#         868
  C:01F3H         LINE#         869
  C:0212H         LINE#         870
  C:0233H         LINE#         871
  C:0255H         LINE#         872
  C:0275H         LINE#         874
  C:0296H         LINE#         875
  C:02B8H         LINE#         876
  C:02DBH         LINE#         878
  C:02EAH         LINE#         882
  C:0301H         LINE#         883
  C:0301H         LINE#         884
  C:0311H         LINE#         886
  C:031BH         LINE#         887
  C:031BH         LINE#         888
  C:0323H         LINE#         889
  C:032AH         LINE#         890
  C:032CH         LINE#         892
  C:032CH         LINE#         893
  C:0333H         LINE#         894
  C:0333H         LINE#         896
  C:0352H         LINE#         897
  C:0352H         LINE#         898
  C:035AH         LINE#         899
  C:0362H         LINE#         900
  C:0369H         LINE#         901
  C:036DH         LINE#         902
  C:0374H         LINE#         903
  C:0377H         LINE#         905
  C:0377H         LINE#         906
  C:0377H         LINE#         907
  C:0377H         LINE#         909
  C:037AH         LINE#         911
  C:037AH         LINE#         912
  C:0399H         LINE#         913
  C:0399H         LINE#         914
BL51 BANKED LINKER/LOCATER V6.22                                                      05/18/2016  15:28:04  PAGE 29


  C:03A0H         LINE#         915
  C:03A0H         LINE#         917
  C:03B8H         LINE#         918
  C:03B8H         LINE#         919
  C:03C7H         LINE#         922
  C:03DDH         LINE#         923
  C:03DDH         LINE#         924
  C:03E5H         LINE#         925
  C:03ECH         LINE#         926
  C:03ECH         LINE#         927
  C:03ECH         LINE#         929
  C:040BH         LINE#         930
  C:040BH         LINE#         931
  C:0413H         LINE#         934
  C:042BH         LINE#         935
  C:042BH         LINE#         936
  C:0439H         LINE#         939
  C:044AH         LINE#         940
  C:044AH         LINE#         941
  C:0452H         LINE#         942
  C:045AH         LINE#         943
  C:0461H         LINE#         944
  C:0469H         LINE#         945
  C:0472H         LINE#         946
  C:0472H         LINE#         947
  C:0472H         LINE#         948
  C:0474H         LINE#         950
  C:0474H         LINE#         951
  C:047BH         LINE#         953
  C:047BH         LINE#         954
  C:047BH         LINE#         956
  C:0485H         LINE#         957
  C:0485H         LINE#         958
  C:04A4H         LINE#         959
  C:04A4H         LINE#         960
  C:04B2H         LINE#         961
  C:04C4H         LINE#         962
  C:04C4H         LINE#         963
  C:04CBH         LINE#         964
  C:04CBH         LINE#         965
  C:04CFH         LINE#         966
  C:04D7H         LINE#         967
  C:04E0H         LINE#         968
  C:04E0H         LINE#         969
  C:04E0H         LINE#         971
  C:04EBH         LINE#         972
  C:04EBH         LINE#         973
  C:04F9H         LINE#         974
  C:04F9H         LINE#         975
  C:0503H         LINE#         976
  C:0505H         LINE#         978
  C:0505H         LINE#         979
  C:050CH         LINE#         980
  C:050CH         LINE#         981
  C:050CH         LINE#         986
  C:052EH         LINE#         988
  C:052EH         LINE#         989
BL51 BANKED LINKER/LOCATER V6.22                                                      05/18/2016  15:28:04  PAGE 30


  C:0541H         LINE#         990
  C:0541H         LINE#         991
  C:0553H         LINE#         992
  C:0555H         LINE#         994
  C:0555H         LINE#         995
  C:055BH         LINE#         997
  C:056AH         LINE#         998
  C:0570H         LINE#         999
  C:0570H         LINE#         1001
  C:0570H         LINE#         1004
  C:058BH         LINE#         1005
  C:058BH         LINE#         1006
  C:058BH         LINE#         1007
  C:058EH         LINE#         1008
  C:058EH         LINE#         1009
  C:0597H         LINE#         1010
  C:05A6H         LINE#         1011
  C:05A6H         LINE#         1012
  C:05A8H         LINE#         1013
  C:05A8H         LINE#         1014
  C:05ABH         LINE#         1015
  C:05ABH         LINE#         1016
  C:05C9H         LINE#         1017
  C:05C9H         LINE#         1018
  C:05D2H         LINE#         1019
  C:05D2H         LINE#         1020
  C:05D4H         LINE#         1022
  C:05D4H         LINE#         1023
  C:05DBH         LINE#         1024
  C:05DBH         LINE#         1025
  C:05DDH         LINE#         1026
  C:05DDH         LINE#         1027
  C:05E0H         LINE#         1028
  C:05E0H         LINE#         1029
  C:05E6H         LINE#         1030
  C:05F0H         LINE#         1031
  C:05F6H         LINE#         1032
  C:05FDH         LINE#         1034
  C:0607H         LINE#         1035
  C:0607H         LINE#         1036
  C:0607H         LINE#         1037
  C:0607H         LINE#         1040
  C:0617H         LINE#         1041
  C:066BH         LINE#         1042
  C:066BH         LINE#         1043
  C:066BH         LINE#         1044
  C:066BH         LINE#         1045
  C:0677H         LINE#         1046
  C:0677H         LINE#         1047
  C:067EH         LINE#         1048
  C:067EH         LINE#         1049
  C:0681H         LINE#         1050
  C:0690H         LINE#         1051
  C:0690H         LINE#         1052
  C:0690H         LINE#         1053
  C:0693H         LINE#         1055
  C:0696H         LINE#         1056
BL51 BANKED LINKER/LOCATER V6.22                                                      05/18/2016  15:28:04  PAGE 31


  C:0699H         LINE#         1057
  C:0699H         LINE#         1059
  C:0699H         LINE#         1060
  C:0699H         LINE#         1062
  C:0699H         LINE#         1063
  C:0699H         LINE#         1064
  C:06B7H         LINE#         1065
  C:06B7H         LINE#         1066
  C:06BDH         LINE#         1067
  C:06C3H         LINE#         1068
  C:06C3H         LINE#         1069
  C:06D2H         LINE#         1070
  C:06D2H         LINE#         1071
  C:06D5H         LINE#         1072
  C:06D5H         LINE#         1073
  C:06F4H         LINE#         1074
  C:06F4H         LINE#         1077
  C:06F4H         LINE#         1078
  C:070AH         LINE#         1079
  C:0711H         LINE#         1080
  C:0720H         LINE#         1081
  C:0720H         LINE#         1082
  C:0723H         LINE#         1083
  C:0723H         LINE#         1084
  C:0731H         LINE#         1085
  C:0734H         LINE#         1086
  C:0734H         LINE#         1087
  C:0742H         LINE#         1088
  C:0745H         LINE#         1089
  C:0745H         LINE#         1092
  C:0751H         LINE#         1093
  C:0758H         LINE#         1095
  C:0761H         LINE#         1096
  C:0764H         LINE#         1097
  C:0764H         LINE#         1098
  C:0772H         LINE#         1099
  C:0775H         LINE#         1100
  C:0775H         LINE#         1101
  C:077FH         LINE#         1102
  C:077FH         LINE#         1103
  C:0786H         LINE#         1104
  C:0794H         LINE#         1106
  C:0797H         LINE#         1108
  C:0797H         LINE#         1109
  C:079EH         LINE#         1110
  C:079EH         LINE#         1111
  C:07A1H         LINE#         1112
  C:07A1H         LINE#         1113
  C:07AFH         LINE#         1114
  C:07B1H         LINE#         1115
  C:07B1H         LINE#         1116
  C:07BFH         LINE#         1117
  C:07C1H         LINE#         1118
  C:07C1H         LINE#         1119
  C:07CFH         LINE#         1120
  C:07D1H         LINE#         1121
  C:07D1H         LINE#         1122
BL51 BANKED LINKER/LOCATER V6.22                                                      05/18/2016  15:28:04  PAGE 32


  C:07DFH         LINE#         1123
  C:07E1H         LINE#         1124
  C:07E1H         LINE#         1125
  C:07EFH         LINE#         1126
  C:07F1H         LINE#         1127
  C:07F1H         LINE#         1128
  C:07FDH         LINE#         1129
  C:07FDH         LINE#         1130
  C:07FFH         LINE#         1131
  C:07FFH         LINE#         1132
  C:080BH         LINE#         1133
  C:0812H         LINE#         1134
  C:0814H         LINE#         1135
  C:0814H         LINE#         1136
  C:0822H         LINE#         1137
  C:0822H         LINE#         1138
  C:0822H         LINE#         1140
  C:0822H         LINE#         1141
  C:0822H         LINE#         1143
  C:085FH         LINE#         1144
  C:085FH         LINE#         1145
  C:085FH         LINE#         1146
  C:085FH         LINE#         1147
  C:088BH         LINE#         1148
  C:088BH         LINE#         1149
  C:088BH         LINE#         1151
  C:0890H         LINE#         1154
  C:089AH         LINE#         1155
  C:089AH         LINE#         1156
  C:08A0H         LINE#         1157
  C:08A2H         LINE#         1158
  C:08A4H         LINE#         1159
  C:08A6H         LINE#         1160
  C:08A8H         LINE#         1161
  C:08AEH         LINE#         1163
  C:08B9H         LINE#         1164
  C:08C3H         LINE#         1167
  C:08C3H         LINE#         1169
  C:08C3H         LINE#         1170
  C:08CAH         LINE#         1171
  C:08CAH         LINE#         1172
  C:08CCH         LINE#         1174
  C:08D0H         LINE#         1175
  C:08D4H         LINE#         1176
  C:08D4H         LINE#         1178
  C:08DBH         LINE#         1179
  C:08DBH         LINE#         1182
  C:08DEH         LINE#         1184
  C:08DEH         LINE#         1186
  C:08E3H         LINE#         1189
  C:08F7H         LINE#         1190
  C:08F7H         LINE#         1191
  C:0917H         LINE#         1192
  C:0917H         LINE#         1193
  C:0929H         LINE#         1194
  C:092FH         LINE#         1195
  C:0932H         LINE#         1196
BL51 BANKED LINKER/LOCATER V6.22                                                      05/18/2016  15:28:04  PAGE 33


  C:0932H         LINE#         1197
  C:0932H         LINE#         1199
  C:093DH         LINE#         1200
  C:093DH         LINE#         1201
  C:0942H         LINE#         1202
  C:0943H         LINE#         1203
  C:0943H         LINE#         1205
  C:0945H         LINE#         1207
  C:0945H         LINE#         1209
  C:094AH         LINE#         1211
  C:0959H         LINE#         1212
  C:0960H         LINE#         1213
  C:0969H         LINE#         1214
  C:0969H         LINE#         1215
  C:096EH         LINE#         1216
  C:0972H         LINE#         1217
  C:0972H         LINE#         1236
  C:0975H         LINE#         1238
  C:0975H         LINE#         1240
  C:097AH         LINE#         1242
  C:0987H         LINE#         1243
  C:0987H         LINE#         1245
  C:09A3H         LINE#         1246
  C:09A8H         LINE#         1247
  C:09AAH         LINE#         1248
  C:09ADH         LINE#         1249
  C:09B2H         LINE#         1250
  C:09B7H         LINE#         1252
  C:09BEH         LINE#         1253
  C:09DFH         LINE#         1254
  C:09E9H         LINE#         1255
  C:09EBH         LINE#         1257
  C:09EBH         LINE#         1259
  C:09EBH         LINE#         1261
  C:09EBH         LINE#         1263
  C:09F0H         LINE#         1265
  C:09FDH         LINE#         1266
  C:09FDH         LINE#         1268
  C:0A19H         LINE#         1269
  C:0A1EH         LINE#         1270
  C:0A21H         LINE#         1271
  C:0A23H         LINE#         1272
  C:0A27H         LINE#         1273
  C:0A2BH         LINE#         1275
  C:0A32H         LINE#         1276
  C:0A53H         LINE#         1277
  C:0A5DH         LINE#         1278
  C:0A67H         LINE#         1281
  C:0A67H         LINE#         1283
  C:0A67H         LINE#         1286
  C:0A67H         LINE#         1288
  C:0A6DH         LINE#         1289
  C:0A6DH         LINE#         1292
  C:0A77H         LINE#         1293
  C:0A77H         LINE#         1294
  C:0A82H         LINE#         1295
  C:0A82H         LINE#         1296
BL51 BANKED LINKER/LOCATER V6.22                                                      05/18/2016  15:28:04  PAGE 34


  C:0A85H         LINE#         1297
  C:0A85H         LINE#         1298
  C:0A87H         LINE#         1300
  C:0A87H         LINE#         1301
  C:0A8CH         LINE#         1302
  C:0A8CH         LINE#         1304
  C:0A9BH         LINE#         1305
  C:0AA2H         LINE#         1306
  C:0AA4H         LINE#         1308
  C:0AA4H         LINE#         1309
  C:0AAAH         LINE#         1312
  C:0AB4H         LINE#         1313
  C:0ABAH         LINE#         1315
  C:0AC1H         LINE#         1316
  C:0AC5H         LINE#         1318
  C:0AC9H         LINE#         1319
  C:0ACDH         LINE#         1321
  C:0ACDH         LINE#         1325
  C:0ACFH         LINE#         1327
  C:0ACFH         LINE#         1329
  C:0AD5H         LINE#         1330
  C:0AD5H         LINE#         1331
  C:0ADAH         LINE#         1334
  C:0AE3H         LINE#         1335
  C:0AE9H         LINE#         1336
  C:0AE9H         LINE#         1338
  C:0AE9H         LINE#         1340
  C:0AE9H         LINE#         1342
  C:0AF6H         LINE#         1343
  C:0AF6H         LINE#         1344
  C:0B03H         LINE#         1345
  C:0B0BH         LINE#         1347
  C:0B18H         LINE#         1348
  C:0B18H         LINE#         1349
  C:0B1EH         LINE#         1350
  C:0B1EH         LINE#         1351
  C:0B23H         LINE#         1352
  C:0B23H         LINE#         1353
  C:0B29H         LINE#         1354
  C:0B31H         LINE#         1355
  C:0B33H         LINE#         1357
  C:0B33H         LINE#         1358
  C:0B3AH         LINE#         1359
  C:0B3AH         LINE#         1360
  C:0B67H         LINE#         1361
  C:0B67H         LINE#         1362
  C:0B67H         LINE#         1367
  C:0B67H         LINE#         1372
  C:0B6AH         LINE#         1374
  C:0B6AH         LINE#         1375
  C:0B71H         LINE#         1376
  C:0B85H         LINE#         1377
  C:0B89H         LINE#         1378
  C:0B89H         LINE#         1379
  C:0B91H         LINE#         1380
  C:0B91H         LINE#         1381
  C:0B99H         LINE#         1386
BL51 BANKED LINKER/LOCATER V6.22                                                      05/18/2016  15:28:04  PAGE 35


  C:0BA4H         LINE#         1388
  C:0BAAH         LINE#         1390
  C:0BAAH         LINE#         1391
  C:0BADH         LINE#         1393
  C:0BADH         LINE#         1395
  C:0BC0H         LINE#         1397
  C:0BC0H         LINE#         1399
  C:0BC7H         LINE#         1400
[...]
  X:0438H         SYMBOL        pcTemp
  X:043BH         SYMBOL        uiCnt
  X:05E7H         SYMBOL        ucSaveLearn1
  X:05E8H         SYMBOL        ucSaveLearn2
  -------         ENDDO         
  C:40F2H         LINE#         509
  C:40F2H         LINE#         510
  C:40F2H         LINE#         513
  C:40FBH         LINE#         519
  C:4100H         LINE#         520
  C:411DH         LINE#         521
  C:411DH         LINE#         522
  C:4130H         LINE#         523
  C:4138H         LINE#         526
  C:4146H         LINE#         527
  C:4146H         LINE#         529
  C:414EH         LINE#         531
  C:4151H         LINE#         534
  C:4151H         LINE#         538
  C:418EH         LINE#         539
  C:418EH         LINE#         541
  C:418EH         LINE#         549
  C:419CH         LINE#         551
  C:41A1H         LINE#         552
  C:41A1H         LINE#         554
  C:41CEH         LINE#         555
  C:41D8H         LINE#         557
  C:41DDH         LINE#         559
  C:41DDH         LINE#         561
  C:41E0H         LINE#         564
  C:41E0H         LINE#         566
  C:41F1H         LINE#         567
  C:41F1H         LINE#         569
  C:423AH         LINE#         571
  C:423AH         LINE#         572
  C:4243H         LINE#         573
  C:4243H         LINE#         574
BL51 BANKED LINKER/LOCATER V6.22                                                      05/18/2016  15:28:04  PAGE 66


  C:424BH         LINE#         575
  C:4255H         LINE#         576
  C:4255H         LINE#         577
  C:4259H         LINE#         578
  C:4259H         LINE#         581
  C:426DH         LINE#         584
  C:4281H         LINE#         589
  C:4295H         LINE#         595
  C:4313H         LINE#         597
  C:4338H         LINE#         598
  C:4338H         LINE#         599
  C:434CH         LINE#         600
  C:436BH         LINE#         601
  C:43A0H         LINE#         602
  C:43A0H         LINE#         603
  C:43B2H         LINE#         604
  C:43B5H         LINE#         605
  C:43B5H         LINE#         607
  C:43B8H         LINE#         608
  C:43B8H         LINE#         630
  C:43B8H         LINE#         632
  C:43BBH         LINE#         635
  C:43BBH         LINE#         638
  C:43DCH         LINE#         639
  C:43DCH         LINE#         642
  C:442DH         LINE#         646
  C:4458H         LINE#         647
  C:4461H         LINE#         651
  C:4466H         LINE#         653
  C:4466H         LINE#         655
  C:4468H         LINE#         658
  C:4468H         LINE#         665
  C:4468H         LINE#         672
  C:4468H         LINE#         679
  C:4468H         LINE#         681
  C:4468H         LINE#         683
  C:446AH         LINE#         686
  C:446AH         LINE#         694
  C:446AH         LINE#         696
  C:446FH         LINE#         698
  C:446FH         LINE#         700
  C:4471H         LINE#         703
  C:4471H         LINE#         711
  C:4471H         LINE#         714
  C:447AH         LINE#         716
  C:4480H         LINE#         718
  C:4480H         LINE#         720
  C:4480H         LINE#         722
  C:4480H         LINE#         723
  C:4480H         LINE#         725
  -------         ENDPROC       REC_DATA_FUNC
  -------         PROC          SEND_DATA_FUNC
  -------         DO            
  D:0006H         SYMBOL        i
  X:0437H         SYMBOL        pcTemp
  X:043AH         SYMBOL        sum_byte
  -------         ENDDO         
BL51 BANKED LINKER/LOCATER V6.22                                                      05/18/2016  15:28:04  PAGE 67


  C:3CCAH         LINE#         735
  C:3CCAH         LINE#         736
  C:3CCAH         LINE#         739
  C:3CD3H         LINE#         745
  C:3CF1H         LINE#         746
  C:3CF1H         LINE#         747
  C:3CF7H         LINE#         748
  C:3CF7H         LINE#         749
  C:3CFEH         LINE#         750
  C:3CFEH         LINE#         751
  C:3D01H         LINE#         752
  C:3D01H         LINE#         753
  C:3D01H         LINE#         755
  C:3D10H         LINE#         756
  C:3D10H         LINE#         761
  C:3D26H         LINE#         762
  C:3D26H         LINE#         764
  C:3D26H         LINE#         766
  C:3D31H         LINE#         767
  C:3D31H         LINE#         772
  C:3D42H         LINE#         773
  C:3D42H         LINE#         774
  C:3D4CH         LINE#         775
  C:3D54H         LINE#         777
  C:3D5DH         LINE#         778
  C:3D64H         LINE#         779
  C:3D6BH         LINE#         780
  C:3D70H         LINE#         781
  C:3D74H         LINE#         782
  C:3D7BH         LINE#         783
  C:3D82H         LINE#         784
  C:3D8AH         LINE#         785
  C:3D91H         LINE#         801
  C:3D98H         LINE#         802
  C:3D9FH         LINE#         803
  C:3DA6H         LINE#         804
  C:3DADH         LINE#         805
  C:3DB3H         LINE#         806
  C:3DBAH         LINE#         807
  C:3DC1H         LINE#         808
  C:3DC7H         LINE#         809
  C:3DCDH         LINE#         810
  C:3DD3H         LINE#         811
  C:3DD9H         LINE#         812
  C:3DDFH         LINE#         836
  C:3DE9H         LINE#         838
  C:3DEFH         LINE#         839
  C:3DF6H         LINE#         841
  C:3DF6H         LINE#         843
  C:3DFCH         LINE#         845
  C:3E00H         LINE#         847
  C:3E06H         LINE#         849
  C:3E06H         LINE#         852
  C:3E06H         LINE#         853
  C:3E06H         LINE#         859
  C:3E13H         LINE#         860
  C:3E13H         LINE#         862
BL51 BANKED LINKER/LOCATER V6.22                                                      05/18/2016  15:28:04  PAGE 68


  C:3E13H         LINE#         863
  C:3E1AH         LINE#         864
  C:3E1AH         LINE#         865
  C:3E1DH         LINE#         866
  C:3E1DH         LINE#         869
  C:3E1DH         LINE#         870
  C:3E1DH         LINE#         876
  C:3E23H         LINE#         877
  C:3E23H         LINE#         878
  C:3E2AH         LINE#         879
  C:3E2AH         LINE#         880
  C:3E2DH         LINE#         881
  C:3E2DH         LINE#         882
  C:3E2DH         LINE#         888
  C:3E33H         LINE#         889
  C:3E33H         LINE#         890
  C:3E3AH         LINE#         891
  C:3E3AH         LINE#         892
  C:3E3DH         LINE#         893
  C:3E3DH         LINE#         894
  C:3E3DH         LINE#         898
  C:3E43H         LINE#         899
  C:3E43H         LINE#         900
  C:3E4AH         LINE#         901
  C:3E4AH         LINE#         902
  C:3E4DH         LINE#         903
  C:3E4DH         LINE#         904
  C:3E4DH         LINE#         911
  C:3E53H         LINE#         912
  C:3E53H         LINE#         913
  C:3E5AH         LINE#         914
  C:3E5AH         LINE#         915
  C:3E5DH         LINE#         916
  C:3E5DH         LINE#         917
  C:3E5DH         LINE#         922
  C:3E63H         LINE#         923
  C:3E63H         LINE#         924
  C:3E6AH         LINE#         925
  C:3E6AH         LINE#         926
  C:3E6DH         LINE#         927
  C:3E6DH         LINE#         928
  C:3E6DH         LINE#         934
  C:3E73H         LINE#         935
  C:3E73H         LINE#         936
  C:3E7AH         LINE#         937
  C:3E7AH         LINE#         938
  C:3E7DH         LINE#         939
  C:3E7DH         LINE#         940
  C:3E7DH         LINE#         945
  C:3E83H         LINE#         946
  C:3E83H         LINE#         947
  C:3E8AH         LINE#         948
  C:3E8AH         LINE#         949
  C:3E8DH         LINE#         950
  C:3E8DH         LINE#         951
  C:3E8DH         LINE#         955
  C:3EBEH         LINE#         956
BL51 BANKED LINKER/LOCATER V6.22                                                      05/18/2016  15:28:04  PAGE 69


  C:3EBEH         LINE#         957
  C:3EBEH         LINE#         958
  C:3ECDH         LINE#         960
  C:3ED2H         LINE#         961
  C:3ED5H         LINE#         962
  C:3ED8H         LINE#         963
  C:3EDBH         LINE#         965
  C:3EDFH         LINE#         967
  C:3EE5H         LINE#         969
  C:3EE6H         LINE#         972
  C:3EE6H         LINE#         973
  C:3EF5H         LINE#         975
  C:3EFBH         LINE#         976
  C:3EFDH         LINE#         977
  C:3F00H         LINE#         978
  C:3F02H         LINE#         980
  C:3F05H         LINE#         982
  C:3F0BH         LINE#         984
  C:3F0CH         LINE#         986
  C:3F0CH         LINE#         987
  C:3F1BH         LINE#         989
  C:3F21H         LINE#         990
  C:3F24H         LINE#         991
  C:3F27H         LINE#         992
  C:3F29H         LINE#         994
  C:3F2CH         LINE#         996
  C:3F32H         LINE#         999
  C:3F33H         LINE#         1003
  C:3F33H         LINE#         1004
  C:3F42H         LINE#         1006
  C:3F48H         LINE#         1007
  C:3F4CH         LINE#         1009
  C:3F5AH         LINE#         1011
  C:3F64H         LINE#         1013
  C:3F67H         LINE#         1014
  C:3F67H         LINE#         1015
  C:3F86H         LINE#         1018
  C:3F94H         LINE#         1019
  C:3F9FH         LINE#         1023
  C:3FA6H         LINE#         1025
  C:3FA9H         LINE#         1027
  C:3FAFH         LINE#         1030
  C:3FB4H         LINE#         1032
  C:3FB5H         LINE#         1034
  C:3FB5H         LINE#         1035
  C:3FC4H         LINE#         1037
  C:3FCAH         LINE#         1038
  C:3FCEH         LINE#         1039
  C:3FD6H         LINE#         1040
  C:3FD8H         LINE#         1042
  C:3FDBH         LINE#         1044
  C:3FE1H         LINE#         1046
  C:3FE6H         LINE#         1048
  C:3FE7H         LINE#         1050
  C:3FE7H         LINE#         1051
  C:3FF6H         LINE#         1053
  C:3FFCH         LINE#         1054
BL51 BANKED LINKER/LOCATER V6.22                                                      05/18/2016  15:28:04  PAGE 70


  C:4000H         LINE#         1055
  C:4003H         LINE#         1056
  C:4006H         LINE#         1058
  C:4009H         LINE#         1060
  C:400FH         LINE#         1062
  C:4014H         LINE#         1064
  C:4015H         LINE#         1066
  C:4015H         LINE#         1068
  C:4024H         LINE#         1070
  C:402AH         LINE#         1071
  C:402EH         LINE#         1072
  C:4036H         LINE#         1073
  C:4038H         LINE#         1075
  C:403BH         LINE#         1077
  C:4041H         LINE#         1079
  C:4046H         LINE#         1082
  C:4047H         LINE#         1084
  C:4047H         LINE#         1086
  C:4056H         LINE#         1088
  C:405CH         LINE#         1089
  C:4060H         LINE#         1090
  C:4063H         LINE#         1091
  C:4066H         LINE#         1093
  C:4069H         LINE#         1095
  C:406FH         LINE#         1097
  C:4074H         LINE#         1099
  C:4075H         LINE#         1101
  C:4075H         LINE#         1102
  C:4084H         LINE#         1104
  C:408AH         LINE#         1105
  C:408EH         LINE#         1106
  C:4091H         LINE#         1107
  C:4094H         LINE#         1109
  C:4097H         LINE#         1111
  C:409DH         LINE#         1113
  C:40A2H         LINE#         1115
  C:40A3H         LINE#         1117
  C:40A3H         LINE#         1118
  C:40B2H         LINE#         1120
  C:40B8H         LINE#         1121
  C:40BCH         LINE#         1122
  C:40C7H         LINE#         1123
  C:40CCH         LINE#         1124
  C:40D5H         LINE#         1125
  C:40E3H         LINE#         1128
  C:40E6H         LINE#         1130
  C:40ECH         LINE#         1132
  C:40F1H         LINE#         1134
  C:40F1H         LINE#         1136
  C:40F1H         LINE#         1137
  C:40F1H         LINE#         1138
  C:40F1H         LINE#         1148
  -------         ENDPROC       SEND_DATA_FUNC
  -------         ENDMOD        UART

  -------         MODULE        ?C?COPY
  C:36D0H         PUBLIC        ?C?COPY
BL51 BANKED LINKER/LOCATER V6.22                                                      05/18/2016  15:28:04  PAGE 71


  -------         ENDMOD        ?C?COPY

  -------         MODULE        ?C?CLDPTR
  C:36F6H         PUBLIC        ?C?CLDPTR
  -------         ENDMOD        ?C?CLDPTR

  -------         MODULE        ?C?CLDOPTR
  C:370FH         PUBLIC        ?C?CLDOPTR
  -------         ENDMOD        ?C?CLDOPTR

  -------         MODULE        ?C?CSTPTR
  C:373CH         PUBLIC        ?C?CSTPTR
  -------         ENDMOD        ?C?CSTPTR

  -------         MODULE        ?C?CSTOPTR
  C:374EH         PUBLIC        ?C?CSTOPTR
  -------         ENDMOD        ?C?CSTOPTR

  -------         MODULE        ?C?IMUL
  C:3770H         PUBLIC        ?C?IMUL
  -------         ENDMOD        ?C?IMUL

  -------         MODULE        ?C?UIDIV
  C:3782H         PUBLIC        ?C?UIDIV
  -------         ENDMOD        ?C?UIDIV

  -------         MODULE        ?C?IILDX
  C:37D7H         PUBLIC        ?C?IILDX
  -------         ENDMOD        ?C?IILDX

  -------         MODULE        ?C?ILDIX
  C:37EDH         PUBLIC        ?C?ILDIX
  -------         ENDMOD        ?C?ILDIX

  -------         MODULE        ?C?ILDPTR
  C:3803H         PUBLIC        ?C?ILDPTR
  -------         ENDMOD        ?C?ILDPTR

  -------         MODULE        ?C?ILDOPTR
  C:382EH         PUBLIC        ?C?ILDOPTR
  -------         ENDMOD        ?C?ILDOPTR

  -------         MODULE        ?C?ISTPTR
  C:3866H         PUBLIC        ?C?ISTPTR
  -------         ENDMOD        ?C?ISTPTR

  -------         MODULE        ?C?ISTOPTR
  C:3885H         PUBLIC        ?C?ISTOPTR
  -------         ENDMOD        ?C?ISTOPTR

  -------         MODULE        ?C?LMUL
  C:38B2H         PUBLIC        ?C?LMUL
  -------         ENDMOD        ?C?LMUL

  -------         MODULE        ?C?ULDIV
  C:393DH         PUBLIC        ?C?ULDIV
  -------         ENDMOD        ?C?ULDIV
BL51 BANKED LINKER/LOCATER V6.22                                                      05/18/2016  15:28:04  PAGE 72



  -------         MODULE        ?C?SLDIV
  C:6DB2H         PUBLIC        ?C?SLDIV
  -------         ENDMOD        ?C?SLDIV

  -------         MODULE        ?C?LNEG
  C:39CFH         PUBLIC        ?C?LNEG
  -------         ENDMOD        ?C?LNEG

  -------         MODULE        ?C?SLCMP
  C:39DDH         PUBLIC        ?C?SLCMP
  -------         ENDMOD        ?C?SLCMP

  -------         MODULE        ?C?ULCMP
  C:39F3H         PUBLIC        ?C?ULCMP
  -------         ENDMOD        ?C?ULCMP

  -------         MODULE        ?C?ULSHR
  C:3A04H         PUBLIC        ?C?ULSHR
  -------         ENDMOD        ?C?ULSHR

  -------         MODULE        ?C?LSHL
  C:3A17H         PUBLIC        ?C?LSHL
  -------         ENDMOD        ?C?LSHL

  -------         MODULE        ?C?LLDPTR
  C:3A2AH         PUBLIC        ?C?LLDPTR
  -------         ENDMOD        ?C?LLDPTR

  -------         MODULE        ?C?LLDOPTR
  C:3A4AH         PUBLIC        ?C?LLDOPTR
  -------         ENDMOD        ?C?LLDOPTR

  -------         MODULE        ?C?LSTPTR
  C:3A7AH         PUBLIC        ?C?LSTPTR
  -------         ENDMOD        ?C?LSTPTR

  -------         MODULE        ?C?LSTOPTR
  C:3A94H         PUBLIC        ?C?LSTOPTR
  -------         ENDMOD        ?C?LSTOPTR

  -------         MODULE        ?C?LSTXDATA
  C:3AB8H         PUBLIC        ?C?LSTXDATA
  -------         ENDMOD        ?C?LSTXDATA

  -------         MODULE        ?C?LSTKXDATA
  C:3AC4H         PUBLIC        ?C?LSTKXDATA
  -------         ENDMOD        ?C?LSTKXDATA

  -------         MODULE        ?C?LSTKOPTR
  C:3AF5H         PUBLIC        ?C?LSTKOPTR
  -------         ENDMOD        ?C?LSTKOPTR

  -------         MODULE        ?C?OFFX256
  C:3B19H         PUBLIC        ?C?OFFX256
  -------         ENDMOD        ?C?OFFX256

BL51 BANKED LINKER/LOCATER V6.22                                                      05/18/2016  15:28:04  PAGE 73


  -------         MODULE        ?C?OFFXADD
  C:3B2AH         PUBLIC        ?C?OFFXADD
  -------         ENDMOD        ?C?OFFXADD

  -------         MODULE        ?C?PLDPTR
  C:3B36H         PUBLIC        ?C?PLDPTR
  -------         ENDMOD        ?C?PLDPTR

  -------         MODULE        ?C?PLDOPTR
  C:3B56H         PUBLIC        ?C?PLDOPTR
  -------         ENDMOD        ?C?PLDOPTR

  -------         MODULE        ?C?CCASE
  C:3B86H         PUBLIC        ?C?CCASE
  -------         ENDMOD        ?C?CCASE

  -------         MODULE        ?C?ICASE
  C:3BACH         PUBLIC        ?C?ICASE
  -------         ENDMOD        ?C?ICASE

  -------         MODULE        PRINTF
  X:0542H         PUBLIC        ?_PRINTF517?BYTE
  X:0542H         PUBLIC        ?_PRINTF?BYTE
  X:0542H         PUBLIC        ?_SPRINTF517?BYTE
  X:0542H         PUBLIC        ?_SPRINTF?BYTE
  C:4875H         PUBLIC        _PRINTF
  C:4875H         PUBLIC        _PRINTF517
  C:486FH         PUBLIC        _SPRINTF
  C:486FH         PUBLIC        _SPRINTF517
  -------         ENDMOD        PRINTF

  -------         MODULE        STRLEN
  C:6F84H         PUBLIC        _STRLEN
  -------         ENDMOD        STRLEN

  -------         MODULE        ?C?MEMSET
  C:3BD9H         PUBLIC        ?C?MEMSET
  -------         ENDMOD        ?C?MEMSET

  -------         MODULE        ?C?LLDIDATA
  C:3C05H         PUBLIC        ?C?LLDIDATA
  -------         ENDMOD        ?C?LLDIDATA

  -------         MODULE        ?C?LLDXDATA
  C:3C11H         PUBLIC        ?C?LLDXDATA
  -------         ENDMOD        ?C?LLDXDATA

  -------         MODULE        ?C?LLDPDATA
  C:3C1DH         PUBLIC        ?C?LLDPDATA
  -------         ENDMOD        ?C?LLDPDATA

  -------         MODULE        ?C?LLDCODE
  C:3C29H         PUBLIC        ?C?LLDCODE
  -------         ENDMOD        ?C?LLDCODE

  -------         MODULE        ?C?LSTIDATA
  C:3C39H         PUBLIC        ?C?LSTIDATA
BL51 BANKED LINKER/LOCATER V6.22                                                      05/18/2016  15:28:04  PAGE 74


  -------         ENDMOD        ?C?LSTIDATA

  -------         MODULE        ?C?LSTPDATA
  C:3C45H         PUBLIC        ?C?LSTPDATA
  -------         ENDMOD        ?C?LSTPDATA

  -------         MODULE        ?C?LSTKIDATA
  C:3C51H         PUBLIC        ?C?LSTKIDATA
  -------         ENDMOD        ?C?LSTKIDATA

  -------         MODULE        ?C?LSTKPDATA
  C:3C6AH         PUBLIC        ?C?LSTKPDATA
  -------         ENDMOD        ?C?LSTKPDATA

  -------         MODULE        ?C?PLDIDATA
  C:3C83H         PUBLIC        ?C?PLDIDATA
  -------         ENDMOD        ?C?PLDIDATA

  -------         MODULE        ?C?PLDXDATA
  C:3C8CH         PUBLIC        ?C?PLDXDATA
  -------         ENDMOD        ?C?PLDXDATA

  -------         MODULE        ?C?PLDIXDATA
  C:3C95H         PUBLIC        ?C?PLDIXDATA
  -------         ENDMOD        ?C?PLDIXDATA

  -------         MODULE        ?C?PSTXDATA
  C:3CACH         PUBLIC        ?C?PSTXDATA
  -------         ENDMOD        ?C?PSTXDATA

  -------         MODULE        ?C?PLDPDATA
  C:3CB5H         PUBLIC        ?C?PLDPDATA
  -------         ENDMOD        ?C?PLDPDATA

  -------         MODULE        ?C?PLDCODE
  C:3CBEH         PUBLIC        ?C?PLDCODE
  -------         ENDMOD        ?C?PLDCODE

  -------         MODULE        PUTCHAR
  C:6EC1H         PUBLIC        _PUTCHAR
  -------         ENDMOD        PUTCHAR

*** WARNING L16: UNCALLED SEGMENT, IGNORED FOR OVERLAY PROCESS
    SEGMENT: ?PR?TM1637_WRITE?I2C

*** WARNING L16: UNCALLED SEGMENT, IGNORED FOR OVERLAY PROCESS
    SEGMENT: ?PR?_TEXTOUT?LED_DISPLAY

Program Size: data=23.3 xdata=1647 code=28664
LINK/LOCATE RUN COMPLETE.  2 WARNING(S),  0 ERROR(S)
