BL51 BANKED LINKER/LOCATER V6.22                                                        05/07/2015  16:56:44  PAGE 1


BL51 BANKED LINKER/LOCATER V6.22, INVOKED BY:
C:\PROGRAM FILES\KEIL C51\C51\BIN\BL51.EXE .\out\STARTUP.obj, .\out\main.obj, .\out\I2c.obj, .\out\LED_Display.obj, .\ou
>> t\eeprom.obj, .\out\save_cnt.obj, .\out\uart.obj TO .\out\XT04 PRINT (.\lst\XT04.m51)


MEMORY MODEL: SMALL


INPUT MODULES INCLUDED:
  .\out\STARTUP.obj (?C_STARTUP)
  .\out\main.obj (MAIN)
  .\out\I2c.obj (I2C)
  .\out\LED_Display.obj (LED_DISPLAY)
  .\out\eeprom.obj (EEPROM)
  .\out\save_cnt.obj (SAVE_CNT)
  .\out\uart.obj (UART)
  C:\PROGRAM FILES\KEIL C51\C51\LIB\C51S.LIB (?C_INIT)
  C:\PROGRAM FILES\KEIL C51\C51\LIB\C51S.LIB (?C?CLDPTR)
  C:\PROGRAM FILES\KEIL C51\C51\LIB\C51S.LIB (?C?CLDOPTR)
  C:\PROGRAM FILES\KEIL C51\C51\LIB\C51S.LIB (?C?CSTPTR)
  C:\PROGRAM FILES\KEIL C51\C51\LIB\C51S.LIB (?C?CSTOPTR)
  C:\PROGRAM FILES\KEIL C51\C51\LIB\C51S.LIB (?C?IMUL)
  C:\PROGRAM FILES\KEIL C51\C51\LIB\C51S.LIB (?C?UIDIV)
  C:\PROGRAM FILES\KEIL C51\C51\LIB\C51S.LIB (?C?ILDPTR)
  C:\PROGRAM FILES\KEIL C51\C51\LIB\C51S.LIB (?C?ILDOPTR)
  C:\PROGRAM FILES\KEIL C51\C51\LIB\C51S.LIB (?C?ISTPTR)
  C:\PROGRAM FILES\KEIL C51\C51\LIB\C51S.LIB (?C?ISTOPTR)
  C:\PROGRAM FILES\KEIL C51\C51\LIB\C51S.LIB (?C?LMUL)
  C:\PROGRAM FILES\KEIL C51\C51\LIB\C51S.LIB (?C?ULDIV)
  C:\PROGRAM FILES\KEIL C51\C51\LIB\C51S.LIB (?C?SLDIV)
  C:\PROGRAM FILES\KEIL C51\C51\LIB\C51S.LIB (?C?LNEG)
  C:\PROGRAM FILES\KEIL C51\C51\LIB\C51S.LIB (?C?SLCMP)
  C:\PROGRAM FILES\KEIL C51\C51\LIB\C51S.LIB (?C?ULCMP)
  C:\PROGRAM FILES\KEIL C51\C51\LIB\C51S.LIB (?C?ULSHR)
  C:\PROGRAM FILES\KEIL C51\C51\LIB\C51S.LIB (?C?LSHL)
  C:\PROGRAM FILES\KEIL C51\C51\LIB\C51S.LIB (?C?LLDPTR)
  C:\PROGRAM FILES\KEIL C51\C51\LIB\C51S.LIB (?C?LLDOPTR)
  C:\PROGRAM FILES\KEIL C51\C51\LIB\C51S.LIB (?C?LSTPTR)
  C:\PROGRAM FILES\KEIL C51\C51\LIB\C51S.LIB (?C?LSTXDATA)
  C:\PROGRAM FILES\KEIL C51\C51\LIB\C51S.LIB (?C?LSTKXDATA)
  C:\PROGRAM FILES\KEIL C51\C51\LIB\C51S.LIB (?C?OFFX256)
  C:\PROGRAM FILES\KEIL C51\C51\LIB\C51S.LIB (?C?OFFXADD)
  C:\PROGRAM FILES\KEIL C51\C51\LIB\C51S.LIB (?C?PLDPTR)
  C:\PROGRAM FILES\KEIL C51\C51\LIB\C51S.LIB (?C?PLDOPTR)
  C:\PROGRAM FILES\KEIL C51\C51\LIB\C51S.LIB (?C?CCASE)
  C:\PROGRAM FILES\KEIL C51\C51\LIB\C51S.LIB (?C?LLDIDATA)
  C:\PROGRAM FILES\KEIL C51\C51\LIB\C51S.LIB (?C?LLDXDATA)
  C:\PROGRAM FILES\KEIL C51\C51\LIB\C51S.LIB (?C?LLDPDATA)
  C:\PROGRAM FILES\KEIL C51\C51\LIB\C51S.LIB (?C?LLDCODE)
  C:\PROGRAM FILES\KEIL C51\C51\LIB\C51S.LIB (?C?LSTIDATA)
  C:\PROGRAM FILES\KEIL C51\C51\LIB\C51S.LIB (?C?LSTPDATA)
  C:\PROGRAM FILES\KEIL C51\C51\LIB\C51S.LIB (?C?PLDIDATA)
  C:\PROGRAM FILES\KEIL C51\C51\LIB\C51S.LIB (?C?PLDXDATA)
  C:\PROGRAM FILES\KEIL C51\C51\LIB\C51S.LIB (?C?PLDPDATA)
  C:\PROGRAM FILES\KEIL C51\C51\LIB\C51S.LIB (?C?PLDCODE)


LINK MAP OF MODULE:  .\out\XT04 (?C_STARTUP)
BL51 BANKED LINKER/LOCATER V6.22                                                      05/07/2015  16:56:44  PAGE 2




            TYPE    BASE      LENGTH    RELOCATION   SEGMENT NAME
            -----------------------------------------------------

            * * * * * * *   D A T A   M E M O R Y   * * * * * * *
            REG     0000H     0008H     ABSOLUTE     "REG BANK 0"
            REG     0008H     0008H     ABSOLUTE     "REG BANK 1"
            DATA    0010H     0006H     UNIT         ?DT?UART
            DATA    0016H     0005H     UNIT         ?DT?MAIN
            DATA    001BH     0003H     UNIT         ?DT?_SENDSTRING?UART
            DATA    001EH     0002H     UNIT         ?DT?LED_DISPLAY
            BIT     0020H.0   0000H.1   UNIT         ?BI?UART
                    0020H.1   0000H.7                *** GAP ***
            DATA    0021H     003DH     UNIT         _DATA_GROUP_
            IDATA   005EH     0001H     UNIT         ?STACK

            * * * * * * *  X D A T A   M E M O R Y  * * * * * * *
            XDATA   0000H     017BH     UNIT         ?XD?LED_DISPLAY
            XDATA   017BH     00CDH     UNIT         ?XD?UART
            XDATA   0248H     000AH     UNIT         ?XD?I2C

            * * * * * * *   C O D E   M E M O R Y   * * * * * * *
            CODE    0000H     0003H     ABSOLUTE     
                    0003H     0008H                  *** GAP ***
            CODE    000BH     0003H     ABSOLUTE     
                    000EH     0015H                  *** GAP ***
            CODE    0023H     0003H     ABSOLUTE     
                    0026H     07DAH                  *** GAP ***
            CODE    0800H     0DCBH     UNIT         ?PR?LEDDISPLAY?LED_DISPLAY
            CODE    15CBH     04B5H     UNIT         ?C?LIB_CODE
            CODE    1A80H     0451H     UNIT         ?PR?UART_DATA_STEP?UART
            CODE    1ED1H     041BH     UNIT         ?PR?FRAME_INFO_FUNC?UART
            CODE    22ECH     02AEH     UNIT         ?PR?_LEDSHOWCAPTION?LED_DISPLAY
            CODE    259AH     022AH     UNIT         ?PR?_DATATOSTR?LED_DISPLAY
            CODE    27C4H     021FH     UNIT         ?PR?_FUNC_CFG_UPDATE?LED_DISPLAY
            CODE    29E3H     0218H     UNIT         ?PR?_READ_MENU_DATA?LED_DISPLAY
            CODE    2BFBH     01CAH     UNIT         ?PR?READ_XT_NUM?SAVE_CNT
            CODE    2DC5H     01A1H     UNIT         ?CO?LED_DISPLAY
            CODE    2F66H     0111H     UNIT         ?PR?_FUNC_MENU_UPDATE?LED_DISPLAY
            CODE    3077H     0101H     UNIT         ?C_INITSEG
            CODE    3178H     00F6H     UNIT         ?PR?_STRTODATA?LED_DISPLAY
            CODE    326EH     00D5H     UNIT         ?PR?SAVE_XT_NUM?SAVE_CNT
            CODE    3343H     00D4H     UNIT         ?PR?_LED_SHOWNUMBER?LED_DISPLAY
            CODE    3417H     00AEH     UNIT         ?PR?REC_DATA_FUNC?UART
            CODE    34C5H     00A3H     UNIT         ?PR?INITLEDDISPLAY?LED_DISPLAY
            CODE    3568H     008CH     UNIT         ?C_C51STARTUP
            CODE    35F4H     006FH     UNIT         ?PR?TM1637_WRITE?I2C
            CODE    3663H     0066H     UNIT         ?PR?_SEND_UARTBUF?UART
            CODE    36C9H     0065H     UNIT         ?PR?_LEDSHOWFLASHSTRING?LED_DISPLAY
            CODE    372EH     0050H     UNIT         ?PR?_DELAY_US?I2C
            CODE    377EH     0050H     UNIT         ?PR?_IAPPROGRAMBYTE?EEPROM
            CODE    37CEH     0049H     UNIT         ?PR?UART?UART
            CODE    3817H     0048H     UNIT         ?PR?_TEST_SET_DISPLAY?LED_DISPLAY
            CODE    385FH     0045H     UNIT         ?PR?_IAPERASESECTOR?EEPROM
            CODE    38A4H     0044H     UNIT         ?PR?TM0_ISR?MAIN
            CODE    38E8H     0044H     UNIT         ?PR?_LEDCLEARCHAR?LED_DISPLAY
BL51 BANKED LINKER/LOCATER V6.22                                                      05/07/2015  16:56:44  PAGE 3


            CODE    392CH     0044H     UNIT         ?C?LDIV
            CODE    3970H     003FH     UNIT         ?PR?MENU_CFG?LED_DISPLAY
            CODE    39AFH     003BH     UNIT         ?PR?_I2C_SEND_BYTE?I2C
            CODE    39EAH     0039H     UNIT         ?PR?FUNC_VER_UPDATE?LED_DISPLAY
            CODE    3A23H     0036H     UNIT         ?PR?MAIN?MAIN
            CODE    3A59H     002CH     UNIT         ?PR?CHECK_UART_REC?UART
            CODE    3A85H     0025H     UNIT         ?PR?_SENDSTRING?UART
            CODE    3AAAH     0023H     UNIT         ?PR?FRAME_PAR_FUNC?UART
            CODE    3ACDH     001CH     UNIT         ?PR?_IAPREADBYTE?EEPROM
            CODE    3AE9H     0016H     UNIT         ?PR?I2C_STOP?I2C
            CODE    3AFFH     0016H     UNIT         ?PR?UART_INIT?UART
            CODE    3B15H     0015H     UNIT         ?PR?SYS_INIT?MAIN
            CODE    3B2AH     0013H     UNIT         ?PR?TIMER0INIT?MAIN
            CODE    3B3DH     0010H     UNIT         ?PR?I2C_START?I2C
            CODE    3B4DH     000FH     UNIT         ?PR?I2C_ACK?I2C
            CODE    3B5CH     000DH     UNIT         ?PR?IAPIDLE?EEPROM
            CODE    3B69H     0009H     UNIT         ?PR?_SENDDATA?UART
            CODE    3B72H     0005H     UNIT         ?PR?I2C_GPIO_IN?I2C
            CODE    3B77H     0005H     UNIT         ?PR?I2C_GPIO_OUT?I2C



OVERLAY MAP OF MODULE:   .\out\XT04 (?C_STARTUP)


SEGMENT                                       DATA_GROUP 
  +--> CALLED SEGMENT                       START    LENGTH
-----------------------------------------------------------
?C_C51STARTUP                               -----    -----
  +--> ?PR?MAIN?MAIN
  +--> ?C_INITSEG

?PR?MAIN?MAIN                               -----    -----
  +--> ?PR?SYS_INIT?MAIN
  +--> ?PR?UART_INIT?UART
  +--> ?PR?INITLEDDISPLAY?LED_DISPLAY
  +--> ?PR?LEDDISPLAY?LED_DISPLAY
  +--> ?PR?REC_DATA_FUNC?UART
  +--> ?PR?UART_DATA_STEP?UART

?PR?SYS_INIT?MAIN                           -----    -----
  +--> ?PR?TIMER0INIT?MAIN

?PR?INITLEDDISPLAY?LED_DISPLAY              -----    -----
  +--> ?CO?LED_DISPLAY
  +--> ?PR?_LEDSHOWFLASHSTRING?LED_DISPLAY
  +--> ?PR?TM1637_WRITE?I2C
  +--> ?PR?_READ_MENU_DATA?LED_DISPLAY
  +--> ?PR?MENU_CFG?LED_DISPLAY
  +--> ?PR?READ_XT_NUM?SAVE_CNT

?PR?_LEDSHOWFLASHSTRING?LED_DISPLAY         0025H    0004H
  +--> ?CO?LED_DISPLAY

?PR?TM1637_WRITE?I2C                        0025H    0001H
  +--> ?PR?I2C_GPIO_OUT?I2C
  +--> ?PR?I2C_START?I2C
BL51 BANKED LINKER/LOCATER V6.22                                                      05/07/2015  16:56:44  PAGE 4


  +--> ?PR?_I2C_SEND_BYTE?I2C
  +--> ?PR?I2C_GPIO_IN?I2C
  +--> ?PR?I2C_ACK?I2C
  +--> ?PR?I2C_STOP?I2C

?PR?I2C_START?I2C                           -----    -----
  +--> ?PR?_DELAY_US?I2C

?PR?_DELAY_US?I2C                           0029H    0008H

?PR?_I2C_SEND_BYTE?I2C                      0026H    0003H
  +--> ?PR?_DELAY_US?I2C

?PR?I2C_ACK?I2C                             -----    -----
  +--> ?PR?_DELAY_US?I2C

?PR?I2C_STOP?I2C                            -----    -----
  +--> ?PR?_DELAY_US?I2C

?PR?_READ_MENU_DATA?LED_DISPLAY             0021H    0008H
  +--> ?CO?LED_DISPLAY
  +--> ?PR?_IAPREADBYTE?EEPROM

?PR?_IAPREADBYTE?EEPROM                     -----    -----
  +--> ?PR?IAPIDLE?EEPROM

?PR?READ_XT_NUM?SAVE_CNT                    0021H    002FH
  +--> ?PR?_IAPREADBYTE?EEPROM
  +--> ?PR?SAVE_XT_NUM?SAVE_CNT

?PR?SAVE_XT_NUM?SAVE_CNT                    0050H    000EH
  +--> ?PR?_IAPERASESECTOR?EEPROM
  +--> ?PR?_IAPPROGRAMBYTE?EEPROM

?PR?_IAPERASESECTOR?EEPROM                  -----    -----
  +--> ?PR?IAPIDLE?EEPROM

?PR?_IAPPROGRAMBYTE?EEPROM                  -----    -----
  +--> ?PR?IAPIDLE?EEPROM

?PR?LEDDISPLAY?LED_DISPLAY                  0021H    0004H
  +--> ?PR?_IAPERASESECTOR?EEPROM
  +--> ?PR?_FUNC_MENU_UPDATE?LED_DISPLAY
  +--> ?PR?_DATATOSTR?LED_DISPLAY
  +--> ?PR?_LED_SHOWNUMBER?LED_DISPLAY
  +--> ?CO?LED_DISPLAY
  +--> ?PR?_LEDSHOWFLASHSTRING?LED_DISPLAY
  +--> ?PR?_TEST_SET_DISPLAY?LED_DISPLAY
  +--> ?PR?_LEDSHOWCAPTION?LED_DISPLAY
  +--> ?PR?_STRTODATA?LED_DISPLAY
  +--> ?PR?_LEDCLEARCHAR?LED_DISPLAY
  +--> ?PR?TM1637_WRITE?I2C

?PR?_FUNC_MENU_UPDATE?LED_DISPLAY           0025H    0008H
  +--> ?CO?LED_DISPLAY
  +--> ?PR?_IAPERASESECTOR?EEPROM
  +--> ?PR?_IAPPROGRAMBYTE?EEPROM
BL51 BANKED LINKER/LOCATER V6.22                                                      05/07/2015  16:56:44  PAGE 5


  +--> ?PR?_IAPREADBYTE?EEPROM

?PR?_DATATOSTR?LED_DISPLAY                  0025H    0013H

?PR?_LED_SHOWNUMBER?LED_DISPLAY             0025H    0005H
  +--> ?CO?LED_DISPLAY

?PR?_TEST_SET_DISPLAY?LED_DISPLAY           -----    -----
  +--> ?CO?LED_DISPLAY
  +--> ?PR?_LEDSHOWFLASHSTRING?LED_DISPLAY

?PR?_LEDSHOWCAPTION?LED_DISPLAY             0025H    0004H
  +--> ?CO?LED_DISPLAY

?PR?_STRTODATA?LED_DISPLAY                  0025H    000FH

?PR?REC_DATA_FUNC?UART                      -----    -----
  +--> ?PR?FRAME_PAR_FUNC?UART
  +--> ?PR?FRAME_INFO_FUNC?UART

?PR?FRAME_INFO_FUNC?UART                    0021H    0002H
  +--> ?CO?LED_DISPLAY
  +--> ?PR?_FUNC_CFG_UPDATE?LED_DISPLAY
  +--> ?PR?FUNC_VER_UPDATE?LED_DISPLAY
  +--> ?PR?_FUNC_MENU_UPDATE?LED_DISPLAY

?PR?_FUNC_CFG_UPDATE?LED_DISPLAY            0023H    0006H
  +--> ?CO?LED_DISPLAY
  +--> ?PR?_IAPERASESECTOR?EEPROM
  +--> ?PR?_IAPPROGRAMBYTE?EEPROM

?PR?FUNC_VER_UPDATE?LED_DISPLAY             -----    -----
  +--> ?PR?_IAPERASESECTOR?EEPROM
  +--> ?PR?_IAPPROGRAMBYTE?EEPROM

?PR?UART_DATA_STEP?UART                     0021H    0004H
  +--> ?PR?_SENDDATA?UART
  +--> ?CO?LED_DISPLAY
  +--> ?PR?_SEND_UARTBUF?UART

?PR?_SEND_UARTBUF?UART                      0025H    0004H
  +--> ?PR?_SENDDATA?UART

?C_INITSEG                                  -----    -----
  +--> ?CO?LED_DISPLAY

*** NEW ROOT ***************************************************

?PR?TM0_ISR?MAIN                            -----    -----
  +--> ?PR?CHECK_UART_REC?UART



UNRESOLVED EXTERNAL SYMBOLS:
   RESETDOORFORTEST
   UART_SEND_BUF

BL51 BANKED LINKER/LOCATER V6.22                                                      05/07/2015  16:56:44  PAGE 6




SYMBOL TABLE OF MODULE:  .\out\XT04 (?C_STARTUP)

  VALUE           TYPE          NAME
  ----------------------------------

  -------         MODULE        ?C_STARTUP
  C:3568H         SEGMENT       ?C_C51STARTUP
  I:005EH         SEGMENT       ?STACK
  C:0000H         PUBLIC        ?C_STARTUP
  D:00E0H         SYMBOL        ACC
  D:00F0H         SYMBOL        B
  D:0083H         SYMBOL        DPH
  D:0082H         SYMBOL        DPL
  N:0000H         SYMBOL        IBPSTACK
  N:0100H         SYMBOL        IBPSTACKTOP
  N:0080H         SYMBOL        IDATALEN
  C:356BH         SYMBOL        IDATALOOP
  N:0000H         SYMBOL        PBPSTACK
  N:0100H         SYMBOL        PBPSTACKTOP
  N:0000H         SYMBOL        PDATALEN
  N:0000H         SYMBOL        PDATASTART
  N:0000H         SYMBOL        PPAGE
  N:0000H         SYMBOL        PPAGEENABLE
  D:00A0H         SYMBOL        PPAGE_SFR
  D:0081H         SYMBOL        SP
  C:3568H         SYMBOL        STARTUP1
  N:0000H         SYMBOL        XBPSTACK
  N:0000H         SYMBOL        XBPSTACKTOP
  N:0000H         SYMBOL        XDATALEN
  N:0000H         SYMBOL        XDATASTART
  C:0000H         LINE#         126
  C:3568H         LINE#         133
  C:356AH         LINE#         134
  C:356BH         LINE#         135
  C:356CH         LINE#         136
  C:356EH         LINE#         185
  C:3571H         LINE#         196
  -------         ENDMOD        ?C_STARTUP

  -------         MODULE        MAIN
  C:0000H         SYMBOL        _ICE_DUMMY_
  D:0096H         PUBLIC        P2M0
  D:0080H         PUBLIC        P0
  D:0095H         PUBLIC        P2M1
  D:0090H         PUBLIC        P1
  D:00A0H         PUBLIC        P2
  D:00B0H         PUBLIC        P3
  D:00C8H         PUBLIC        P5
  B:00A8H.7       PUBLIC        EA
  C:3A23H         PUBLIC        main
  D:0016H         PUBLIC        iInitCnt
  D:0089H         PUBLIC        TMOD
  D:0018H         PUBLIC        eeprom_en
  D:008EH         PUBLIC        AUXR
  C:38A4H         PUBLIC        tm0_isr
BL51 BANKED LINKER/LOCATER V6.22                                                      05/07/2015  16:56:44  PAGE 7


  D:0019H         PUBLIC        temp_count
  B:00A8H.1       PUBLIC        ET0
  C:3B2AH         PUBLIC        Timer0Init
  D:008CH         PUBLIC        TH0
  D:008AH         PUBLIC        TL0
  B:0088H.4       PUBLIC        TR0
  C:3B15H         PUBLIC        sys_init
  -------         PROC          TIMER0INIT
  C:3B2AH         LINE#         87
  C:3B2AH         LINE#         88
  C:3B2AH         LINE#         89
  C:3B2DH         LINE#         92
  C:3B30H         LINE#         93
  C:3B33H         LINE#         94
  C:3B36H         LINE#         95
  C:3B38H         LINE#         96
  C:3B3AH         LINE#         97
  C:3B3CH         LINE#         98
  -------         ENDPROC       TIMER0INIT
  -------         PROC          SYS_INIT
  C:3B15H         LINE#         100
  C:3B15H         LINE#         101
  C:3B15H         LINE#         102
  C:3B18H         LINE#         103
  C:3B1BH         LINE#         105
  C:3B1EH         LINE#         106
  C:3B21H         LINE#         107
  C:3B24H         LINE#         108
  C:3B27H         LINE#         109
  -------         ENDPROC       SYS_INIT
  -------         PROC          TM0_ISR
  C:38A4H         LINE#         250
  C:38B1H         LINE#         252
  C:38B9H         LINE#         254
  C:38C7H         LINE#         256
  C:38CAH         LINE#         258
  C:38D7H         LINE#         259
  C:38D7H         LINE#         260
  C:38DDH         LINE#         261
  C:38DDH         LINE#         262
  -------         ENDPROC       TM0_ISR
  -------         PROC          MAIN
  C:3A23H         LINE#         266
  C:3A23H         LINE#         267
  C:3A23H         LINE#         268
  C:3A26H         LINE#         270
  C:3A29H         LINE#         272
  C:3A2CH         LINE#         274
  C:3A2FH         LINE#         276
  C:3A2FH         LINE#         277
  C:3A2FH         LINE#         278
  C:3A32H         LINE#         280
  C:3A39H         LINE#         281
  C:3A39H         LINE#         282
  C:3A48H         LINE#         283
  C:3A4BH         LINE#         284
  C:3A51H         LINE#         285
BL51 BANKED LINKER/LOCATER V6.22                                                      05/07/2015  16:56:44  PAGE 8


  C:3A54H         LINE#         286
  C:3A54H         LINE#         288
  C:3A57H         LINE#         290
  -------         ENDPROC       MAIN
  -------         ENDMOD        MAIN

  -------         MODULE        I2C
  C:0000H         SYMBOL        _ICE_DUMMY_
  D:0090H         PUBLIC        P1
  B:0090H.0       PUBLIC        P10
  B:0090H.1       PUBLIC        P11
  B:0090H.4       PUBLIC        P14
  B:0090H.5       PUBLIC        P15
  C:39AFH         PUBLIC        _I2c_Send_Byte
  C:3B4DH         PUBLIC        I2c_Ack
  C:3B3DH         PUBLIC        I2c_Start
  X:0248H         PUBLIC        disp_buf
  C:35F4H         PUBLIC        TM1637_Write
  C:3AE9H         PUBLIC        I2c_Stop
  C:3B72H         PUBLIC        I2c_Gpio_In
  C:3B77H         PUBLIC        I2c_Gpio_Out
  C:373AH         PUBLIC        _DELAY_US
  C:372EH         SYMBOL        L?0021
  C:3732H         SYMBOL        L?0022
  -------         PROC          L?0020
  -------         ENDPROC       L?0020
  C:372EH         SYMBOL        L?0021
  C:3732H         SYMBOL        L?0022
  -------         PROC          _DELAY_US
  D:0029H         SYMBOL        us_val
  -------         DO            
  D:002DH         SYMBOL        i
  -------         ENDDO         
  C:373AH         LINE#         40
  C:3742H         LINE#         41
  C:3742H         LINE#         43
  C:3761H         LINE#         44
  C:3761H         LINE#         45
  C:3762H         LINE#         46
  C:377DH         LINE#         47
  -------         ENDPROC       _DELAY_US
  -------         PROC          I2C_START
  C:3B3DH         LINE#         49
  C:3B3DH         LINE#         50
  C:3B3DH         LINE#         52
  C:3B3FH         LINE#         53
  C:3B41H         LINE#         54
  C:3B43H         LINE#         55
  C:3B45H         LINE#         56
  C:3B48H         LINE#         57
  C:3B4AH         LINE#         58
  C:3B4CH         LINE#         59
  -------         ENDPROC       I2C_START
  -------         PROC          I2C_STOP
  C:3AE9H         LINE#         61
  C:3AE9H         LINE#         62
  C:3AE9H         LINE#         73
BL51 BANKED LINKER/LOCATER V6.22                                                      05/07/2015  16:56:44  PAGE 9


  C:3AE9H         LINE#         74
  C:3AE9H         LINE#         75
  C:3AECH         LINE#         76
  C:3AEEH         LINE#         77
  C:3AF0H         LINE#         78
  C:3AF3H         LINE#         79
  C:3AF5H         LINE#         80
  C:3AF7H         LINE#         81
  C:3AFAH         LINE#         82
  C:3AFCH         LINE#         83
  C:3AFEH         LINE#         84
  -------         ENDPROC       I2C_STOP
  -------         PROC          I2C_ACK
  C:3B4DH         LINE#         87
  C:3B4DH         LINE#         88
  C:3B4DH         LINE#         98
  C:3B4DH         LINE#         99
  C:3B4DH         LINE#         100
  C:3B50H         LINE#         102
  C:3B52H         LINE#         103
  C:3B54H         LINE#         104
  C:3B57H         LINE#         105
  C:3B59H         LINE#         106
  C:3B5BH         LINE#         108
  -------         ENDPROC       I2C_ACK
  -------         PROC          _I2C_SEND_BYTE
  D:0026H         SYMBOL        oneByte
  -------         DO            
  D:0028H         SYMBOL        i
  -------         ENDDO         
  C:39AFH         LINE#         111
  C:39B3H         LINE#         112
  C:39B3H         LINE#         114
  C:39B6H         LINE#         115
  C:39B6H         LINE#         116
  C:39B9H         LINE#         117
  C:39B9H         LINE#         118
  C:39B9H         LINE#         119
  C:39BCH         LINE#         120
  C:39C1H         LINE#         121
  C:39C1H         LINE#         122
  C:39C3H         LINE#         123
  C:39C5H         LINE#         124
  C:39C7H         LINE#         126
  C:39C7H         LINE#         127
  C:39C9H         LINE#         128
  C:39CBH         LINE#         129
  C:39CBH         LINE#         130
  C:39CEH         LINE#         131
  C:39D9H         LINE#         132
  C:39DBH         LINE#         133
  C:39DDH         LINE#         134
  C:39E0H         LINE#         135
  C:39E9H         LINE#         136
  -------         ENDPROC       _I2C_SEND_BYTE
  -------         PROC          TM1637_WRITE
  -------         DO            
BL51 BANKED LINKER/LOCATER V6.22                                                      05/07/2015  16:56:44  PAGE 10


  D:0025H         SYMBOL        i
  -------         ENDDO         
  C:35F4H         LINE#         139
  C:35F4H         LINE#         140
  C:35F4H         LINE#         142
  C:35F7H         LINE#         144
  C:35FAH         LINE#         145
  C:3601H         LINE#         146
  C:3604H         LINE#         147
  C:3607H         LINE#         148
  C:360AH         LINE#         149
  C:360DH         LINE#         150
  C:3610H         LINE#         151
  C:3617H         LINE#         152
  C:361AH         LINE#         153
  C:361DH         LINE#         154
  C:3620H         LINE#         155
  C:3623H         LINE#         156
  C:3623H         LINE#         157
  C:3638H         LINE#         158
  C:363BH         LINE#         159
  C:363EH         LINE#         160
  C:3641H         LINE#         161
  C:364AH         LINE#         162
  C:364DH         LINE#         163
  C:3650H         LINE#         164
  C:3657H         LINE#         165
  C:365AH         LINE#         166
  C:365DH         LINE#         167
  C:3660H         LINE#         168
  -------         ENDPROC       TM1637_WRITE
  -------         PROC          I2C_GPIO_IN
  C:3B72H         LINE#         215
  C:3B72H         LINE#         216
  C:3B72H         LINE#         217
  C:3B74H         LINE#         218
  C:3B76H         LINE#         219
  -------         ENDPROC       I2C_GPIO_IN
  -------         PROC          I2C_GPIO_OUT
  C:3B77H         LINE#         222
  C:3B77H         LINE#         223
  C:3B77H         LINE#         224
  C:3B79H         LINE#         225
  C:3B7BH         LINE#         226
  -------         ENDPROC       I2C_GPIO_OUT
  -------         ENDMOD        I2C

  -------         MODULE        LED_DISPLAY
  C:0000H         SYMBOL        _ICE_DUMMY_
  X:002DH         PUBLIC        pItem
  D:00A0H         PUBLIC        P2
  X:0030H         SYMBOL        pMenu
  X:0033H         SYMBOL        Menu00000
  C:2EBCH         PUBLIC        MainItem
  X:00ABH         SYMBOL        DisplayItemNum
  C:2EE6H         SYMBOL        LED_ASCII
  X:00ACH         SYMBOL        DataType
BL51 BANKED LINKER/LOCATER V6.22                                                      05/07/2015  16:56:44  PAGE 11


  X:00ADH         PUBLIC        DIS_ERR_FLGA
  X:00AEH         PUBLIC        public_val
  C:27C4H         PUBLIC        _func_cfg_update
  C:2E9EH         PUBLIC        MenuItem
  X:00F0H         SYMBOL        TempInputData
  X:00F4H         SYMBOL        DisplayBitNum
  C:2F66H         PUBLIC        _func_menu_update
  X:00F5H         SYMBOL        l_stop_poll
  X:00F6H         SYMBOL        InputDataLen
  C:0800H         PUBLIC        LEDDisplay
  C:29E3H         PUBLIC        _read_menu_data
  B:00A0H.5       PUBLIC        P25
  C:38E8H         PUBLIC        _LEDClearChar
  X:00F7H         SYMBOL        Param_Range
  C:39EAH         PUBLIC        func_ver_update
  X:0133H         SYMBOL        iDefaultParm
  C:334DH         PUBLIC        _LED_ShowNumber
  C:34C5H         PUBLIC        InitLEDDisplay
  C:3970H         PUBLIC        menu_cfg
  X:0151H         PUBLIC        test_mode
  C:3817H         PUBLIC        _test_set_display
  C:22ECH         PUBLIC        _LEDShowCaption
  X:0152H         PUBLIC        main_menu_cfg
  X:015AH         SYMBOL        CycShowCount
  X:015BH         SYMBOL        PasswordBuff
  D:001EH         PUBLIC        DisplayState
  X:0160H         SYMBOL        DisplayBuff
  X:016AH         SYMBOL        Menu_Number
  X:016BH         PUBLIC        cPauseBell
  C:36CDH         PUBLIC        _LEDShowFlashString
  X:016CH         PUBLIC        now_menu
  X:0174H         SYMBOL        pDataValue
  X:0177H         SYMBOL        pMain
  X:017AH         SYMBOL        DisplayMenuTotal
  C:3178H         SYMBOL        _StrToData
  C:25BFH         SYMBOL        _DataToStr
  -------         PROC          L?0364
  -------         ENDPROC       L?0364
  -------         PROC          _LEDSHOWFLASHSTRING
  D:0025H         SYMBOL        buff
  D:0028H         SYMBOL        x
  C:36CDH         LINE#         235
  C:36D5H         LINE#         236
  C:36D5H         LINE#         238
  C:36D5H         LINE#         239
  C:371BH         LINE#         240
  C:372DH         LINE#         241
  -------         ENDPROC       _LEDSHOWFLASHSTRING
  -------         PROC          _LEDSHOWCAPTION
  D:0007H         SYMBOL        num
  -------         DO            
  D:0025H         SYMBOL        buff
  D:0028H         SYMBOL        x
  -------         ENDDO         
  C:22ECH         LINE#         243
  C:22ECH         LINE#         244
  C:22ECH         LINE#         245
BL51 BANKED LINKER/LOCATER V6.22                                                      05/07/2015  16:56:44  PAGE 12


  C:22EFH         LINE#         246
  C:236FH         LINE#         247
  C:236FH         LINE#         248
  C:236FH         LINE#         249
  C:2378H         LINE#         250
  C:237BH         LINE#         251
  C:237BH         LINE#         252
  C:2384H         LINE#         253
  C:2387H         LINE#         254
  C:2387H         LINE#         255
  C:2390H         LINE#         256
  C:2393H         LINE#         257
  C:2393H         LINE#         258
  C:239CH         LINE#         259
  C:239FH         LINE#         260
  C:239FH         LINE#         261
  C:23A8H         LINE#         262
  C:23ABH         LINE#         263
  C:23ABH         LINE#         264
  C:23B4H         LINE#         265
  C:23B7H         LINE#         266
  C:23B7H         LINE#         267
  C:23C0H         LINE#         268
  C:23C3H         LINE#         269
  C:23C3H         LINE#         270
  C:23CCH         LINE#         271
  C:23CFH         LINE#         272
  C:23CFH         LINE#         273
  C:23D8H         LINE#         274
  C:23DBH         LINE#         275
  C:23DBH         LINE#         276
  C:23E4H         LINE#         277
  C:23E7H         LINE#         278
  C:23E7H         LINE#         279
  C:23F0H         LINE#         280
  C:23F3H         LINE#         281
  C:23F3H         LINE#         282
  C:23FCH         LINE#         283
  C:23FFH         LINE#         284
  C:23FFH         LINE#         285
  C:2408H         LINE#         286
  C:240BH         LINE#         287
  C:240BH         LINE#         288
  C:2414H         LINE#         289
  C:2417H         LINE#         290
  C:2417H         LINE#         291
  C:2420H         LINE#         292
  C:2423H         LINE#         293
  C:2423H         LINE#         294
  C:242CH         LINE#         295
  C:242FH         LINE#         296
  C:242FH         LINE#         297
  C:2438H         LINE#         298
  C:243BH         LINE#         299
  C:243BH         LINE#         300
  C:2444H         LINE#         301
  C:2447H         LINE#         302
BL51 BANKED LINKER/LOCATER V6.22                                                      05/07/2015  16:56:44  PAGE 13


  C:2447H         LINE#         303
  C:2450H         LINE#         304
  C:2453H         LINE#         305
  C:2453H         LINE#         306
  C:245CH         LINE#         307
  C:245FH         LINE#         308
  C:245FH         LINE#         309
  C:2468H         LINE#         310
  C:246BH         LINE#         311
  C:246BH         LINE#         312
  C:2474H         LINE#         313
  C:2477H         LINE#         314
  C:2477H         LINE#         315
  C:2480H         LINE#         316
  C:2483H         LINE#         317
  C:2483H         LINE#         318
  C:248CH         LINE#         319
  C:248FH         LINE#         320
  C:248FH         LINE#         321
  C:2498H         LINE#         322
  C:249BH         LINE#         323
  C:249BH         LINE#         324
  C:24A4H         LINE#         325
  C:24A7H         LINE#         326
  C:24A7H         LINE#         327
  C:24B0H         LINE#         328
  C:24B3H         LINE#         329
  C:24B3H         LINE#         330
  C:24BCH         LINE#         331
  C:24BFH         LINE#         332
  C:24BFH         LINE#         333
  C:24C8H         LINE#         334
  C:24CAH         LINE#         335
  C:24CAH         LINE#         336
  C:24D3H         LINE#         337
  C:24D5H         LINE#         338
  C:24D5H         LINE#         339
  C:24DEH         LINE#         340
  C:24E0H         LINE#         341
  C:24E0H         LINE#         342
  C:24E9H         LINE#         343
  C:24EBH         LINE#         344
  C:24EBH         LINE#         345
  C:24F4H         LINE#         346
  C:24F6H         LINE#         347
  C:24F6H         LINE#         348
  C:24FFH         LINE#         349
  C:2501H         LINE#         350
  C:2501H         LINE#         351
  C:250AH         LINE#         352
  C:250CH         LINE#         353
  C:250CH         LINE#         354
  C:2515H         LINE#         355
  C:2517H         LINE#         356
  C:2517H         LINE#         357
  C:2520H         LINE#         358
  C:2522H         LINE#         359
BL51 BANKED LINKER/LOCATER V6.22                                                      05/07/2015  16:56:44  PAGE 14


  C:2522H         LINE#         360
  C:252BH         LINE#         361
  C:252DH         LINE#         362
  C:252DH         LINE#         363
  C:2536H         LINE#         364
  C:2538H         LINE#         365
  C:2538H         LINE#         366
  C:2541H         LINE#         367
  C:2541H         LINE#         368
  C:2541H         LINE#         370
  C:2541H         LINE#         371
  C:2587H         LINE#         372
  C:2599H         LINE#         373
  -------         ENDPROC       _LEDSHOWCAPTION
  -------         PROC          _LEDCLEARCHAR
  D:0004H         SYMBOL        x
  D:0001H         SYMBOL        n
  -------         DO            
  D:0005H         SYMBOL        i
  -------         ENDDO         
  C:38E8H         LINE#         413
  C:38ECH         LINE#         414
  C:38ECH         LINE#         416
  C:3913H         LINE#         417
  C:3913H         LINE#         418
  C:3928H         LINE#         419
  C:392BH         LINE#         420
  -------         ENDPROC       _LEDCLEARCHAR
  C:3343H         SYMBOL        L?0363
  -------         PROC          L?0362
  -------         ENDPROC       L?0362
  C:3343H         SYMBOL        L?0363
  -------         PROC          _LED_SHOWNUMBER
  D:0025H         SYMBOL        buff
  D:0028H         SYMBOL        x
  -------         DO            
  D:0029H         SYMBOL        TempFlag
  -------         ENDDO         
  C:334DH         LINE#         429
  C:3355H         LINE#         430
  C:3355H         LINE#         431
  C:3358H         LINE#         433
  C:3358H         LINE#         434
  C:336CH         LINE#         435
  C:336CH         LINE#         436
  C:33B2H         LINE#         438
  C:33B4H         LINE#         440
  C:33B4H         LINE#         441
  C:33FCH         LINE#         443
  C:33FFH         LINE#         444
  C:340AH         LINE#         445
  C:340AH         LINE#         446
  C:3416H         LINE#         448
  -------         ENDPROC       _LED_SHOWNUMBER
  -------         PROC          MENU_CFG
  -------         DO            
  D:0005H         SYMBOL        i
BL51 BANKED LINKER/LOCATER V6.22                                                      05/07/2015  16:56:44  PAGE 15


  -------         ENDDO         
  C:3970H         LINE#         451
  C:3970H         LINE#         452
  C:3970H         LINE#         454
  C:3972H         LINE#         455
  C:3972H         LINE#         456
  C:39AAH         LINE#         457
  C:39AEH         LINE#         458
  -------         ENDPROC       MENU_CFG
  -------         PROC          _READ_MENU_DATA
  D:0021H         SYMBOL        menu_id
  -------         DO            
  D:0022H         SYMBOL        progbyte
  D:0025H         SYMBOL        i
  D:0026H         SYMBOL        read_byte
  D:0027H         SYMBOL        progadd
  -------         ENDDO         
  C:29E3H         LINE#         468
  C:29E5H         LINE#         469
  C:29E5H         LINE#         473
  C:2A06H         LINE#         474
  C:2A17H         LINE#         475
  C:2A41H         LINE#         476
  C:2A75H         LINE#         477
  C:2A75H         LINE#         478
  C:2ABEH         LINE#         479
  C:2B0EH         LINE#         480
  C:2B48H         LINE#         482
  C:2B4DH         LINE#         484
  C:2B51H         LINE#         485
  C:2B51H         LINE#         486
  C:2B51H         LINE#         487
  C:2B5AH         LINE#         488
  C:2B5AH         LINE#         489
  C:2B5AH         LINE#         490
  C:2B7DH         LINE#         491
  C:2BAEH         LINE#         492
  C:2BAEH         LINE#         493
  C:2BC7H         LINE#         494
  C:2BD2H         LINE#         495
  C:2BEBH         LINE#         496
  C:2BF6H         LINE#         497
  C:2BFAH         LINE#         499
  -------         ENDPROC       _READ_MENU_DATA
  -------         PROC          INITLEDDISPLAY
  -------         DO            
  D:0007H         SYMBOL        TempB
  -------         ENDDO         
  C:34C5H         LINE#         510
  C:34C5H         LINE#         511
  C:34C5H         LINE#         515
  C:34C7H         LINE#         517
  C:34CEH         LINE#         518
  C:34D1H         LINE#         521
  C:34E6H         LINE#         522
  C:3509H         LINE#         523
  C:3509H         LINE#         525
BL51 BANKED LINKER/LOCATER V6.22                                                      05/07/2015  16:56:44  PAGE 16


  C:350CH         LINE#         529
  C:3522H         LINE#         530
  C:3533H         LINE#         532
  C:3538H         LINE#         536
  C:353BH         LINE#         540
  C:3540H         LINE#         541
  C:3544H         LINE#         542
  C:3549H         LINE#         543
  C:354DH         LINE#         546
  C:3551H         LINE#         547
  C:3555H         LINE#         548
  C:3559H         LINE#         550
  C:355CH         LINE#         553
  C:3563H         LINE#         554
  C:3567H         LINE#         555
  -------         ENDPROC       INITLEDDISPLAY
  -------         PROC          _FUNC_MENU_UPDATE
  D:0025H         SYMBOL        menu_id
  -------         DO            
  D:0027H         SYMBOL        progbyte
  D:002AH         SYMBOL        i
  D:0006H         SYMBOL        readbyte
  D:002BH         SYMBOL        progadd
  -------         ENDDO         
  C:2F66H         LINE#         558
  C:2F6AH         LINE#         559
  C:2F6AH         LINE#         562
  C:2F6DH         LINE#         563
  C:2F8AH         LINE#         564
  C:2F8DH         LINE#         565
  C:2F95H         LINE#         566
  C:2F95H         LINE#         567
  C:2F95H         LINE#         568
  C:2F9EH         LINE#         569
  C:2F9EH         LINE#         570
  C:2F9EH         LINE#         571
  C:2FBCH         LINE#         572
  C:2FEBH         LINE#         573
  C:2FEBH         LINE#         575
  C:2FEEH         LINE#         576
  C:2FFFH         LINE#         577
  C:3008H         LINE#         578
  C:3014H         LINE#         579
  C:301BH         LINE#         580
  C:3026H         LINE#         581
  C:302EH         LINE#         583
  C:303FH         LINE#         584
  C:3048H         LINE#         585
  C:3054H         LINE#         586
  C:305BH         LINE#         587
  C:3066H         LINE#         588
  C:306EH         LINE#         589
  C:3071H         LINE#         590
  C:3076H         LINE#         591
  -------         ENDPROC       _FUNC_MENU_UPDATE
  -------         PROC          FUNC_VER_UPDATE
  -------         DO            
BL51 BANKED LINKER/LOCATER V6.22                                                      05/07/2015  16:56:44  PAGE 17


  D:0005H         SYMBOL        progbyte
  -------         ENDDO         
  C:39EAH         LINE#         595
  C:39EAH         LINE#         596
  C:39EAH         LINE#         598
  C:39EDH         LINE#         599
  C:39F4H         LINE#         600
  C:39F7H         LINE#         601
  C:39FCH         LINE#         602
  C:39FFH         LINE#         603
  C:3A06H         LINE#         604
  C:3A0CH         LINE#         605
  C:3A13H         LINE#         606
  C:3A18H         LINE#         608
  C:3A1FH         LINE#         609
  C:3A22H         LINE#         610
  -------         ENDPROC       FUNC_VER_UPDATE
  -------         PROC          _FUNC_CFG_UPDATE
  D:0023H         SYMBOL        menu_id
  -------         DO            
  D:0025H         SYMBOL        i
  D:0026H         SYMBOL        progbyte
  D:0027H         SYMBOL        progadd
  -------         ENDDO         
  C:27C4H         LINE#         613
  C:27C8H         LINE#         614
  C:27C8H         LINE#         617
  C:27CBH         LINE#         618
  C:27E8H         LINE#         619
  C:2806H         LINE#         620
  C:282BH         LINE#         621
  C:283CH         LINE#         623
  C:286BH         LINE#         624
  C:286BH         LINE#         625
  C:28A7H         LINE#         626
  C:28B8H         LINE#         627
  C:28EEH         LINE#         628
  C:28FFH         LINE#         629
  C:293BH         LINE#         630
  C:294CH         LINE#         631
  C:2982H         LINE#         632
  C:2993H         LINE#         633
  C:29C9H         LINE#         634
  C:29DAH         LINE#         635
  C:29DFH         LINE#         636
  C:29E2H         LINE#         637
  -------         ENDPROC       _FUNC_CFG_UPDATE
  -------         PROC          _TEST_SET_DISPLAY
  D:0007H         SYMBOL        test_mode
  C:3817H         LINE#         648
  C:3817H         LINE#         649
  C:3817H         LINE#         650
  C:382BH         LINE#         651
  C:382BH         LINE#         652
  C:382BH         LINE#         653
  C:3831H         LINE#         654
  C:3833H         LINE#         655
BL51 BANKED LINKER/LOCATER V6.22                                                      05/07/2015  16:56:44  PAGE 18


  C:3833H         LINE#         656
  C:3839H         LINE#         657
  C:383BH         LINE#         658
  C:383BH         LINE#         659
  C:3841H         LINE#         660
  C:3843H         LINE#         661
  C:3843H         LINE#         662
  C:3849H         LINE#         663
  C:384BH         LINE#         664
  C:384BH         LINE#         665
  C:3851H         LINE#         666
  C:3853H         LINE#         667
  C:3853H         LINE#         668
  C:385EH         LINE#         669
  C:385EH         LINE#         670
  C:385EH         LINE#         671
  C:385EH         LINE#         672
  C:385EH         LINE#         673
  -------         ENDPROC       _TEST_SET_DISPLAY
  -------         PROC          LEDDISPLAY
  -------         DO            
  D:0021H         SYMBOL        TempDataB
  D:0022H         SYMBOL        TempValue
  X:0000H         SYMBOL        Bell_flag
  X:0001H         SYMBOL        UpdateCountB
  X:0003H         SYMBOL        TempCount
  X:0005H         SYMBOL        flash_flag
  X:0007H         SYMBOL        DisplayValueTemp
  X:000BH         SYMBOL        Key_Val
  X:000CH         SYMBOL        Pr_Key_Val
  X:000DH         SYMBOL        UpdateState
  X:000EH         SYMBOL        old_key
  X:000FH         SYMBOL        Read_key_dely
  X:0011H         SYMBOL        Read_key_dely_2
  X:0013H         SYMBOL        long_count
  X:0015H         SYMBOL        long_input_flag
  X:0017H         SYMBOL        Read_key_dely_3
  X:0019H         SYMBOL        No_key_delay
  X:001BH         SYMBOL        Main_adj_key_delay
  X:001DH         SYMBOL        Main_disp_other
  X:001FH         SYMBOL        edit_menu_id
  X:0021H         SYMBOL        bell_delay
  X:0023H         SYMBOL        long_key_count
  X:0025H         SYMBOL        long_key_step
  X:0027H         SYMBOL        pr_long_input_flag
  X:0029H         SYMBOL        war_bell_step
  X:002AH         SYMBOL        war_bell_delay
  X:002CH         SYMBOL        test_key_cnt
  D:0023H         SYMBOL        temp_max
  D:0004H         SYMBOL        i
  D:0006H         SYMBOL        iBellOnTime
  D:0006H         SYMBOL        iBellOffTime
  -------         ENDDO         
  C:0800H         LINE#         675
  C:0800H         LINE#         676
  C:0800H         LINE#         698
  C:080AH         LINE#         699
BL51 BANKED LINKER/LOCATER V6.22                                                      05/07/2015  16:56:44  PAGE 19


  C:080FH         LINE#         701
  C:0816H         LINE#         702
  C:0816H         LINE#         703
  C:0826H         LINE#         705
  C:0830H         LINE#         706
  C:0830H         LINE#         707
  C:0838H         LINE#         708
  C:083FH         LINE#         709
  C:0841H         LINE#         711
  C:0841H         LINE#         712
  C:0848H         LINE#         713
  C:0848H         LINE#         715
  C:0867H         LINE#         716
  C:0867H         LINE#         717
  C:086FH         LINE#         718
  C:0875H         LINE#         719
  C:087CH         LINE#         720
  C:0880H         LINE#         721
  C:0887H         LINE#         723
  C:088AH         LINE#         725
  C:088AH         LINE#         726
  C:088AH         LINE#         727
  C:088AH         LINE#         728
  C:088DH         LINE#         730
  C:088DH         LINE#         731
  C:08ACH         LINE#         732
  C:08ACH         LINE#         733
  C:08B3H         LINE#         734
  C:08B3H         LINE#         736
  C:08CBH         LINE#         737
  C:08CBH         LINE#         738
  C:08DAH         LINE#         739
  C:08E4H         LINE#         740
  C:08E4H         LINE#         741
  C:08E9H         LINE#         742
  C:08EFH         LINE#         743
  C:08EFH         LINE#         744
  C:08EFH         LINE#         746
  C:090EH         LINE#         747
  C:090EH         LINE#         748
  C:0916H         LINE#         749
  C:0927H         LINE#         750
  C:0927H         LINE#         751
  C:0935H         LINE#         753
  C:0946H         LINE#         754
  C:0946H         LINE#         755
  C:094EH         LINE#         756
  C:0956H         LINE#         757
  C:095DH         LINE#         758
  C:0965H         LINE#         759
  C:096EH         LINE#         760
  C:096EH         LINE#         761
  C:096EH         LINE#         762
  C:0970H         LINE#         764
  C:0970H         LINE#         765
  C:0975H         LINE#         767
  C:0975H         LINE#         768
BL51 BANKED LINKER/LOCATER V6.22                                                      05/07/2015  16:56:44  PAGE 20


  C:0975H         LINE#         770
  C:097FH         LINE#         771
  C:097FH         LINE#         772
  C:099EH         LINE#         773
  C:099EH         LINE#         774
  C:09ACH         LINE#         775
  C:09BEH         LINE#         776
  C:09BEH         LINE#         777
  C:09C5H         LINE#         778
  C:09C5H         LINE#         779
  C:09C9H         LINE#         780
  C:09D1H         LINE#         781
  C:09D7H         LINE#         782
  C:09D7H         LINE#         783
  C:09D7H         LINE#         785
  C:09DEH         LINE#         786
  C:09DEH         LINE#         787
  C:09E5H         LINE#         788
  C:09E5H         LINE#         789
  C:09EBH         LINE#         790
  C:09EDH         LINE#         792
  C:09EDH         LINE#         793
  C:09F2H         LINE#         794
  C:09F2H         LINE#         795
  C:09F2H         LINE#         797
  C:0A1DH         LINE#         798
  C:0A1DH         LINE#         799
  C:0A1DH         LINE#         800
  C:0A1DH         LINE#         801
  C:0A3CH         LINE#         802
  C:0A3CH         LINE#         803
  C:0A3CH         LINE#         805
  C:0A41H         LINE#         807
  C:0A4BH         LINE#         808
  C:0A4BH         LINE#         810
  C:0A51H         LINE#         811
  C:0A6DH         LINE#         812
  C:0A76H         LINE#         813
  C:0A79H         LINE#         814
  C:0A7CH         LINE#         815
  C:0A81H         LINE#         817
  C:0AA5H         LINE#         818
  C:0AAFH         LINE#         819
  C:0AB6H         LINE#         822
  C:0AB6H         LINE#         824
  C:0AB6H         LINE#         825
  C:0ABDH         LINE#         826
  C:0ABDH         LINE#         828
  C:0AC0H         LINE#         830
  C:0AC0H         LINE#         832
  C:0AC5H         LINE#         834
  C:0AD9H         LINE#         835
  C:0AD9H         LINE#         836
  C:0AEDH         LINE#         837
  C:0AEDH         LINE#         838
  C:0AF7H         LINE#         839
  C:0AFAH         LINE#         840
BL51 BANKED LINKER/LOCATER V6.22                                                      05/07/2015  16:56:44  PAGE 21


  C:0B01H         LINE#         841
  C:0B08H         LINE#         842
  C:0B0FH         LINE#         843
  C:0B16H         LINE#         844
  C:0B1DH         LINE#         845
  C:0B20H         LINE#         846
  C:0B20H         LINE#         847
  C:0B20H         LINE#         851
  C:0B2FH         LINE#         852
  C:0B2FH         LINE#         853
  C:0B3EH         LINE#         855
  C:0B4CH         LINE#         857
  C:0B5CH         LINE#         858
  C:0B5CH         LINE#         859
  C:0B5CH         LINE#         860
  C:0B5EH         LINE#         869
  C:0B5EH         LINE#         871
  C:0B63H         LINE#         873
  C:0B72H         LINE#         875
  C:0B7CH         LINE#         876
  C:0B7CH         LINE#         877
  C:0B8AH         LINE#         879
  C:0B9CH         LINE#         880
  C:0B9CH         LINE#         881
  C:0BA1H         LINE#         882
  C:0BA3H         LINE#         884
  C:0BA3H         LINE#         885
  C:0BA8H         LINE#         886
  C:0BA8H         LINE#         887
  C:0BAAH         LINE#         889
  C:0BAAH         LINE#         890
  C:0BB2H         LINE#         891
  C:0BB2H         LINE#         893
  C:0BB4H         LINE#         895
  C:0BB4H         LINE#         897
  C:0BBEH         LINE#         898
  C:0BBEH         LINE#         899
  C:0BC9H         LINE#         900
  C:0BC9H         LINE#         901
  C:0BCCH         LINE#         902
  C:0BCCH         LINE#         903
  C:0BCEH         LINE#         905
  C:0BCEH         LINE#         906
  C:0BD3H         LINE#         907
  C:0BD3H         LINE#         909
  C:0BE2H         LINE#         910
  C:0BE9H         LINE#         912
  C:0BE9H         LINE#         914
  C:0BE9H         LINE#         916
  C:0BF6H         LINE#         917
  C:0BF6H         LINE#         918
  C:0C03H         LINE#         919
  C:0C09H         LINE#         921
  C:0C0FH         LINE#         922
  C:0C0FH         LINE#         923
  C:0C13H         LINE#         924
  C:0C13H         LINE#         925
BL51 BANKED LINKER/LOCATER V6.22                                                      05/07/2015  16:56:44  PAGE 22


  C:0C18H         LINE#         926
  C:0C18H         LINE#         927
  C:0C1EH         LINE#         928
  C:0C26H         LINE#         929
  C:0C28H         LINE#         931
  C:0C28H         LINE#         932
  C:0C2FH         LINE#         933
  C:0C2FH         LINE#         935
  C:0C3DH         LINE#         936
  C:0C40H         LINE#         941
  C:0C43H         LINE#         946
  C:0C46H         LINE#         948
  C:0C46H         LINE#         949
  C:0C4DH         LINE#         950
  C:0C61H         LINE#         951
  C:0C65H         LINE#         952
  C:0C65H         LINE#         953
  C:0C6DH         LINE#         954
  C:0C6DH         LINE#         955
  C:0C72H         LINE#         960
  C:0C7DH         LINE#         962
  C:0C83H         LINE#         964
  C:0C83H         LINE#         965
  C:0C85H         LINE#         967
  C:0C85H         LINE#         969
  C:0C90H         LINE#         970
  C:0C98H         LINE#         971
  C:0CA0H         LINE#         972
  C:0CA5H         LINE#         977
  C:0CB0H         LINE#         979
  C:0CB5H         LINE#         980
  C:0CB5H         LINE#         982
  C:0CBEH         LINE#         983
  C:0CD8H         LINE#         984
  C:0CD8H         LINE#         985
  C:0CDAH         LINE#         986
  C:0CE0H         LINE#         987
  C:0CE7H         LINE#         988
  C:0CE7H         LINE#         989
  C:0CEAH         LINE#         990
  C:0CF6H         LINE#         991
  C:0CF6H         LINE#         992
  C:0D00H         LINE#         993
  C:0D0CH         LINE#         994
  C:0D11H         LINE#         999
  C:0D1CH         LINE#         1001
  C:0D3DH         LINE#         1002
  C:0D3DH         LINE#         1003
  C:0D44H         LINE#         1004
  C:0D5EH         LINE#         1005
  C:0D5EH         LINE#         1006
  C:0D66H         LINE#         1007
  C:0D6CH         LINE#         1009
  C:0D6CH         LINE#         1010
  C:0D6CH         LINE#         1012
  C:0D6FH         LINE#         1013
  C:0D7BH         LINE#         1014
BL51 BANKED LINKER/LOCATER V6.22                                                      05/07/2015  16:56:44  PAGE 23


  C:0D7BH         LINE#         1015
  C:0D85H         LINE#         1016
  C:0D88H         LINE#         1021
  C:0D8BH         LINE#         1022
  C:0DA9H         LINE#         1023
  C:0DA9H         LINE#         1024
  C:0DB2H         LINE#         1025
  C:0DB2H         LINE#         1026
  C:0DB4H         LINE#         1027
  C:0DC0H         LINE#         1028
  C:0DC0H         LINE#         1029
  C:0DD1H         LINE#         1030
  C:0DDAH         LINE#         1031
  C:0DDDH         LINE#         1036
  C:0DE0H         LINE#         1037
  C:0DE0H         LINE#         1038
  C:0DE0H         LINE#         1040
  C:0DEBH         LINE#         1041
  C:0DEBH         LINE#         1042
  C:0DECH         LINE#         1043
  C:0DF1H         LINE#         1044
  C:0DF9H         LINE#         1046
  C:0DF9H         LINE#         1047
  C:0DF9H         LINE#         1049
  C:0DFBH         LINE#         1051
  C:0DFBH         LINE#         1052
  C:0E0EH         LINE#         1053
  C:0E0EH         LINE#         1054
  C:0E0EH         LINE#         1055
  C:0E15H         LINE#         1056
  C:0E1BH         LINE#         1057
  C:0E20H         LINE#         1058
  C:0E26H         LINE#         1059
  C:0E2CH         LINE#         1060
  C:0E31H         LINE#         1061
  C:0E33H         LINE#         1062
  C:0E36H         LINE#         1064
  C:0E36H         LINE#         1065
  C:0E41H         LINE#         1066
  C:0E41H         LINE#         1067
  C:0E44H         LINE#         1068
  C:0E44H         LINE#         1069
  C:0E4CH         LINE#         1071
  C:0E5AH         LINE#         1072
  C:0E5AH         LINE#         1073
  C:0E5DH         LINE#         1074
  C:0E5DH         LINE#         1075
  C:0E60H         LINE#         1077
  C:0E60H         LINE#         1078
  C:0E6BH         LINE#         1079
  C:0E6BH         LINE#         1080
  C:0E6EH         LINE#         1081
  C:0E6EH         LINE#         1082
  C:0E76H         LINE#         1083
  C:0E79H         LINE#         1085
  C:0E79H         LINE#         1086
  C:0E79H         LINE#         1087
BL51 BANKED LINKER/LOCATER V6.22                                                      05/07/2015  16:56:44  PAGE 24


  C:0E79H         LINE#         1090
  C:0E79H         LINE#         1092
  C:0E79H         LINE#         1093
  C:0E79H         LINE#         1094
  C:0E8FH         LINE#         1095
  C:0E8FH         LINE#         1096
  C:0E8FH         LINE#         1097
  C:0E96H         LINE#         1098
  C:0E9CH         LINE#         1099
  C:0EA1H         LINE#         1100
  C:0EA7H         LINE#         1101
  C:0EADH         LINE#         1102
  C:0EB2H         LINE#         1103
  C:0EB7H         LINE#         1105
  C:0EBAH         LINE#         1106
  C:0EBAH         LINE#         1107
  C:0EC4H         LINE#         1108
  C:0ECDH         LINE#         1109
  C:0ECDH         LINE#         1110
  C:0ECDH         LINE#         1111
  C:0ECFH         LINE#         1112
  C:0ECFH         LINE#         1113
  C:0EE6H         LINE#         1114
  C:0EE8H         LINE#         1115
  C:0EF0H         LINE#         1116
  C:0EF4H         LINE#         1117
  C:0EF7H         LINE#         1118
  C:0EF7H         LINE#         1119
  C:0EFDH         LINE#         1120
  C:0EFDH         LINE#         1123
  C:0EFDH         LINE#         1124
  C:0F03H         LINE#         1125
  C:0F09H         LINE#         1126
  C:0F29H         LINE#         1127
  C:0F2FH         LINE#         1129
  C:0F5BH         LINE#         1130
  C:0F61H         LINE#         1131
  C:0F7FH         LINE#         1137
  C:0F85H         LINE#         1139
  C:0F8BH         LINE#         1140
  C:0F8DH         LINE#         1141
  C:0F9BH         LINE#         1142
  C:0F9BH         LINE#         1143
  C:0F9BH         LINE#         1144
  C:0FB2H         LINE#         1145
  C:0FB8H         LINE#         1146
  C:0FCFH         LINE#         1147
  C:0FD5H         LINE#         1148
  C:0FD5H         LINE#         1149
  C:0FD7H         LINE#         1150
  C:0FD7H         LINE#         1151
  C:0FDDH         LINE#         1152
  C:0FF4H         LINE#         1153
  C:0FFAH         LINE#         1154
  C:0FFAH         LINE#         1155
  C:0FFCH         LINE#         1156
  C:0FFCH         LINE#         1157
BL51 BANKED LINKER/LOCATER V6.22                                                      05/07/2015  16:56:44  PAGE 25


  C:1002H         LINE#         1158
  C:1004H         LINE#         1159
  C:101AH         LINE#         1160
  C:101AH         LINE#         1161
  C:101AH         LINE#         1162
  C:1021H         LINE#         1163
  C:1026H         LINE#         1164
  C:1026H         LINE#         1166
  C:1026H         LINE#         1167
  C:1026H         LINE#         1169
  C:1035H         LINE#         1170
  C:1035H         LINE#         1171
  C:1041H         LINE#         1172
  C:1044H         LINE#         1173
  C:1044H         LINE#         1174
  C:1051H         LINE#         1176
  C:107FH         LINE#         1177
  C:1094H         LINE#         1179
  C:109CH         LINE#         1180
  C:10B9H         LINE#         1185
  C:10C3H         LINE#         1186
  C:10C3H         LINE#         1187
  C:10C6H         LINE#         1189
  C:10C6H         LINE#         1190
  C:10C6H         LINE#         1191
  C:10E2H         LINE#         1192
  C:10E2H         LINE#         1193
  C:10E2H         LINE#         1194
  C:10E8H         LINE#         1195
  C:10EBH         LINE#         1196
  C:10EBH         LINE#         1197
  C:111AH         LINE#         1198
  C:111AH         LINE#         1200
  C:111AH         LINE#         1202
  C:111AH         LINE#         1203
  C:1153H         LINE#         1204
  C:1184H         LINE#         1205
  C:1198H         LINE#         1206
  C:1198H         LINE#         1207
  C:119BH         LINE#         1208
  C:119BH         LINE#         1209
  C:11CAH         LINE#         1210
  C:11CAH         LINE#         1212
  C:11CAH         LINE#         1214
  C:11CAH         LINE#         1215
  C:11F8H         LINE#         1216
  C:120EH         LINE#         1217
  C:122EH         LINE#         1218
  C:123EH         LINE#         1219
  C:123EH         LINE#         1220
  C:1241H         LINE#         1221
  C:1241H         LINE#         1222
  C:1247H         LINE#         1223
  C:1254H         LINE#         1224
  C:1254H         LINE#         1225
  C:126BH         LINE#         1226
  C:12CDH         LINE#         1227
BL51 BANKED LINKER/LOCATER V6.22                                                      05/07/2015  16:56:44  PAGE 26


  C:12CDH         LINE#         1228
  C:12DFH         LINE#         1229
  C:12DFH         LINE#         1230
  C:12DFH         LINE#         1231
  C:12FEH         LINE#         1232
  C:1300H         LINE#         1233
  C:1300H         LINE#         1234
  C:131EH         LINE#         1235
  C:1320H         LINE#         1236
  C:1320H         LINE#         1237
  C:133AH         LINE#         1238
  C:133AH         LINE#         1239
  C:133AH         LINE#         1240
  C:1341H         LINE#         1241
  C:1341H         LINE#         1242
  C:1344H         LINE#         1243
  C:134CH         LINE#         1244
  C:134CH         LINE#         1245
  C:1357H         LINE#         1248
  C:1378H         LINE#         1250
  C:1378H         LINE#         1251
  C:137AH         LINE#         1252
  C:137AH         LINE#         1253
  C:139FH         LINE#         1254
  C:13AAH         LINE#         1255
  C:13AAH         LINE#         1257
  C:13B0H         LINE#         1259
  C:13B0H         LINE#         1260
  C:13B0H         LINE#         1261
  C:13B0H         LINE#         1262
  C:13B0H         LINE#         1264
  C:13C4H         LINE#         1265
  C:13C4H         LINE#         1266
  C:13CEH         LINE#         1267
  C:13D1H         LINE#         1269
  C:13D1H         LINE#         1270
  C:13D9H         LINE#         1271
  C:13FAH         LINE#         1277
  C:140FH         LINE#         1278
  C:1415H         LINE#         1279
  C:142CH         LINE#         1280
  C:1432H         LINE#         1281
  C:1441H         LINE#         1282
  C:144CH         LINE#         1284
  C:144CH         LINE#         1285
  C:144CH         LINE#         1286
  C:144EH         LINE#         1288
  C:144EH         LINE#         1289
  C:144EH         LINE#         1290
  C:146CH         LINE#         1291
  C:146CH         LINE#         1292
  C:1478H         LINE#         1293
  C:147AH         LINE#         1295
  C:147AH         LINE#         1296
  C:1485H         LINE#         1297
  C:1485H         LINE#         1298
  C:1485H         LINE#         1299
BL51 BANKED LINKER/LOCATER V6.22                                                      05/07/2015  16:56:44  PAGE 27


  C:1487H         LINE#         1301
  C:1487H         LINE#         1302
  C:148DH         LINE#         1304
  C:148DH         LINE#         1306
  C:148DH         LINE#         1309
  C:1493H         LINE#         1310
  C:1493H         LINE#         1311
  C:1495H         LINE#         1312
  C:14A4H         LINE#         1313
  C:14A6H         LINE#         1315
  C:14A6H         LINE#         1316
  C:14C4H         LINE#         1317
  C:14C4H         LINE#         1318
  C:14DCH         LINE#         1319
  C:14E1H         LINE#         1320
  C:14E1H         LINE#         1321
  C:14E1H         LINE#         1324
  C:14FBH         LINE#         1325
  C:14FBH         LINE#         1326
  C:14FBH         LINE#         1327
  C:150AH         LINE#         1328
  C:1511H         LINE#         1329
  C:1517H         LINE#         1330
  C:151AH         LINE#         1331
  C:151AH         LINE#         1333
  C:152AH         LINE#         1334
  C:1547H         LINE#         1335
  C:1547H         LINE#         1336
  C:154FH         LINE#         1337
  C:1556H         LINE#         1338
  C:155CH         LINE#         1339
  C:155CH         LINE#         1340
  C:155EH         LINE#         1341
  C:155EH         LINE#         1343
  C:156DH         LINE#         1344
  C:158AH         LINE#         1345
  C:158AH         LINE#         1346
  C:1592H         LINE#         1347
  C:1598H         LINE#         1348
  C:1598H         LINE#         1349
  C:159AH         LINE#         1350
  C:159AH         LINE#         1351
  C:15AFH         LINE#         1354
  C:15AFH         LINE#         1355
  C:15B3H         LINE#         1356
  C:15B5H         LINE#         1358
  C:15B5H         LINE#         1359
  C:15BBH         LINE#         1360
  C:15BBH         LINE#         1361
  C:15BBH         LINE#         1362
  C:15BBH         LINE#         1364
  C:15C1H         LINE#         1365
  C:15C1H         LINE#         1366
  C:15C3H         LINE#         1367
  C:15C5H         LINE#         1369
  C:15C5H         LINE#         1370
  C:15C7H         LINE#         1371
BL51 BANKED LINKER/LOCATER V6.22                                                      05/07/2015  16:56:44  PAGE 28


  C:15C7H         LINE#         1374
  C:15CAH         LINE#         1377
  -------         ENDPROC       LEDDISPLAY
  C:259BH         SYMBOL        L?0358
  C:259DH         SYMBOL        L?0359
  C:25A3H         SYMBOL        L?0360
  C:25BBH         SYMBOL        L?0361
  -------         PROC          L?0357
  -------         ENDPROC       L?0357
  C:259BH         SYMBOL        L?0358
  C:259DH         SYMBOL        L?0359
  C:25A3H         SYMBOL        L?0360
  C:25BBH         SYMBOL        L?0361
  -------         PROC          _DATATOSTR
  D:0001H         SYMBOL        pData
  D:0028H         SYMBOL        size
  D:0029H         SYMBOL        nBit
  D:002AH         SYMBOL        nPoint
  D:002BH         SYMBOL        string
  D:002EH         SYMBOL        nFlag
  D:002FH         SYMBOL        nType
  -------         DO            
  D:0030H         SYMBOL        DataS32Bit
  D:0034H         SYMBOL        spaces
  D:0035H         SYMBOL        Temp
  D:0036H         SYMBOL        module
  D:0037H         SYMBOL        SignZero
  -------         ENDDO         
  C:25BFH         LINE#         1387
  C:25C1H         LINE#         1388
  C:25C1H         LINE#         1394
  C:25CCH         LINE#         1395
  C:25CFH         LINE#         1396
  C:25D1H         LINE#         1400
  C:25D4H         LINE#         1402
  C:25DCH         LINE#         1403
  C:25E1H         LINE#         1404
  C:25E1H         LINE#         1405
  C:25E5H         LINE#         1406
  C:25EDH         LINE#         1408
  C:25F8H         LINE#         1409
  C:25FAH         LINE#         1410
  C:25FFH         LINE#         1411
  C:25FFH         LINE#         1412
  C:2603H         LINE#         1413
  C:2614H         LINE#         1415
  C:261CH         LINE#         1416
  C:261EH         LINE#         1417
  C:2622H         LINE#         1418
  C:2622H         LINE#         1419
  C:2626H         LINE#         1420
  C:262FH         LINE#         1422
  C:2634H         LINE#         1423
  C:2636H         LINE#         1425
  C:2639H         LINE#         1427
  C:2652H         LINE#         1428
  C:2652H         LINE#         1429
BL51 BANKED LINKER/LOCATER V6.22                                                      05/07/2015  16:56:44  PAGE 29


  C:2655H         LINE#         1430
  C:2657H         LINE#         1431
  C:2657H         LINE#         1432
  C:2657H         LINE#         1433
  C:2657H         LINE#         1434
  C:2657H         LINE#         1435
  C:265AH         LINE#         1436
  C:265CH         LINE#         1437
  C:265CH         LINE#         1438
  C:265FH         LINE#         1439
  C:265FH         LINE#         1440
  C:265FH         LINE#         1442
  C:266AH         LINE#         1443
  C:266CH         LINE#         1444
  C:2675H         LINE#         1445
  C:2675H         LINE#         1446
  C:267EH         LINE#         1447
  C:2681H         LINE#         1448
  C:2681H         LINE#         1451
  C:2681H         LINE#         1452
  C:268AH         LINE#         1453
  C:268AH         LINE#         1454
  C:26B8H         LINE#         1455
  C:26DAH         LINE#         1456
  C:26DCH         LINE#         1458
  C:26DCH         LINE#         1459
  C:26E8H         LINE#         1460
  C:26F4H         LINE#         1462
  C:2701H         LINE#         1463
  C:2701H         LINE#         1465
  C:2710H         LINE#         1467
  C:2714H         LINE#         1468
  C:2714H         LINE#         1469
  C:2721H         LINE#         1470
  C:2736H         LINE#         1471
  C:2739H         LINE#         1472
  C:2739H         LINE#         1474
  C:273CH         LINE#         1475
  C:273EH         LINE#         1477
  C:273EH         LINE#         1478
  C:2775H         LINE#         1479
  C:2775H         LINE#         1480
  C:2784H         LINE#         1481
  C:2786H         LINE#         1482
  C:2786H         LINE#         1484
  C:2786H         LINE#         1485
  C:2786H         LINE#         1486
  C:2786H         LINE#         1487
  C:2788H         LINE#         1488
  C:278AH         LINE#         1489
  C:278EH         LINE#         1490
  C:278EH         LINE#         1491
  C:27A5H         LINE#         1492
  C:27A5H         LINE#         1493
  C:27AEH         LINE#         1494
  C:27B5H         LINE#         1495
  C:27C1H         LINE#         1496
BL51 BANKED LINKER/LOCATER V6.22                                                      05/07/2015  16:56:44  PAGE 30


  C:27C3H         LINE#         1497
  -------         ENDPROC       _DATATOSTR
  -------         PROC          _STRTODATA
  D:0025H         SYMBOL        string
  D:0003H         SYMBOL        len
  D:0029H         SYMBOL        nType
  -------         DO            
  D:002AH         SYMBOL        x
  D:002EH         SYMBOL        bi
  D:0032H         SYMBOL        i
  D:0033H         SYMBOL        module
  -------         ENDDO         
  C:3178H         LINE#         1506
  C:3180H         LINE#         1507
  C:3180H         LINE#         1511
  C:318DH         LINE#         1512
  C:318DH         LINE#         1513
  C:3190H         LINE#         1514
  C:3192H         LINE#         1515
  C:3192H         LINE#         1516
  C:3195H         LINE#         1517
  C:3197H         LINE#         1518
  C:3197H         LINE#         1519
  C:319AH         LINE#         1520
  C:319AH         LINE#         1521
  C:319AH         LINE#         1522
  C:31A3H         LINE#         1523
  C:31ACH         LINE#         1524
  C:31BAH         LINE#         1525
  C:31BAH         LINE#         1526
  C:31BCH         LINE#         1527
  C:31DFH         LINE#         1528
  C:31DFH         LINE#         1529
  C:321BH         LINE#         1530
  C:3237H         LINE#         1531
  C:3237H         LINE#         1532
  C:323AH         LINE#         1533
  C:325AH         LINE#         1534
  C:3265H         LINE#         1536
  C:326DH         LINE#         1538
  -------         ENDPROC       _STRTODATA
  -------         ENDMOD        LED_DISPLAY

  -------         MODULE        EEPROM
  C:0000H         SYMBOL        _ICE_DUMMY_
  C:385FH         PUBLIC        _IapEraseSector
  B:00A8H.7       PUBLIC        EA
  C:377EH         PUBLIC        _IapProgramByte
  D:00C5H         PUBLIC        IAP_CMD
  D:00C3H         PUBLIC        IAP_ADDRH
  D:00C4H         PUBLIC        IAP_ADDRL
  C:3ACDH         PUBLIC        _IapReadByte
  D:00C7H         PUBLIC        IAP_CONTR
  D:00C2H         PUBLIC        IAP_DATA
  C:3B5CH         PUBLIC        iapidle
  D:00C6H         PUBLIC        IAP_TRIG
  -------         PROC          IAPIDLE
BL51 BANKED LINKER/LOCATER V6.22                                                      05/07/2015  16:56:44  PAGE 31


  C:3B5CH         LINE#         26
  C:3B5CH         LINE#         27
  C:3B5CH         LINE#         28
  C:3B5FH         LINE#         29
  C:3B61H         LINE#         30
  C:3B63H         LINE#         31
  C:3B66H         LINE#         32
  C:3B68H         LINE#         33
  -------         ENDPROC       IAPIDLE
  -------         PROC          _IAPREADBYTE
  D:0006H         SYMBOL        addr
  -------         DO            
  D:0007H         SYMBOL        dat
  -------         ENDDO         
  C:3ACDH         LINE#         37
  C:3ACDH         LINE#         38
  C:3ACDH         LINE#         40
  C:3ACFH         LINE#         41
  C:3AD2H         LINE#         42
  C:3AD5H         LINE#         43
  C:3AD7H         LINE#         44
  C:3AD9H         LINE#         45
  C:3ADCH         LINE#         46
  C:3ADFH         LINE#         47
  C:3AE0H         LINE#         48
  C:3AE1H         LINE#         49
  C:3AE3H         LINE#         50
  C:3AE6H         LINE#         51
  C:3AE8H         LINE#         52
  C:3AE8H         LINE#         53
  -------         ENDPROC       _IAPREADBYTE
  -------         PROC          _IAPPROGRAMBYTE
  D:0006H         SYMBOL        addr
  D:0005H         SYMBOL        dat
  C:377EH         LINE#         58
  C:377EH         LINE#         59
  C:377EH         LINE#         61
  C:3787H         LINE#         62
  C:3787H         LINE#         63
  C:3789H         LINE#         64
  C:378EH         LINE#         65
  C:3791H         LINE#         66
  C:3797H         LINE#         67
  C:379AH         LINE#         68
  C:37A0H         LINE#         69
  C:37A2H         LINE#         70
  C:37A8H         LINE#         71
  C:37AAH         LINE#         72
  C:37B3H         LINE#         73
  C:37B5H         LINE#         74
  C:37BBH         LINE#         75
  C:37BEH         LINE#         76
  C:37C4H         LINE#         77
  C:37C7H         LINE#         78
  C:37C8H         LINE#         79
  C:37CBH         LINE#         80
  C:37CDH         LINE#         81
BL51 BANKED LINKER/LOCATER V6.22                                                      05/07/2015  16:56:44  PAGE 32


  C:37CDH         LINE#         83
  -------         ENDPROC       _IAPPROGRAMBYTE
  -------         PROC          _IAPERASESECTOR
  D:0006H         SYMBOL        addr
  C:385FH         LINE#         88
  C:385FH         LINE#         89
  C:385FH         LINE#         91
  C:3868H         LINE#         92
  C:3868H         LINE#         93
  C:386AH         LINE#         94
  C:386FH         LINE#         95
  C:3872H         LINE#         96
  C:3878H         LINE#         97
  C:387BH         LINE#         98
  C:3881H         LINE#         99
  C:3883H         LINE#         100
  C:3889H         LINE#         101
  C:388BH         LINE#         102
  C:3891H         LINE#         103
  C:3894H         LINE#         104
  C:389AH         LINE#         105
  C:389DH         LINE#         106
  C:389EH         LINE#         107
  C:38A1H         LINE#         108
  C:38A3H         LINE#         109
  C:38A3H         LINE#         111
  -------         ENDPROC       _IAPERASESECTOR
  -------         ENDMOD        EEPROM

  -------         MODULE        SAVE_CNT
  C:0000H         SYMBOL        _ICE_DUMMY_
  C:2BFBH         PUBLIC        read_xt_num
  C:326EH         PUBLIC        save_xt_num
  -------         PROC          SAVE_XT_NUM
  -------         DO            
  D:0050H         SYMBOL        progbyte
  D:0053H         SYMBOL        i
  D:0054H         SYMBOL        progadd
  D:0056H         SYMBOL        add_index
  D:005AH         SYMBOL        temp_32
  D:0002H         SYMBOL        over_num
  -------         ENDDO         
  C:326EH         LINE#         5
  C:326EH         LINE#         6
  C:326EH         LINE#         8
  C:3274H         LINE#         10
  C:3277H         LINE#         12
  C:329AH         LINE#         13
  C:32A0H         LINE#         14
  C:32ABH         LINE#         16
  C:32B6H         LINE#         17
  C:32B6H         LINE#         18
  C:32B9H         LINE#         19
  C:32C8H         LINE#         20
  C:32CBH         LINE#         21
  C:32CBH         LINE#         23
  C:32E0H         LINE#         24
BL51 BANKED LINKER/LOCATER V6.22                                                      05/07/2015  16:56:44  PAGE 33


  C:32F9H         LINE#         26
  C:3303H         LINE#         27
  C:330CH         LINE#         29
  C:330FH         LINE#         30
  C:3312H         LINE#         31
  C:3312H         LINE#         32
  C:3323H         LINE#         33
  C:332EH         LINE#         34
  C:3336H         LINE#         35
  C:333FH         LINE#         36
  C:3342H         LINE#         38
  -------         ENDPROC       SAVE_XT_NUM
  -------         PROC          READ_XT_NUM
  -------         DO            
  D:0021H         SYMBOL        progbyte
  D:0024H         SYMBOL        progadd
  D:0026H         SYMBOL        read_word
  D:0032H         SYMBOL        max_val
  D:0036H         SYMBOL        max_idx
  D:003AH         SYMBOL        ver_data
  D:0046H         SYMBOL        max_ver_data
  D:004EH         SYMBOL        i
  -------         ENDDO         
  C:2BFBH         LINE#         43
  C:2BFBH         LINE#         44
  C:2BFBH         LINE#         47
  C:2C01H         LINE#         48
  C:2C14H         LINE#         52
  C:2C18H         LINE#         53
  C:2C18H         LINE#         54
  C:2C2EH         LINE#         55
  C:2C37H         LINE#         56
  C:2C47H         LINE#         57
  C:2C52H         LINE#         58
  C:2C68H         LINE#         59
  C:2C73H         LINE#         60
  C:2C89H         LINE#         61
  C:2C94H         LINE#         62
  C:2CAAH         LINE#         63
  C:2CB6H         LINE#         64
  C:2CC2H         LINE#         65
  C:2CCCH         LINE#         66
  C:2CD8H         LINE#         67
  C:2CEDH         LINE#         68
  C:2CEDH         LINE#         69
  C:2CFCH         LINE#         70
  C:2CFCH         LINE#         71
  C:2D08H         LINE#         72
  C:2D14H         LINE#         73
  C:2D20H         LINE#         74
  C:2D2BH         LINE#         75
  C:2D3CH         LINE#         76
  C:2D3CH         LINE#         77
  C:2D48H         LINE#         78
  C:2D48H         LINE#         79
  C:2D48H         LINE#         80
  C:2D48H         LINE#         82
BL51 BANKED LINKER/LOCATER V6.22                                                      05/07/2015  16:56:44  PAGE 34


  C:2D54H         LINE#         83
  C:2D68H         LINE#         86
  C:2D7DH         LINE#         87
  C:2D7DH         LINE#         88
  C:2D9EH         LINE#         89
  C:2D9EH         LINE#         90
  C:2DACH         LINE#         91
  C:2DACH         LINE#         93
  C:2DACH         LINE#         94
  C:2DB6H         LINE#         95
  C:2DB6H         LINE#         96
  C:2DB7H         LINE#         98
  C:2DB7H         LINE#         99
  C:2DC1H         LINE#         100
  C:2DC4H         LINE#         101
  C:2DC4H         LINE#         103
  -------         ENDPROC       READ_XT_NUM
  -------         ENDMOD        SAVE_CNT

  -------         MODULE        UART
  C:0000H         SYMBOL        _ICE_DUMMY_
  D:00A0H         PUBLIC        P2
  B:00A8H.7       PUBLIC        EA
  C:3A85H         PUBLIC        _SendString
  C:3B69H         PUBLIC        _SendData
  B:00A8H.4       PUBLIC        ES
  B:0098H.0       PUBLIC        RI
  B:0098H.1       PUBLIC        TI
  C:37CEH         PUBLIC        Uart
  C:3663H         PUBLIC        _Send_UartBuf
  C:1ED1H         PUBLIC        frame_info_func
  D:0099H         PUBLIC        SBUF
  D:0098H         PUBLIC        SCON
  D:0089H         PUBLIC        TMOD
  D:0012H         PUBLIC        temp_char
  X:0180H         PUBLIC        Uart_RecBuf
  C:3A59H         PUBLIC        check_uart_rec
  D:0013H         PUBLIC        com_data
  D:008EH         PUBLIC        AUXR
  C:3AAAH         SYMBOL        frame_par_func
  B:0020H.0       PUBLIC        busy
  C:3417H         PUBLIC        rec_data_func
  D:00E0H         PUBLIC        ACC
  D:008DH         PUBLIC        TH1
  B:00D0H.0       PUBLIC        P
  D:008BH         PUBLIC        TL1
  C:3AFFH         PUBLIC        uart_init
  B:0088H.6       PUBLIC        TR1
  C:1A80H         PUBLIC        uart_data_step
  -------         PROC          UART_INIT
  C:3AFFH         LINE#         41
  C:3AFFH         LINE#         42
  C:3AFFH         LINE#         44
  C:3B02H         LINE#         51
  C:3B05H         LINE#         52
  C:3B08H         LINE#         53
  C:3B0BH         LINE#         54
BL51 BANKED LINKER/LOCATER V6.22                                                      05/07/2015  16:56:44  PAGE 35


  C:3B0EH         LINE#         55
  C:3B10H         LINE#         56
  C:3B12H         LINE#         57
  C:3B14H         LINE#         61
  -------         ENDPROC       UART_INIT
  -------         PROC          UART
  C:37CEH         LINE#         67
  C:37D9H         LINE#         69
  C:37DCH         LINE#         70
  C:37DCH         LINE#         71
  C:37DEH         LINE#         72
  C:37F2H         LINE#         73
  C:37F8H         LINE#         74
  C:3807H         LINE#         75
  C:3807H         LINE#         76
  C:380AH         LINE#         77
  C:380AH         LINE#         78
  C:380CH         LINE#         79
  C:380EH         LINE#         80
  C:380EH         LINE#         81
  -------         ENDPROC       UART
  -------         PROC          CHECK_UART_REC
  C:3A59H         LINE#         89
  C:3A59H         LINE#         90
  C:3A59H         LINE#         91
  C:3A60H         LINE#         92
  C:3A60H         LINE#         93
  C:3A7EH         LINE#         94
  C:3A7EH         LINE#         95
  C:3A84H         LINE#         96
  C:3A84H         LINE#         97
  C:3A84H         LINE#         98
  -------         ENDPROC       CHECK_UART_REC
  -------         PROC          _SENDDATA
  D:0007H         SYMBOL        dat
  C:3B69H         LINE#         103
  C:3B69H         LINE#         104
  C:3B69H         LINE#         105
  C:3B6CH         LINE#         106
  C:3B6DH         LINE#         107
  C:3B6DH         LINE#         108
  C:3B6DH         LINE#         114
  C:3B6DH         LINE#         116
  C:3B6DH         LINE#         122
  C:3B6DH         LINE#         123
  C:3B6FH         LINE#         124
  C:3B71H         LINE#         125
  -------         ENDPROC       _SENDDATA
  -------         PROC          _SEND_UARTBUF
  D:0025H         SYMBOL        buf
  -------         DO            
  D:0004H         SYMBOL        i
  D:0010H         SYMBOL        frame_id
  D:0028H         SYMBOL        sum_byte
  -------         ENDDO         
  C:3663H         LINE#         133
  C:3669H         LINE#         134
BL51 BANKED LINKER/LOCATER V6.22                                                      05/07/2015  16:56:44  PAGE 36


  C:3669H         LINE#         137
  C:366CH         LINE#         141
  C:367CH         LINE#         142
[...]
  C:3AB1H         LINE#         173
  C:3AC5H         LINE#         174
  C:3AC5H         LINE#         175
  C:3AC8H         LINE#         176
  C:3AC9H         LINE#         178
  C:3AC9H         LINE#         179
  C:3ACCH         LINE#         180
  C:3ACCH         LINE#         181
  C:3ACCH         LINE#         182
  -------         ENDPROC       FRAME_PAR_FUNC
  -------         PROC          FRAME_INFO_FUNC
  -------         DO            
  D:0021H         SYMBOL        menu_id
  D:0022H         SYMBOL        i
  -------         ENDDO         
  C:1ED1H         LINE#         190
  C:1ED1H         LINE#         191
  C:1ED1H         LINE#         193
  C:1EFEH         LINE#         194
  C:1EFEH         LINE#         195
  C:1EFEH         LINE#         196
  C:1F0EH         LINE#         197
  C:1F18H         LINE#         198
  C:1F2FH         LINE#         199
  C:1F2FH         LINE#         200
  C:1F32H         LINE#         201
  C:1F34H         LINE#         203
  C:1F34H         LINE#         204
  C:1F37H         LINE#         205
  C:1F37H         LINE#         206
BL51 BANKED LINKER/LOCATER V6.22                                                      05/07/2015  16:56:44  PAGE 37


  C:1F3CH         LINE#         207
  C:1F3DH         LINE#         208
  C:1F3DH         LINE#         209
  C:1F4DH         LINE#         210
  C:1F53H         LINE#         211
  C:1F53H         LINE#         212
  C:1F56H         LINE#         213
  C:1F56H         LINE#         214
  C:1F64H         LINE#         215
  C:1F94H         LINE#         216
  C:1FC3H         LINE#         217
  C:1FC3H         LINE#         219
  C:2028H         LINE#         221
  C:208DH         LINE#         223
  C:20EEH         LINE#         224
  C:20F3H         LINE#         225
  C:20FDH         LINE#         226
  C:2104H         LINE#         227
  C:2104H         LINE#         229
  C:2113H         LINE#         230
  C:211BH         LINE#         231
  C:211EH         LINE#         232
  C:211EH         LINE#         233
  C:211EH         LINE#         234
  C:211EH         LINE#         235
  C:212CH         LINE#         236
  C:2158H         LINE#         237
  C:2158H         LINE#         239
  C:21C0H         LINE#         240
  C:21C5H         LINE#         242
  C:21C5H         LINE#         243
  C:21C8H         LINE#         244
  C:21C8H         LINE#         245
  C:21D6H         LINE#         246
  C:2202H         LINE#         247
  C:2202H         LINE#         249
  C:226AH         LINE#         250
  C:226FH         LINE#         252
  C:2279H         LINE#         253
  C:2279H         LINE#         254
  C:2279H         LINE#         255
  C:2280H         LINE#         256
  C:2297H         LINE#         257
  C:22A1H         LINE#         258
  C:22ABH         LINE#         259
  C:22B5H         LINE#         260
  C:22C1H         LINE#         261
  C:22CBH         LINE#         262
  C:22D3H         LINE#         263
  C:22D3H         LINE#         264
  C:22D6H         LINE#         265
  C:22DCH         LINE#         266
  C:22DDH         LINE#         267
  C:22E5H         LINE#         268
  C:22E5H         LINE#         269
  C:22EBH         LINE#         270
  C:22EBH         LINE#         271
BL51 BANKED LINKER/LOCATER V6.22                                                      05/07/2015  16:56:44  PAGE 38


  C:22EBH         LINE#         272
  C:22EBH         LINE#         273
  -------         ENDPROC       FRAME_INFO_FUNC
  -------         PROC          REC_DATA_FUNC
  -------         DO            
  D:0007H         SYMBOL        i
  D:0005H         SYMBOL        sum_byte
  D:0011H         SYMBOL        err_count
  -------         ENDDO         
  C:3417H         LINE#         281
  C:3417H         LINE#         282
  C:3417H         LINE#         287
  C:343AH         LINE#         293
  C:343AH         LINE#         294
  C:3442H         LINE#         295
  C:3448H         LINE#         297
  C:3448H         LINE#         298
  C:344EH         LINE#         300
  C:3455H         LINE#         301
  C:345CH         LINE#         303
  C:345CH         LINE#         304
  C:346EH         LINE#         305
  C:346EH         LINE#         306
  C:3481H         LINE#         307
  C:3484H         LINE#         308
  C:3499H         LINE#         310
  C:3499H         LINE#         311
  C:349BH         LINE#         312
  C:34A4H         LINE#         313
  C:34ACH         LINE#         316
  C:34ACH         LINE#         317
  C:34B1H         LINE#         318
  C:34B3H         LINE#         319
  C:34BEH         LINE#         320
  C:34BEH         LINE#         321
  C:34BEH         LINE#         322
  C:34C1H         LINE#         323
  C:34C1H         LINE#         324
  C:34C1H         LINE#         325
  C:34C1H         LINE#         326
  C:34C1H         LINE#         327
  C:34C4H         LINE#         328
  C:34C4H         LINE#         329
  C:34C4H         LINE#         330
  -------         ENDPROC       REC_DATA_FUNC
  -------         PROC          UART_DATA_STEP
  -------         DO            
  X:017BH         SYMBOL        pr_log_step
  D:0021H         SYMBOL        com_send_data
  X:017CH         SYMBOL        delay
  X:017EH         SYMBOL        delay_dz
  D:0024H         SYMBOL        i
  -------         ENDDO         
  C:1A80H         LINE#         340
  C:1A80H         LINE#         341
  C:1A80H         LINE#         343
  C:1A89H         LINE#         347
BL51 BANKED LINKER/LOCATER V6.22                                                      05/07/2015  16:56:44  PAGE 39


  C:1AB5H         LINE#         348
  C:1AB5H         LINE#         349
  C:1AB5H         LINE#         350
  C:1ABBH         LINE#         351
  C:1ABBH         LINE#         352
  C:1AC2H         LINE#         354
  C:1AC2H         LINE#         356
  C:1AC2H         LINE#         357
  C:1ACBH         LINE#         358
  C:1AD2H         LINE#         359
  C:1AD9H         LINE#         360
  C:1AE0H         LINE#         361
  C:1AE7H         LINE#         362
  C:1AEEH         LINE#         363
  C:1AF1H         LINE#         364
  C:1AF1H         LINE#         365
  C:1B0FH         LINE#         366
  C:1B1AH         LINE#         367
  C:1B1AH         LINE#         368
  C:1B29H         LINE#         369
  C:1B2FH         LINE#         370
  C:1B35H         LINE#         371
  C:1B35H         LINE#         373
  C:1B44H         LINE#         375
  C:1B4AH         LINE#         376
  C:1B4FH         LINE#         377
  C:1B52H         LINE#         379
  C:1B55H         LINE#         380
  C:1B58H         LINE#         381
  C:1B58H         LINE#         382
  C:1B79H         LINE#         383
  C:1B7EH         LINE#         384
  C:1B81H         LINE#         385
  C:1B81H         LINE#         386
  C:1B8CH         LINE#         387
  C:1B99H         LINE#         388
  C:1BA1H         LINE#         389
  C:1BA8H         LINE#         390
  C:1BA8H         LINE#         391
  C:1BA8H         LINE#         392
  C:1BA8H         LINE#         393
  C:1BA8H         LINE#         394
  C:1BA8H         LINE#         395
  C:1BABH         LINE#         396
  C:1BABH         LINE#         397
  C:1BB6H         LINE#         398
  C:1BB6H         LINE#         399
  C:1BC1H         LINE#         400
  C:1BCFH         LINE#         401
  C:1BD7H         LINE#         402
  C:1BE1H         LINE#         403
  C:1BE8H         LINE#         404
  C:1BEFH         LINE#         405
  C:1BF4H         LINE#         406
  C:1BF4H         LINE#         407
  C:1BF4H         LINE#         408
  C:1BF4H         LINE#         409
BL51 BANKED LINKER/LOCATER V6.22                                                      05/07/2015  16:56:44  PAGE 40


  C:1BF7H         LINE#         411
  C:1BF7H         LINE#         412
  C:1BFCH         LINE#         413
  C:1BFCH         LINE#         414
  C:1BFCH         LINE#         415
  C:1BFFH         LINE#         416
  C:1BFFH         LINE#         417
  C:1C0AH         LINE#         418
  C:1C0AH         LINE#         419
  C:1C15H         LINE#         420
  C:1C23H         LINE#         421
  C:1C2BH         LINE#         422
  C:1C35H         LINE#         423
  C:1C3CH         LINE#         424
  C:1C43H         LINE#         425
  C:1C48H         LINE#         426
  C:1C48H         LINE#         427
  C:1C48H         LINE#         428
  C:1C48H         LINE#         429
  C:1C4BH         LINE#         431
  C:1C4BH         LINE#         432
  C:1C50H         LINE#         433
  C:1C50H         LINE#         434
  C:1C50H         LINE#         435
  C:1C53H         LINE#         436
  C:1C53H         LINE#         437
  C:1C61H         LINE#         438
  C:1C61H         LINE#         439
  C:1C6BH         LINE#         440
  C:1C9DH         LINE#         442
  C:1CA4H         LINE#         443
  C:1CACH         LINE#         444
  C:1CDBH         LINE#         445
  C:1CDBH         LINE#         447
  C:1D40H         LINE#         448
  C:1D45H         LINE#         449
  C:1D4BH         LINE#         450
  C:1D51H         LINE#         451
  C:1D59H         LINE#         452
  C:1D59H         LINE#         453
  C:1D5CH         LINE#         455
  C:1D5CH         LINE#         456
  C:1D62H         LINE#         457
  C:1D68H         LINE#         458
  C:1D6EH         LINE#         459
  C:1D77H         LINE#         460
  C:1D86H         LINE#         461
  C:1D8BH         LINE#         462
  C:1D8BH         LINE#         463
  C:1D8EH         LINE#         464
  C:1D8EH         LINE#         465
  C:1D99H         LINE#         466
  C:1DA9H         LINE#         467
  C:1DB1H         LINE#         468
  C:1DB8H         LINE#         469
  C:1DBFH         LINE#         470
  C:1DC5H         LINE#         471
BL51 BANKED LINKER/LOCATER V6.22                                                      05/07/2015  16:56:44  PAGE 41


  C:1DCBH         LINE#         472
  C:1DD3H         LINE#         473
  C:1DD3H         LINE#         474
  C:1DD6H         LINE#         475
  C:1DD6H         LINE#         478
  C:1DD6H         LINE#         479
  C:1DE1H         LINE#         480
  C:1DEDH         LINE#         481
  C:1DF5H         LINE#         482
  C:1DFCH         LINE#         483
  C:1E02H         LINE#         484
  C:1E0BH         LINE#         485
  C:1E0BH         LINE#         486
  C:1E0BH         LINE#         487
  C:1E0BH         LINE#         489
  C:1E0DH         LINE#         490
  C:1E0DH         LINE#         492
  C:1E13H         LINE#         493
  C:1E1CH         LINE#         494
  C:1E2BH         LINE#         495
  C:1E31H         LINE#         496
  C:1E34H         LINE#         497
  C:1E34H         LINE#         498
  C:1E3FH         LINE#         499
  C:1E4FH         LINE#         500
  C:1E57H         LINE#         501
  C:1E5EH         LINE#         502
  C:1E65H         LINE#         503
  C:1E6BH         LINE#         504
  C:1E71H         LINE#         505
  C:1E7AH         LINE#         506
  C:1E89H         LINE#         507
  C:1E8BH         LINE#         508
  C:1E8BH         LINE#         509
  C:1EADH         LINE#         510
  C:1EADH         LINE#         511
  C:1EB5H         LINE#         512
  C:1EBBH         LINE#         513
  C:1EBFH         LINE#         514
  C:1EBFH         LINE#         515
  C:1EBFH         LINE#         516
  C:1EBFH         LINE#         518
  C:1EC5H         LINE#         519
  C:1EC5H         LINE#         520
  C:1EC7H         LINE#         521
  C:1ED0H         LINE#         522
  C:1ED0H         LINE#         523
  -------         ENDPROC       UART_DATA_STEP
  -------         ENDMOD        UART

  -------         MODULE        ?C?CLDPTR
  C:15CBH         PUBLIC        ?C?CLDPTR
  -------         ENDMOD        ?C?CLDPTR

  -------         MODULE        ?C?CLDOPTR
  C:15E4H         PUBLIC        ?C?CLDOPTR
  -------         ENDMOD        ?C?CLDOPTR
BL51 BANKED LINKER/LOCATER V6.22                                                      05/07/2015  16:56:44  PAGE 42



  -------         MODULE        ?C?CSTPTR
  C:1611H         PUBLIC        ?C?CSTPTR
  -------         ENDMOD        ?C?CSTPTR

  -------         MODULE        ?C?CSTOPTR
  C:1623H         PUBLIC        ?C?CSTOPTR
  -------         ENDMOD        ?C?CSTOPTR

  -------         MODULE        ?C?IMUL
  C:1645H         PUBLIC        ?C?IMUL
  -------         ENDMOD        ?C?IMUL

  -------         MODULE        ?C?UIDIV
  C:1657H         PUBLIC        ?C?UIDIV
  -------         ENDMOD        ?C?UIDIV

  -------         MODULE        ?C?ILDPTR
  C:16ACH         PUBLIC        ?C?ILDPTR
  -------         ENDMOD        ?C?ILDPTR

  -------         MODULE        ?C?ILDOPTR
  C:16D7H         PUBLIC        ?C?ILDOPTR
  -------         ENDMOD        ?C?ILDOPTR

  -------         MODULE        ?C?ISTPTR
  C:170FH         PUBLIC        ?C?ISTPTR
  -------         ENDMOD        ?C?ISTPTR

  -------         MODULE        ?C?ISTOPTR
  C:172EH         PUBLIC        ?C?ISTOPTR
  -------         ENDMOD        ?C?ISTOPTR

  -------         MODULE        ?C?LMUL
  C:175BH         PUBLIC        ?C?LMUL
  -------         ENDMOD        ?C?LMUL

  -------         MODULE        ?C?ULDIV
  C:17E6H         PUBLIC        ?C?ULDIV
  -------         ENDMOD        ?C?ULDIV

  -------         MODULE        ?C?SLDIV
  C:392CH         PUBLIC        ?C?SLDIV
  -------         ENDMOD        ?C?SLDIV

  -------         MODULE        ?C?LNEG
  C:1878H         PUBLIC        ?C?LNEG
  -------         ENDMOD        ?C?LNEG

  -------         MODULE        ?C?SLCMP
  C:1886H         PUBLIC        ?C?SLCMP
  -------         ENDMOD        ?C?SLCMP

  -------         MODULE        ?C?ULCMP
  C:189CH         PUBLIC        ?C?ULCMP
  -------         ENDMOD        ?C?ULCMP

BL51 BANKED LINKER/LOCATER V6.22                                                      05/07/2015  16:56:44  PAGE 43


  -------         MODULE        ?C?ULSHR
  C:18ADH         PUBLIC        ?C?ULSHR
  -------         ENDMOD        ?C?ULSHR

  -------         MODULE        ?C?LSHL
  C:18C0H         PUBLIC        ?C?LSHL
  -------         ENDMOD        ?C?LSHL

  -------         MODULE        ?C?LLDPTR
  C:18D3H         PUBLIC        ?C?LLDPTR
  -------         ENDMOD        ?C?LLDPTR

  -------         MODULE        ?C?LLDOPTR
  C:18F3H         PUBLIC        ?C?LLDOPTR
  -------         ENDMOD        ?C?LLDOPTR

  -------         MODULE        ?C?LSTPTR
  C:1923H         PUBLIC        ?C?LSTPTR
  -------         ENDMOD        ?C?LSTPTR

  -------         MODULE        ?C?LSTXDATA
  C:193DH         PUBLIC        ?C?LSTXDATA
  -------         ENDMOD        ?C?LSTXDATA

  -------         MODULE        ?C?LSTKXDATA
  C:1949H         PUBLIC        ?C?LSTKXDATA
  -------         ENDMOD        ?C?LSTKXDATA

  -------         MODULE        ?C?OFFX256
  C:197AH         PUBLIC        ?C?OFFX256
  -------         ENDMOD        ?C?OFFX256

  -------         MODULE        ?C?OFFXADD
  C:198BH         PUBLIC        ?C?OFFXADD
  -------         ENDMOD        ?C?OFFXADD

  -------         MODULE        ?C?PLDPTR
  C:1997H         PUBLIC        ?C?PLDPTR
  -------         ENDMOD        ?C?PLDPTR

  -------         MODULE        ?C?PLDOPTR
  C:19B7H         PUBLIC        ?C?PLDOPTR
  -------         ENDMOD        ?C?PLDOPTR

  -------         MODULE        ?C?CCASE
  C:19E7H         PUBLIC        ?C?CCASE
  -------         ENDMOD        ?C?CCASE

  -------         MODULE        ?C?LLDIDATA
  C:1A0DH         PUBLIC        ?C?LLDIDATA
  -------         ENDMOD        ?C?LLDIDATA

  -------         MODULE        ?C?LLDXDATA
  C:1A19H         PUBLIC        ?C?LLDXDATA
  -------         ENDMOD        ?C?LLDXDATA

  -------         MODULE        ?C?LLDPDATA
BL51 BANKED LINKER/LOCATER V6.22                                                      05/07/2015  16:56:44  PAGE 44


  C:1A25H         PUBLIC        ?C?LLDPDATA
  -------         ENDMOD        ?C?LLDPDATA

  -------         MODULE        ?C?LLDCODE
  C:1A31H         PUBLIC        ?C?LLDCODE
  -------         ENDMOD        ?C?LLDCODE

  -------         MODULE        ?C?LSTIDATA
  C:1A41H         PUBLIC        ?C?LSTIDATA
  -------         ENDMOD        ?C?LSTIDATA

  -------         MODULE        ?C?LSTPDATA
  C:1A4DH         PUBLIC        ?C?LSTPDATA
  -------         ENDMOD        ?C?LSTPDATA

  -------         MODULE        ?C?PLDIDATA
  C:1A59H         PUBLIC        ?C?PLDIDATA
  -------         ENDMOD        ?C?PLDIDATA

  -------         MODULE        ?C?PLDXDATA
  C:1A62H         PUBLIC        ?C?PLDXDATA
  -------         ENDMOD        ?C?PLDXDATA

  -------         MODULE        ?C?PLDPDATA
  C:1A6BH         PUBLIC        ?C?PLDPDATA
  -------         ENDMOD        ?C?PLDPDATA

  -------         MODULE        ?C?PLDCODE
  C:1A74H         PUBLIC        ?C?PLDCODE
  -------         ENDMOD        ?C?PLDCODE

*** WARNING L16: UNCALLED SEGMENT, IGNORED FOR OVERLAY PROCESS
    SEGMENT: ?PR?_SENDSTRING?UART

*** WARNING L1: UNRESOLVED EXTERNAL SYMBOL
    SYMBOL:  RESETDOORFORTEST
    MODULE:  .\out\LED_Display.obj (LED_DISPLAY)

*** WARNING L2: REFERENCE MADE TO UNRESOLVED EXTERNAL
    SYMBOL:  RESETDOORFORTEST
    MODULE:  .\out\LED_Display.obj (LED_DISPLAY)
    ADDRESS: 0E5BH

*** WARNING L1: UNRESOLVED EXTERNAL SYMBOL
    SYMBOL:  UART_SEND_BUF
    MODULE:  .\out\uart.obj (UART)

*** WARNING L2: REFERENCE MADE TO UNRESOLVED EXTERNAL
    SYMBOL:  UART_SEND_BUF
    MODULE:  .\out\uart.obj (UART)
    ADDRESS: 1A85H

*** WARNING L2: REFERENCE MADE TO UNRESOLVED EXTERNAL
    SYMBOL:  UART_SEND_BUF
    MODULE:  .\out\uart.obj (UART)
    ADDRESS: 1A88H

BL51 BANKED LINKER/LOCATER V6.22                                                      05/07/2015  16:56:44  PAGE 45


*** WARNING L2: REFERENCE MADE TO UNRESOLVED EXTERNAL
    SYMBOL:  UART_SEND_BUF
    MODULE:  .\out\uart.obj (UART)
    ADDRESS: 1AC3H

*** WARNING L2: REFERENCE MADE TO UNRESOLVED EXTERNAL
    SYMBOL:  UART_SEND_BUF
    MODULE:  .\out\uart.obj (UART)
    ADDRESS: 1B00H

*** WARNING L2: REFERENCE MADE TO UNRESOLVED EXTERNAL
    SYMBOL:  UART_SEND_BUF
    MODULE:  .\out\uart.obj (UART)
    ADDRESS: 1B05H

******************************************************************************
* RESTRICTED VERSION WITH 0800H BYTE CODE SIZE LIMIT; USED: 2E0BH BYTE (575%) *
******************************************************************************

Program Size: data=94.1 xdata=594 code=13189
LINK/LOCATE RUN COMPLETE.  9 WARNING(S),  0 ERROR(S)

*** WARNING L16: UNCALLED SEGMENT, IGNORED FOR OVERLAY PROCESS
    SEGMENT: ?PR?_SENDSTRING?UART

*** WARNING L1: UNRESOLVED EXTERNAL SYMBOL
    SYMBOL:  RESETDOORFORTEST
    MODULE:  .\out\LED_Display.obj (LED_DISPLAY)

*** WARNING L2: REFERENCE MADE TO UNRESOLVED EXTERNAL
    SYMBOL:  RESETDOORFORTEST
    MODULE:  .\out\LED_Display.obj (LED_DISPLAY)
    ADDRESS: 0E5BH

*** WARNING L1: UNRESOLVED EXTERNAL SYMBOL
    SYMBOL:  UART_SEND_BUF
    MODULE:  .\out\uart.obj (UART)

*** WARNING L2: REFERENCE MADE TO UNRESOLVED EXTERNAL
    SYMBOL:  UART_SEND_BUF
    MODULE:  .\out\uart.obj (UART)
    ADDRESS: 1A85H

*** WARNING L2: REFERENCE MADE TO UNRESOLVED EXTERNAL
    SYMBOL:  UART_SEND_BUF
    MODULE:  .\out\uart.obj (UART)
    ADDRESS: 1A88H

*** WARNING L2: REFERENCE MADE TO UNRESOLVED EXTERNAL
    SYMBOL:  UART_SEND_BUF
    MODULE:  .\out\uart.obj (UART)
    ADDRESS: 1AC3H

*** WARNING L2: REFERENCE MADE TO UNRESOLVED EXTERNAL
    SYMBOL:  UART_SEND_BUF
    MODULE:  .\out\uart.obj (UART)
    ADDRESS: 1B00H
BL51 BANKED LINKER/LOCATER V6.22                                                      05/07/2015  16:56:44  PAGE 46



*** WARNING L2: REFERENCE MADE TO UNRESOLVED EXTERNAL
    SYMBOL:  UART_SEND_BUF
    MODULE:  .\out\uart.obj (UART)
    ADDRESS: 1B05H

*** FATAL ERROR L250: CODE SIZE LIMIT IN RESTRICTED VERSION EXCEEDED
    MODULE:  .\out\uart.obj (-----)
    LIMIT:   0800H BYTES