BL51 BANKED LINKER/LOCATER V6.22                                                        06/11/2014  14:31:12  PAGE 1


BL51 BANKED LINKER/LOCATER V6.22, INVOKED BY:
C:\PROGRAM FILES\KEIL C51\C51\BIN\BL51.EXE .\out\STARTUP.obj, .\out\main.obj, .\out\I2c.obj, .\out\LED_Display.obj, .\ou
>> t\eeprom.obj, .\out\xt.obj, .\out\motor_ctrl.obj TO .\out\XT05 PRINT (.\lst\XT05.m51)


MEMORY MODEL: SMALL


INPUT MODULES INCLUDED:
  .\out\STARTUP.obj (?C_STARTUP)
  .\out\main.obj (MAIN)
  .\out\I2c.obj (I2C)
  .\out\LED_Display.obj (LED_DISPLAY)
  .\out\eeprom.obj (EEPROM)
  .\out\xt.obj (XT)
  .\out\motor_ctrl.obj (MOTOR_CTRL)
  C:\PROGRAM FILES\KEIL C51\C51\LIB\C51S.LIB (?C_INIT)
  C:\PROGRAM FILES\KEIL C51\C51\LIB\C51S.LIB (?C?CLDPTR)
  C:\PROGRAM FILES\KEIL C51\C51\LIB\C51S.LIB (?C?CLDOPTR)
  C:\PROGRAM FILES\KEIL C51\C51\LIB\C51S.LIB (?C?CSTPTR)
  C:\PROGRAM FILES\KEIL C51\C51\LIB\C51S.LIB (?C?CSTOPTR)
  C:\PROGRAM FILES\KEIL C51\C51\LIB\C51S.LIB (?C?IMUL)
  C:\PROGRAM FILES\KEIL C51\C51\LIB\C51S.LIB (?C?ILDPTR)
  C:\PROGRAM FILES\KEIL C51\C51\LIB\C51S.LIB (?C?ILDOPTR)
  C:\PROGRAM FILES\KEIL C51\C51\LIB\C51S.LIB (?C?IILDOPTR)
  C:\PROGRAM FILES\KEIL C51\C51\LIB\C51S.LIB (?C?ISTPTR)
  C:\PROGRAM FILES\KEIL C51\C51\LIB\C51S.LIB (?C?ISTOPTR)
  C:\PROGRAM FILES\KEIL C51\C51\LIB\C51S.LIB (?C?LMUL)
  C:\PROGRAM FILES\KEIL C51\C51\LIB\C51S.LIB (?C?SLDIV)
  C:\PROGRAM FILES\KEIL C51\C51\LIB\C51S.LIB (?C?LNEG)
  C:\PROGRAM FILES\KEIL C51\C51\LIB\C51S.LIB (?C?SLCMP)
  C:\PROGRAM FILES\KEIL C51\C51\LIB\C51S.LIB (?C?ULCMP)
  C:\PROGRAM FILES\KEIL C51\C51\LIB\C51S.LIB (?C?LLDPTR)
  C:\PROGRAM FILES\KEIL C51\C51\LIB\C51S.LIB (?C?LLDOPTR)
  C:\PROGRAM FILES\KEIL C51\C51\LIB\C51S.LIB (?C?LSTPTR)
  C:\PROGRAM FILES\KEIL C51\C51\LIB\C51S.LIB (?C?LSTOPTR)
  C:\PROGRAM FILES\KEIL C51\C51\LIB\C51S.LIB (?C?LLDOPTR0)
  C:\PROGRAM FILES\KEIL C51\C51\LIB\C51S.LIB (?C?LSTXDATA)
  C:\PROGRAM FILES\KEIL C51\C51\LIB\C51S.LIB (?C?LSTKXDATA)
  C:\PROGRAM FILES\KEIL C51\C51\LIB\C51S.LIB (?C?LSTKOPTR)
  C:\PROGRAM FILES\KEIL C51\C51\LIB\C51S.LIB (?C?OFFX256)
  C:\PROGRAM FILES\KEIL C51\C51\LIB\C51S.LIB (?C?OFFXADD)
  C:\PROGRAM FILES\KEIL C51\C51\LIB\C51S.LIB (?C?PLDPTR)
  C:\PROGRAM FILES\KEIL C51\C51\LIB\C51S.LIB (?C?PLDOPTR)
  C:\PROGRAM FILES\KEIL C51\C51\LIB\C51S.LIB (?C?CCASE)
  C:\PROGRAM FILES\KEIL C51\C51\LIB\C51S.LIB (?C?IILDX)
  C:\PROGRAM FILES\KEIL C51\C51\LIB\C51S.LIB (?C?ULDIV)
  C:\PROGRAM FILES\KEIL C51\C51\LIB\C51S.LIB (?C?LLDIDATA)
  C:\PROGRAM FILES\KEIL C51\C51\LIB\C51S.LIB (?C?LLDXDATA)
  C:\PROGRAM FILES\KEIL C51\C51\LIB\C51S.LIB (?C?LLDPDATA)
  C:\PROGRAM FILES\KEIL C51\C51\LIB\C51S.LIB (?C?LLDCODE)
  C:\PROGRAM FILES\KEIL C51\C51\LIB\C51S.LIB (?C?LLDIDATA0)
  C:\PROGRAM FILES\KEIL C51\C51\LIB\C51S.LIB (?C?LLDXDATA0)
  C:\PROGRAM FILES\KEIL C51\C51\LIB\C51S.LIB (?C?LLDPDATA0)
  C:\PROGRAM FILES\KEIL C51\C51\LIB\C51S.LIB (?C?LLDCODE0)
  C:\PROGRAM FILES\KEIL C51\C51\LIB\C51S.LIB (?C?LSTIDATA)
  C:\PROGRAM FILES\KEIL C51\C51\LIB\C51S.LIB (?C?LSTPDATA)
  C:\PROGRAM FILES\KEIL C51\C51\LIB\C51S.LIB (?C?LSTKIDATA)
BL51 BANKED LINKER/LOCATER V6.22                                                      06/11/2014  14:31:12  PAGE 2


  C:\PROGRAM FILES\KEIL C51\C51\LIB\C51S.LIB (?C?LSTKPDATA)
  C:\PROGRAM FILES\KEIL C51\C51\LIB\C51S.LIB (?C?PLDIDATA)
  C:\PROGRAM FILES\KEIL C51\C51\LIB\C51S.LIB (?C?PLDXDATA)
  C:\PROGRAM FILES\KEIL C51\C51\LIB\C51S.LIB (?C?PLDPDATA)
  C:\PROGRAM FILES\KEIL C51\C51\LIB\C51S.LIB (?C?PLDCODE)


LINK MAP OF MODULE:  .\out\XT05 (?C_STARTUP)


            TYPE    BASE      LENGTH    RELOCATION   SEGMENT NAME
            -----------------------------------------------------

            * * * * * * *   D A T A   M E M O R Y   * * * * * * *
            REG     0000H     0008H     ABSOLUTE     "REG BANK 0"
            DATA    0008H     001DH     UNIT         _DATA_GROUP_
            DATA    0025H     000DH     UNIT         ?DT?MOTOR_CTRL
            DATA    0032H     0003H     UNIT         ?DT?MAIN
            DATA    0035H     0002H     UNIT         ?DT?LED_DISPLAY
            IDATA   0037H     0001H     UNIT         ?STACK

            * * * * * * *  X D A T A   M E M O R Y  * * * * * * *
            XDATA   0000H     0153H     UNIT         ?XD?LED_DISPLAY
            XDATA   0153H     0081H     UNIT         ?XD?XT
            XDATA   01D4H     0030H     UNIT         ?XD?MOTOR_CTRL
            XDATA   0204H     000AH     UNIT         ?XD?I2C

            * * * * * * *   C O D E   M E M O R Y   * * * * * * *
            CODE    0000H     0003H     ABSOLUTE     
            CODE    0003H     0017H     UNIT         ?PR?_ENABLEAXIS?MOTOR_CTRL
                    001AH     0001H                  *** GAP ***
            CODE    001BH     0003H     ABSOLUTE     
            CODE    001EH     0045H     UNIT         ?PR?_IAPERASESECTOR?EEPROM
            CODE    0063H     0003H     ABSOLUTE     
            CODE    0066H     0AFBH     UNIT         ?PR?LEDDISPLAY?LED_DISPLAY
            CODE    0B61H     0702H     UNIT         ?PR?_XT_CTRL_LIFT_PUSH?XT
            CODE    1263H     057DH     UNIT         ?C?LIB_CODE
            CODE    17E0H     02AEH     UNIT         ?PR?_LEDSHOWCAPTION?LED_DISPLAY
            CODE    1A8EH     0269H     UNIT         ?PR?_XT_CTRL_DOOR?XT
            CODE    1CF7H     0227H     UNIT         ?PR?_DATATOSTR?LED_DISPLAY
            CODE    1F1EH     0218H     UNIT         ?PR?_READ_MENU_DATA?LED_DISPLAY
            CODE    2136H     01D8H     UNIT         ?PR?ZL_MOTO_CONTROL?MOTOR_CTRL
            CODE    230EH     01B6H     UNIT         ?C_INITSEG
            CODE    24C4H     0179H     UNIT         ?CO?LED_DISPLAY
            CODE    263DH     0176H     UNIT         ?PR?T2INT?MAIN
            CODE    27B3H     0166H     UNIT         ?PR?_CHECKFOOT1RISINGEDGE?XT
            CODE    2919H     0111H     UNIT         ?PR?_FUNC_MENU_UPDATE?LED_DISPLAY
            CODE    2A2AH     00F6H     UNIT         ?PR?_STRTODATA?LED_DISPLAY
            CODE    2B20H     00EAH     UNIT         ?PR?_CHECKSENSORCONTINUEHIGHTTL?XT
            CODE    2C0AH     00E9H     UNIT         ?PR?_CHECKSENSORCONTINUELOWTTL?XT
            CODE    2CF3H     00D4H     UNIT         ?PR?_LED_SHOWNUMBER?LED_DISPLAY
            CODE    2DC7H     00B9H     UNIT         ?PR?INITLEDDISPLAY?LED_DISPLAY
            CODE    2E80H     008CH     UNIT         ?C_C51STARTUP
            CODE    2F0CH     006FH     UNIT         ?PR?TM1637_WRITE?I2C
            CODE    2F7BH     006FH     UNIT         ?PR?STEP_MOTO_CONTROL?MOTOR_CTRL
            CODE    2FEAH     0065H     UNIT         ?PR?_LEDSHOWFLASHSTRING?LED_DISPLAY
            CODE    304FH     0050H     UNIT         ?PR?_DELAY_US?I2C
BL51 BANKED LINKER/LOCATER V6.22                                                      06/11/2014  14:31:12  PAGE 3


            CODE    309FH     0050H     UNIT         ?PR?_IAPPROGRAMBYTE?EEPROM
            CODE    30EFH     0044H     UNIT         ?PR?_LEDCLEARCHAR?LED_DISPLAY
            CODE    3133H     0044H     UNIT         ?C?LDIV
            CODE    3177H     003FH     UNIT         ?PR?MENU_CFG?LED_DISPLAY
            CODE    31B6H     003BH     UNIT         ?PR?_I2C_SEND_BYTE?I2C
            CODE    31F1H     0028H     UNIT         ?PR?SYS_INIT?MAIN
            CODE    3219H     0028H     UNIT         ?PR?TIMER1_ROUNTINE?MOTOR_CTRL
            CODE    3241H     001DH     UNIT         ?PR?_SET_VEL?MOTOR_CTRL
            CODE    325EH     001CH     UNIT         ?PR?_IAPREADBYTE?EEPROM
            CODE    327AH     001BH     UNIT         ?PR?MAIN?MAIN
            CODE    3295H     001BH     UNIT         ?PR?PWM_INIT?MOTOR_CTRL
            CODE    32B0H     0017H     UNIT         ?PR?_SETAXISDIRECTION?MOTOR_CTRL
            CODE    32C7H     0016H     UNIT         ?PR?I2C_STOP?I2C
            CODE    32DDH     0014H     UNIT         ?PR?_IOREVERSESTOP?MOTOR_CTRL
            CODE    32F1H     0013H     UNIT         ?PR?_IOREVERSESTART?MOTOR_CTRL
            CODE    3304H     0012H     UNIT         ?PR?TIMER1INIT?MAIN
            CODE    3316H     0010H     UNIT         ?PR?I2C_START?I2C
            CODE    3326H     000FH     UNIT         ?PR?TIMER0INIT?MAIN
            CODE    3335H     000FH     UNIT         ?PR?I2C_ACK?I2C
            CODE    3344H     000DH     UNIT         ?PR?TIMER2INIT?MAIN
            CODE    3351H     000DH     UNIT         ?PR?IAPIDLE?EEPROM
            CODE    335EH     000BH     UNIT         ?PR?_SET_STEP_MOTO?MOTOR_CTRL
            CODE    3369H     000AH     UNIT         ?PR?_SETAXISTQ?MOTOR_CTRL
            CODE    3373H     0009H     UNIT         ?PR?_SET_ZL_MOTO?MOTOR_CTRL
            CODE    337CH     0005H     UNIT         ?PR?I2C_GPIO_IN?I2C
            CODE    3381H     0005H     UNIT         ?PR?I2C_GPIO_OUT?I2C



OVERLAY MAP OF MODULE:   .\out\XT05 (?C_STARTUP)


SEGMENT                                       DATA_GROUP 
  +--> CALLED SEGMENT                       START    LENGTH
-----------------------------------------------------------
?C_C51STARTUP                               -----    -----
  +--> ?PR?MAIN?MAIN
  +--> ?C_INITSEG

?PR?MAIN?MAIN                               -----    -----
  +--> ?PR?SYS_INIT?MAIN
  +--> ?PR?INITLEDDISPLAY?LED_DISPLAY
  +--> ?PR?_ENABLEAXIS?MOTOR_CTRL
  +--> ?PR?LEDDISPLAY?LED_DISPLAY

?PR?SYS_INIT?MAIN                           -----    -----
  +--> ?PR?TIMER0INIT?MAIN
  +--> ?PR?TIMER2INIT?MAIN
  +--> ?PR?PWM_INIT?MOTOR_CTRL
  +--> ?PR?TIMER1INIT?MAIN

?PR?INITLEDDISPLAY?LED_DISPLAY              0008H    0001H
  +--> ?CO?LED_DISPLAY
  +--> ?PR?_LEDSHOWFLASHSTRING?LED_DISPLAY
  +--> ?PR?TM1637_WRITE?I2C
  +--> ?PR?_READ_MENU_DATA?LED_DISPLAY
  +--> ?PR?MENU_CFG?LED_DISPLAY
BL51 BANKED LINKER/LOCATER V6.22                                                      06/11/2014  14:31:12  PAGE 4



?PR?_LEDSHOWFLASHSTRING?LED_DISPLAY         000CH    0004H
  +--> ?CO?LED_DISPLAY

?PR?TM1637_WRITE?I2C                        000CH    0001H
  +--> ?PR?I2C_GPIO_OUT?I2C
  +--> ?PR?I2C_START?I2C
  +--> ?PR?_I2C_SEND_BYTE?I2C
  +--> ?PR?I2C_GPIO_IN?I2C
  +--> ?PR?I2C_ACK?I2C
  +--> ?PR?I2C_STOP?I2C

?PR?I2C_START?I2C                           -----    -----
  +--> ?PR?_DELAY_US?I2C

?PR?_DELAY_US?I2C                           0010H    0008H

?PR?_I2C_SEND_BYTE?I2C                      000DH    0003H
  +--> ?PR?_DELAY_US?I2C

?PR?I2C_ACK?I2C                             -----    -----
  +--> ?PR?_DELAY_US?I2C

?PR?I2C_STOP?I2C                            -----    -----
  +--> ?PR?_DELAY_US?I2C

?PR?_READ_MENU_DATA?LED_DISPLAY             0009H    0008H
  +--> ?CO?LED_DISPLAY
  +--> ?PR?_IAPREADBYTE?EEPROM

?PR?_IAPREADBYTE?EEPROM                     -----    -----
  +--> ?PR?IAPIDLE?EEPROM

?PR?LEDDISPLAY?LED_DISPLAY                  0008H    0004H
  +--> ?PR?_DATATOSTR?LED_DISPLAY
  +--> ?PR?_LED_SHOWNUMBER?LED_DISPLAY
  +--> ?CO?LED_DISPLAY
  +--> ?PR?_LEDSHOWFLASHSTRING?LED_DISPLAY
  +--> ?PR?_LEDSHOWCAPTION?LED_DISPLAY
  +--> ?PR?_STRTODATA?LED_DISPLAY
  +--> ?PR?_FUNC_MENU_UPDATE?LED_DISPLAY
  +--> ?PR?_LEDCLEARCHAR?LED_DISPLAY
  +--> ?PR?TM1637_WRITE?I2C

?PR?_DATATOSTR?LED_DISPLAY                  000CH    0013H

?PR?_LED_SHOWNUMBER?LED_DISPLAY             000CH    0005H
  +--> ?CO?LED_DISPLAY

?PR?_LEDSHOWCAPTION?LED_DISPLAY             000CH    0004H
  +--> ?CO?LED_DISPLAY

?PR?_STRTODATA?LED_DISPLAY                  000CH    000FH

?PR?_FUNC_MENU_UPDATE?LED_DISPLAY           000CH    0008H
  +--> ?CO?LED_DISPLAY
  +--> ?PR?_IAPERASESECTOR?EEPROM
BL51 BANKED LINKER/LOCATER V6.22                                                      06/11/2014  14:31:12  PAGE 5


  +--> ?PR?_IAPPROGRAMBYTE?EEPROM
  +--> ?PR?_IAPREADBYTE?EEPROM

?PR?_IAPERASESECTOR?EEPROM                  -----    -----
  +--> ?PR?IAPIDLE?EEPROM

?PR?_IAPPROGRAMBYTE?EEPROM                  -----    -----
  +--> ?PR?IAPIDLE?EEPROM

?C_INITSEG                                  -----    -----
  +--> ?CO?LED_DISPLAY

*** NEW ROOT ***************************************************

?PR?T2INT?MAIN                              -----    -----
  +--> ?PR?_CHECKSENSORCONTINUELOWTTL?XT
  +--> ?PR?_ENABLEAXIS?MOTOR_CTRL
  +--> ?PR?STEP_MOTO_CONTROL?MOTOR_CTRL
  +--> ?PR?ZL_MOTO_CONTROL?MOTOR_CTRL
  +--> ?PR?_CHECKSENSORCONTINUEHIGHTTL?XT
  +--> ?PR?_CHECKFOOT1RISINGEDGE?XT
  +--> ?PR?_XT_CTRL_LIFT_PUSH?XT
  +--> ?PR?_XT_CTRL_DOOR?XT

?PR?_CHECKSENSORCONTINUELOWTTL?XT           001FH    0003H

?PR?STEP_MOTO_CONTROL?MOTOR_CTRL            -----    -----
  +--> ?PR?_IOREVERSESTOP?MOTOR_CTRL
  +--> ?PR?_SET_VEL?MOTOR_CTRL
  +--> ?PR?_IOREVERSESTART?MOTOR_CTRL

?PR?ZL_MOTO_CONTROL?MOTOR_CTRL              -----    -----
  +--> ?PR?_IOREVERSESTOP?MOTOR_CTRL
  +--> ?PR?_IOREVERSESTART?MOTOR_CTRL

?PR?_CHECKSENSORCONTINUEHIGHTTL?XT          001FH    0003H

?PR?_CHECKFOOT1RISINGEDGE?XT                001FH    0003H

?PR?_XT_CTRL_LIFT_PUSH?XT                   001FH    0004H
  +--> ?PR?_ENABLEAXIS?MOTOR_CTRL
  +--> ?PR?_SETAXISDIRECTION?MOTOR_CTRL
  +--> ?PR?_SETAXISTQ?MOTOR_CTRL
  +--> ?PR?_SET_STEP_MOTO?MOTOR_CTRL
  +--> ?PR?_IOREVERSESTOP?MOTOR_CTRL

?PR?_XT_CTRL_DOOR?XT                        001FH    0006H
  +--> ?PR?_SET_ZL_MOTO?MOTOR_CTRL



SYMBOL TABLE OF MODULE:  .\out\XT05 (?C_STARTUP)

  VALUE           TYPE          NAME
  ----------------------------------

  -------         MODULE        ?C_STARTUP
BL51 BANKED LINKER/LOCATER V6.22                                                      06/11/2014  14:31:12  PAGE 6


  C:2E80H         SEGMENT       ?C_C51STARTUP
  I:0037H         SEGMENT       ?STACK
  C:0000H         PUBLIC        ?C_STARTUP
  D:00E0H         SYMBOL        ACC
  D:00F0H         SYMBOL        B
  D:0083H         SYMBOL        DPH
  D:0082H         SYMBOL        DPL
  N:0000H         SYMBOL        IBPSTACK
  N:0100H         SYMBOL        IBPSTACKTOP
  N:0080H         SYMBOL        IDATALEN
  C:2E83H         SYMBOL        IDATALOOP
  N:0000H         SYMBOL        PBPSTACK
  N:0100H         SYMBOL        PBPSTACKTOP
  N:0000H         SYMBOL        PDATALEN
  N:0000H         SYMBOL        PDATASTART
  N:0000H         SYMBOL        PPAGE
  N:0000H         SYMBOL        PPAGEENABLE
  D:00A0H         SYMBOL        PPAGE_SFR
  D:0081H         SYMBOL        SP
  C:2E80H         SYMBOL        STARTUP1
  N:0000H         SYMBOL        XBPSTACK
  N:0000H         SYMBOL        XBPSTACKTOP
  N:0000H         SYMBOL        XDATALEN
  N:0000H         SYMBOL        XDATASTART
  C:0000H         LINE#         126
  C:2E80H         LINE#         133
  C:2E82H         LINE#         134
  C:2E83H         LINE#         135
  C:2E84H         LINE#         136
  C:2E86H         LINE#         185
  C:2E89H         LINE#         196
  -------         ENDMOD        ?C_STARTUP

  -------         MODULE        MAIN
  C:0000H         SYMBOL        _ICE_DUMMY_
  D:0092H         PUBLIC        P1M0
  D:0096H         PUBLIC        P2M0
  D:0091H         PUBLIC        P1M1
  D:0080H         PUBLIC        P0
  D:00B2H         PUBLIC        P3M0
  D:0095H         PUBLIC        P2M1
  D:0090H         PUBLIC        P1
  D:00B1H         PUBLIC        P3M1
  D:00A0H         PUBLIC        P2
  D:00B0H         PUBLIC        P3
  D:00C8H         PUBLIC        P5
  D:00A8H         PUBLIC        IE
  D:00B8H         PUBLIC        IP
  C:327AH         PUBLIC        main
  D:0032H         PUBLIC        iInitCnt
  B:0090H.2       PUBLIC        P12
  B:0090H.3       PUBLIC        P13
  B:00B0H.2       PUBLIC        P32
  D:0089H         PUBLIC        TMOD
  B:0090H.6       PUBLIC        P16
  B:00A0H.6       PUBLIC        P26
  B:0090H.7       PUBLIC        P17
BL51 BANKED LINKER/LOCATER V6.22                                                      06/11/2014  14:31:12  PAGE 7


  B:00C8H.4       PUBLIC        P54
  B:00B0H.7       PUBLIC        P37
  B:00C8H.5       PUBLIC        P55
  D:0034H         PUBLIC        eeprom_en
  D:00AFH         PUBLIC        IE2
  D:008EH         PUBLIC        AUXR
  C:3326H         PUBLIC        Timer0Init
  B:0088H.7       PUBLIC        TF1
  C:3304H         PUBLIC        Timer1Init
  D:008CH         PUBLIC        TH0
  C:3344H         PUBLIC        Timer2Init
  D:008DH         PUBLIC        TH1
  D:00D6H         PUBLIC        T2H
  D:008AH         PUBLIC        TL0
  D:008BH         PUBLIC        TL1
  D:00D7H         PUBLIC        T2L
  B:0088H.4       PUBLIC        TR0
  C:263DH         PUBLIC        t2int
  C:31F1H         PUBLIC        sys_init
  -------         PROC          TIMER0INIT
  C:3326H         LINE#         34
  C:3326H         LINE#         35
  C:3326H         LINE#         36
  C:3329H         LINE#         39
  C:332CH         LINE#         42
  C:332FH         LINE#         44
  C:3332H         LINE#         45
  C:3334H         LINE#         47
  -------         ENDPROC       TIMER0INIT
  -------         PROC          TIMER1INIT
  C:3304H         LINE#         49
  C:3304H         LINE#         50
  C:3304H         LINE#         51
  C:3307H         LINE#         52
  C:330AH         LINE#         53
  C:330DH         LINE#         54
  C:3310H         LINE#         55
  C:3312H         LINE#         56
  C:3315H         LINE#         58
  -------         ENDPROC       TIMER1INIT
  -------         PROC          TIMER2INIT
  C:3344H         LINE#         60
  C:3344H         LINE#         61
  C:3344H         LINE#         62
  C:3347H         LINE#         63
  C:334AH         LINE#         64
  C:334DH         LINE#         65
  C:3350H         LINE#         66
  -------         ENDPROC       TIMER2INIT
  -------         PROC          SYS_INIT
  C:31F1H         LINE#         69
  C:31F1H         LINE#         70
  C:31F1H         LINE#         71
  C:31F4H         LINE#         72
  C:31F7H         LINE#         74
  C:31F9H         LINE#         75
  C:31FCH         LINE#         77
BL51 BANKED LINKER/LOCATER V6.22                                                      06/11/2014  14:31:12  PAGE 8


  C:31FEH         LINE#         78
  C:3201H         LINE#         81
  C:3204H         LINE#         82
  C:3207H         LINE#         83
  C:320AH         LINE#         84
  C:320DH         LINE#         86
  C:3210H         LINE#         87
  C:3213H         LINE#         89
  C:3216H         LINE#         91
  -------         ENDPROC       SYS_INIT
  -------         PROC          T2INT
  C:263DH         LINE#         95
  C:265AH         LINE#         97
  C:265DH         LINE#         98
  C:266BH         LINE#         100
  C:2678H         LINE#         101
  C:2678H         LINE#         102
  C:2680H         LINE#         103
  C:2680H         LINE#         106
  C:268CH         LINE#         107
  C:268FH         LINE#         109
  C:269BH         LINE#         110
  C:269EH         LINE#         112
  C:26AAH         LINE#         113
  C:26ADH         LINE#         115
  C:26B9H         LINE#         116
  C:26BCH         LINE#         118
  C:26C8H         LINE#         119
  C:26CBH         LINE#         121
  C:26D7H         LINE#         122
  C:26DAH         LINE#         124
  C:26E6H         LINE#         125
  C:26E9H         LINE#         129
  C:2702H         LINE#         130
  C:2702H         LINE#         132
  C:270BH         LINE#         133
  C:2714H         LINE#         136
  C:271EH         LINE#         137
  C:271EH         LINE#         138
  C:2723H         LINE#         141
  C:2723H         LINE#         142
  C:2723H         LINE#         143
  C:2723H         LINE#         144
  C:2723H         LINE#         146
  C:2725H         LINE#         149
  C:2725H         LINE#         152
  C:272FH         LINE#         153
  C:272FH         LINE#         154
  C:2735H         LINE#         157
  C:273CH         LINE#         158
  C:2744H         LINE#         159
  C:2746H         LINE#         160
  C:2748H         LINE#         162
  C:2750H         LINE#         165
  C:2750H         LINE#         167
  C:2750H         LINE#         170
  C:275CH         LINE#         171
BL51 BANKED LINKER/LOCATER V6.22                                                      06/11/2014  14:31:12  PAGE 9


  C:275CH         LINE#         173
  C:275CH         LINE#         176
  C:275FH         LINE#         179
  C:2762H         LINE#         187
  C:276BH         LINE#         190
  C:2774H         LINE#         193
  C:277DH         LINE#         196
  C:2786H         LINE#         203
  C:278FH         LINE#         206
  C:2798H         LINE#         209
  -------         ENDPROC       T2INT
  -------         PROC          MAIN
  C:327AH         LINE#         220
  C:327AH         LINE#         221
  C:327AH         LINE#         222
  C:327DH         LINE#         223
  C:3280H         LINE#         225
  C:3283H         LINE#         232
  C:328AH         LINE#         233
  C:328DH         LINE#         234
  C:3290H         LINE#         236
  C:3290H         LINE#         237
  C:3290H         LINE#         238
  C:3293H         LINE#         239
  -------         ENDPROC       MAIN
  -------         ENDMOD        MAIN

  -------         MODULE        I2C
  C:0000H         SYMBOL        _ICE_DUMMY_
  D:0090H         PUBLIC        P1
  B:0090H.0       PUBLIC        P10
  B:0090H.1       PUBLIC        P11
  B:0090H.4       PUBLIC        P14
  B:0090H.5       PUBLIC        P15
  C:31B6H         PUBLIC        _I2c_Send_Byte
  C:3335H         PUBLIC        I2c_Ack
  C:3316H         PUBLIC        I2c_Start
  X:0204H         PUBLIC        disp_buf
  C:2F0CH         PUBLIC        TM1637_Write
  C:32C7H         PUBLIC        I2c_Stop
  C:337CH         PUBLIC        I2c_Gpio_In
  C:3381H         PUBLIC        I2c_Gpio_Out
  C:305BH         PUBLIC        _DELAY_US
  C:304FH         SYMBOL        L?0021
  C:3053H         SYMBOL        L?0022
  -------         PROC          L?0020
  -------         ENDPROC       L?0020
  C:304FH         SYMBOL        L?0021
  C:3053H         SYMBOL        L?0022
  -------         PROC          _DELAY_US
  D:0010H         SYMBOL        us_val
  -------         DO            
  D:0014H         SYMBOL        i
  -------         ENDDO         
  C:305BH         LINE#         40
  C:3063H         LINE#         41
  C:3063H         LINE#         43
BL51 BANKED LINKER/LOCATER V6.22                                                      06/11/2014  14:31:12  PAGE 10


  C:3082H         LINE#         44
  C:3082H         LINE#         45
  C:3083H         LINE#         46
  C:309EH         LINE#         47
  -------         ENDPROC       _DELAY_US
  -------         PROC          I2C_START
  C:3316H         LINE#         49
  C:3316H         LINE#         50
  C:3316H         LINE#         52
  C:3318H         LINE#         53
  C:331AH         LINE#         54
  C:331CH         LINE#         55
  C:331EH         LINE#         56
  C:3321H         LINE#         57
  C:3323H         LINE#         58
  C:3325H         LINE#         59
  -------         ENDPROC       I2C_START
  -------         PROC          I2C_STOP
  C:32C7H         LINE#         61
  C:32C7H         LINE#         62
  C:32C7H         LINE#         73
  C:32C7H         LINE#         74
  C:32C7H         LINE#         75
  C:32CAH         LINE#         76
  C:32CCH         LINE#         77
  C:32CEH         LINE#         78
  C:32D1H         LINE#         79
  C:32D3H         LINE#         80
  C:32D5H         LINE#         81
  C:32D8H         LINE#         82
  C:32DAH         LINE#         83
  C:32DCH         LINE#         84
  -------         ENDPROC       I2C_STOP
  -------         PROC          I2C_ACK
  C:3335H         LINE#         87
  C:3335H         LINE#         88
  C:3335H         LINE#         98
  C:3335H         LINE#         99
  C:3335H         LINE#         100
  C:3338H         LINE#         102
  C:333AH         LINE#         103
  C:333CH         LINE#         104
  C:333FH         LINE#         105
  C:3341H         LINE#         106
  C:3343H         LINE#         108
  -------         ENDPROC       I2C_ACK
  -------         PROC          _I2C_SEND_BYTE
  D:000DH         SYMBOL        oneByte
  -------         DO            
  D:000FH         SYMBOL        i
  -------         ENDDO         
  C:31B6H         LINE#         111
  C:31BAH         LINE#         112
  C:31BAH         LINE#         114
  C:31BDH         LINE#         115
  C:31BDH         LINE#         116
  C:31C0H         LINE#         117
BL51 BANKED LINKER/LOCATER V6.22                                                      06/11/2014  14:31:12  PAGE 11


  C:31C0H         LINE#         118
  C:31C0H         LINE#         119
  C:31C3H         LINE#         120
  C:31C8H         LINE#         121
  C:31C8H         LINE#         122
  C:31CAH         LINE#         123
  C:31CCH         LINE#         124
  C:31CEH         LINE#         126
  C:31CEH         LINE#         127
  C:31D0H         LINE#         128
  C:31D2H         LINE#         129
  C:31D2H         LINE#         130
  C:31D5H         LINE#         131
  C:31E0H         LINE#         132
  C:31E2H         LINE#         133
  C:31E4H         LINE#         134
  C:31E7H         LINE#         135
  C:31F0H         LINE#         136
  -------         ENDPROC       _I2C_SEND_BYTE
  -------         PROC          TM1637_WRITE
  -------         DO            
  D:000CH         SYMBOL        i
  -------         ENDDO         
  C:2F0CH         LINE#         139
  C:2F0CH         LINE#         140
  C:2F0CH         LINE#         142
  C:2F0FH         LINE#         144
  C:2F12H         LINE#         145
  C:2F19H         LINE#         146
  C:2F1CH         LINE#         147
  C:2F1FH         LINE#         148
  C:2F22H         LINE#         149
  C:2F25H         LINE#         150
  C:2F28H         LINE#         151
  C:2F2FH         LINE#         152
  C:2F32H         LINE#         153
  C:2F35H         LINE#         154
  C:2F38H         LINE#         155
  C:2F3BH         LINE#         156
  C:2F3BH         LINE#         157
  C:2F50H         LINE#         158
  C:2F53H         LINE#         159
  C:2F56H         LINE#         160
  C:2F59H         LINE#         161
  C:2F62H         LINE#         162
  C:2F65H         LINE#         163
  C:2F68H         LINE#         164
  C:2F6FH         LINE#         165
  C:2F72H         LINE#         166
  C:2F75H         LINE#         167
  C:2F78H         LINE#         168
  -------         ENDPROC       TM1637_WRITE
  -------         PROC          I2C_GPIO_IN
  C:337CH         LINE#         215
  C:337CH         LINE#         216
  C:337CH         LINE#         217
  C:337EH         LINE#         218
BL51 BANKED LINKER/LOCATER V6.22                                                      06/11/2014  14:31:12  PAGE 12


  C:3380H         LINE#         219
  -------         ENDPROC       I2C_GPIO_IN
  -------         PROC          I2C_GPIO_OUT
  C:3381H         LINE#         222
  C:3381H         LINE#         223
  C:3381H         LINE#         224
  C:3383H         LINE#         225
  C:3385H         LINE#         226
  -------         ENDPROC       I2C_GPIO_OUT
  -------         ENDMOD        I2C

  -------         MODULE        LED_DISPLAY
  C:0000H         SYMBOL        _ICE_DUMMY_
  X:002CH         PUBLIC        DisplayMenuID
  X:002DH         PUBLIC        DisplayStateOld
  X:002EH         PUBLIC        l_input_value
  X:0032H         PUBLIC        pItem
  D:00A0H         PUBLIC        P2
  X:0035H         SYMBOL        MenuUpdateState
  X:0036H         SYMBOL        pMenu
  X:0039H         SYMBOL        Menu00000
  X:00A9H         SYMBOL        MenuTotals
  C:2593H         PUBLIC        MainItem
  X:00AAH         SYMBOL        DisplayItemNum
  C:25BDH         SYMBOL        LED_ASCII
  X:00ABH         SYMBOL        DataType
  X:00ACH         PUBLIC        DIS_ERR_FLGA
  X:00ADH         PUBLIC        public_val
  C:2575H         PUBLIC        MenuItem
  X:00D3H         SYMBOL        TempInputData
  X:00D7H         SYMBOL        DisplayBitNum
  C:2919H         PUBLIC        _func_menu_update
  X:00D8H         SYMBOL        l_stop_poll
  X:00D9H         SYMBOL        disp_code
  X:00DCH         SYMBOL        InputDataLen
  C:0066H         PUBLIC        LEDDisplay
  C:1F1EH         PUBLIC        _read_menu_data
  B:00A0H.5       PUBLIC        P25
  C:30EFH         PUBLIC        _LEDClearChar
  X:00DDH         SYMBOL        Param_Range
  C:2CFDH         PUBLIC        _LED_ShowNumber
  C:2DC7H         PUBLIC        InitLEDDisplay
  C:3177H         PUBLIC        menu_cfg
  C:17E0H         PUBLIC        _LEDShowCaption
  X:0115H         PUBLIC        main_menu_cfg
  X:011DH         SYMBOL        CycShowCount
  X:011EH         SYMBOL        PasswordBuff
  D:0035H         PUBLIC        DisplayState
  X:0123H         SYMBOL        DisplayBuff
  X:012DH         SYMBOL        Menu_Number
  C:2FEEH         PUBLIC        _LEDShowFlashString
  X:013BH         SYMBOL        DisplayMainTotal
  X:013CH         PUBLIC        now_menu
  X:0144H         SYMBOL        pDataValue
  X:0147H         SYMBOL        pCode
  X:014AH         SYMBOL        UpdateDataCount
  X:014BH         SYMBOL        DisplayMainID
BL51 BANKED LINKER/LOCATER V6.22                                                      06/11/2014  14:31:12  PAGE 13


  X:014CH         SYMBOL        l_state
  X:014EH         SYMBOL        pMain
  X:0151H         SYMBOL        DisplayMenuTotal
  C:2A2AH         SYMBOL        _StrToData
  C:1D19H         SYMBOL        _DataToStr
  X:0152H         PUBLIC        DIS_OPTIONING
  -------         PROC          L?0284
  -------         ENDPROC       L?0284
  -------         PROC          _LEDSHOWFLASHSTRING
  D:000CH         SYMBOL        buff
  D:000FH         SYMBOL        x
  C:2FEEH         LINE#         173
  C:2FF6H         LINE#         174
  C:2FF6H         LINE#         176
  C:2FF6H         LINE#         177
  C:303CH         LINE#         178
  C:304EH         LINE#         179
  -------         ENDPROC       _LEDSHOWFLASHSTRING
  -------         PROC          _LEDSHOWCAPTION
  D:0007H         SYMBOL        num
  -------         DO            
  D:000CH         SYMBOL        buff
  D:000FH         SYMBOL        x
  -------         ENDDO         
  C:17E0H         LINE#         181
  C:17E0H         LINE#         182
  C:17E0H         LINE#         183
  C:17E3H         LINE#         184
  C:1863H         LINE#         185
  C:1863H         LINE#         186
  C:1863H         LINE#         187
  C:186CH         LINE#         188
  C:186FH         LINE#         189
  C:186FH         LINE#         190
  C:1878H         LINE#         191
  C:187BH         LINE#         192
  C:187BH         LINE#         193
  C:1884H         LINE#         194
  C:1887H         LINE#         195
  C:1887H         LINE#         196
  C:1890H         LINE#         197
  C:1893H         LINE#         198
  C:1893H         LINE#         199
  C:189CH         LINE#         200
  C:189FH         LINE#         201
  C:189FH         LINE#         202
  C:18A8H         LINE#         203
  C:18ABH         LINE#         204
  C:18ABH         LINE#         205
  C:18B4H         LINE#         206
  C:18B7H         LINE#         207
  C:18B7H         LINE#         208
  C:18C0H         LINE#         209
  C:18C3H         LINE#         210
  C:18C3H         LINE#         211
  C:18CCH         LINE#         212
  C:18CFH         LINE#         213
BL51 BANKED LINKER/LOCATER V6.22                                                      06/11/2014  14:31:12  PAGE 14


  C:18CFH         LINE#         214
  C:18D8H         LINE#         215
  C:18DBH         LINE#         216
  C:18DBH         LINE#         217
  C:18E4H         LINE#         218
  C:18E7H         LINE#         219
  C:18E7H         LINE#         220
  C:18F0H         LINE#         221
  C:18F3H         LINE#         222
  C:18F3H         LINE#         223
  C:18FCH         LINE#         224
  C:18FFH         LINE#         225
  C:18FFH         LINE#         226
  C:1908H         LINE#         227
  C:190BH         LINE#         228
  C:190BH         LINE#         229
  C:1914H         LINE#         230
  C:1917H         LINE#         231
  C:1917H         LINE#         232
  C:1920H         LINE#         233
  C:1923H         LINE#         234
  C:1923H         LINE#         235
  C:192CH         LINE#         236
  C:192FH         LINE#         237
  C:192FH         LINE#         238
  C:1938H         LINE#         239
  C:193BH         LINE#         240
  C:193BH         LINE#         241
  C:1944H         LINE#         242
  C:1947H         LINE#         243
  C:1947H         LINE#         244
  C:1950H         LINE#         245
  C:1953H         LINE#         246
  C:1953H         LINE#         247
  C:195CH         LINE#         248
  C:195FH         LINE#         249
  C:195FH         LINE#         250
  C:1968H         LINE#         251
  C:196BH         LINE#         252
  C:196BH         LINE#         253
  C:1974H         LINE#         254
  C:1977H         LINE#         255
  C:1977H         LINE#         256
  C:1980H         LINE#         257
  C:1983H         LINE#         258
  C:1983H         LINE#         259
  C:198CH         LINE#         260
  C:198FH         LINE#         261
  C:198FH         LINE#         262
  C:1998H         LINE#         263
  C:199BH         LINE#         264
  C:199BH         LINE#         265
  C:19A4H         LINE#         266
  C:19A7H         LINE#         267
  C:19A7H         LINE#         268
  C:19B0H         LINE#         269
  C:19B3H         LINE#         270
BL51 BANKED LINKER/LOCATER V6.22                                                      06/11/2014  14:31:12  PAGE 15


  C:19B3H         LINE#         271
  C:19BCH         LINE#         272
  C:19BEH         LINE#         273
  C:19BEH         LINE#         274
  C:19C7H         LINE#         275
  C:19C9H         LINE#         276
  C:19C9H         LINE#         277
  C:19D2H         LINE#         278
  C:19D4H         LINE#         279
  C:19D4H         LINE#         280
  C:19DDH         LINE#         281
  C:19DFH         LINE#         282
  C:19DFH         LINE#         283
  C:19E8H         LINE#         284
  C:19EAH         LINE#         285
  C:19EAH         LINE#         286
  C:19F3H         LINE#         287
  C:19F5H         LINE#         288
  C:19F5H         LINE#         289
  C:19FEH         LINE#         290
  C:1A00H         LINE#         291
  C:1A00H         LINE#         292
  C:1A09H         LINE#         293
  C:1A0BH         LINE#         294
  C:1A0BH         LINE#         295
  C:1A14H         LINE#         296
  C:1A16H         LINE#         297
  C:1A16H         LINE#         298
  C:1A1FH         LINE#         299
  C:1A21H         LINE#         300
  C:1A21H         LINE#         301
  C:1A2AH         LINE#         302
  C:1A2CH         LINE#         303
  C:1A2CH         LINE#         304
  C:1A35H         LINE#         305
  C:1A35H         LINE#         306
  C:1A35H         LINE#         308
  C:1A35H         LINE#         309
  C:1A7BH         LINE#         310
  C:1A8DH         LINE#         311
  -------         ENDPROC       _LEDSHOWCAPTION
  -------         PROC          _LEDCLEARCHAR
  D:0004H         SYMBOL        x
  D:0001H         SYMBOL        n
  -------         DO            
  D:0005H         SYMBOL        i
  -------         ENDDO         
  C:30EFH         LINE#         351
  C:30F3H         LINE#         352
  C:30F3H         LINE#         354
  C:311AH         LINE#         355
  C:311AH         LINE#         356
  C:312FH         LINE#         357
  C:3132H         LINE#         358
  -------         ENDPROC       _LEDCLEARCHAR
  -------         PROC          L?0285
  -------         ENDPROC       L?0285
BL51 BANKED LINKER/LOCATER V6.22                                                      06/11/2014  14:31:12  PAGE 16


  -------         PROC          _LED_SHOWNUMBER
  D:000CH         SYMBOL        buff
  D:000FH         SYMBOL        x
  -------         DO            
  D:0010H         SYMBOL        TempFlag
  -------         ENDDO         
  C:2CFDH         LINE#         367
  C:2D05H         LINE#         368
  C:2D05H         LINE#         369
  C:2D08H         LINE#         371
  C:2D08H         LINE#         372
  C:2D1CH         LINE#         373
  C:2D1CH         LINE#         374
  C:2D62H         LINE#         376
  C:2D64H         LINE#         378
  C:2D64H         LINE#         379
  C:2DACH         LINE#         381
  C:2DAFH         LINE#         382
  C:2DBAH         LINE#         383
  C:2DBAH         LINE#         384
  C:2DC6H         LINE#         386
  -------         ENDPROC       _LED_SHOWNUMBER
  -------         PROC          MENU_CFG
  -------         DO            
  D:0005H         SYMBOL        i
  -------         ENDDO         
  C:3177H         LINE#         389
  C:3177H         LINE#         390
  C:3177H         LINE#         392
  C:3179H         LINE#         393
  C:3179H         LINE#         394
  C:31B1H         LINE#         395
  C:31B5H         LINE#         396
  -------         ENDPROC       MENU_CFG
  -------         PROC          _READ_MENU_DATA
  D:0009H         SYMBOL        menu_id
  -------         DO            
  D:000AH         SYMBOL        progbyte
  D:000DH         SYMBOL        i
  D:000EH         SYMBOL        read_byte
  D:000FH         SYMBOL        progadd
  -------         ENDDO         
  C:1F1EH         LINE#         406
  C:1F20H         LINE#         407
  C:1F20H         LINE#         411
  C:1F41H         LINE#         412
  C:1F52H         LINE#         413
  C:1F7CH         LINE#         414
  C:1FB0H         LINE#         415
  C:1FB0H         LINE#         416
  C:1FF9H         LINE#         417
  C:2049H         LINE#         418
  C:2083H         LINE#         420
  C:2088H         LINE#         422
  C:208CH         LINE#         423
  C:208CH         LINE#         424
  C:208CH         LINE#         425
BL51 BANKED LINKER/LOCATER V6.22                                                      06/11/2014  14:31:12  PAGE 17


  C:2095H         LINE#         426
  C:2095H         LINE#         427
  C:2095H         LINE#         428
  C:20B8H         LINE#         429
  C:20E9H         LINE#         430
  C:20E9H         LINE#         431
  C:2102H         LINE#         432
  C:210DH         LINE#         433
  C:2126H         LINE#         434
  C:2131H         LINE#         435
  C:2135H         LINE#         437
  -------         ENDPROC       _READ_MENU_DATA
  -------         PROC          INITLEDDISPLAY
  -------         DO            
  D:0008H         SYMBOL        TempB
  -------         ENDDO         
  C:2DC7H         LINE#         448
  C:2DC7H         LINE#         449
  C:2DC7H         LINE#         453
  C:2DC9H         LINE#         455
  C:2DD0H         LINE#         456
  C:2DD3H         LINE#         459
  C:2DE8H         LINE#         460
  C:2E0DH         LINE#         461
  C:2E0DH         LINE#         463
  C:2E11H         LINE#         464
  C:2E17H         LINE#         467
  C:2E2DH         LINE#         468
  C:2E3EH         LINE#         470
  C:2E43H         LINE#         472
  C:2E49H         LINE#         474
  C:2E4CH         LINE#         476
  C:2E51H         LINE#         478
  C:2E55H         LINE#         479
  C:2E59H         LINE#         480
  C:2E5EH         LINE#         481
  C:2E62H         LINE#         484
  C:2E66H         LINE#         485
  C:2E6AH         LINE#         486
  C:2E74H         LINE#         489
  C:2E7BH         LINE#         490
  C:2E7FH         LINE#         491
  -------         ENDPROC       INITLEDDISPLAY
  -------         PROC          _FUNC_MENU_UPDATE
  D:000CH         SYMBOL        menu_id
  -------         DO            
  D:000EH         SYMBOL        progbyte
  D:0011H         SYMBOL        i
  D:0006H         SYMBOL        readbyte
  D:0012H         SYMBOL        progadd
  -------         ENDDO         
  C:2919H         LINE#         494
  C:291DH         LINE#         495
  C:291DH         LINE#         498
  C:2920H         LINE#         499
  C:293DH         LINE#         500
  C:2940H         LINE#         501
BL51 BANKED LINKER/LOCATER V6.22                                                      06/11/2014  14:31:12  PAGE 18


  C:2948H         LINE#         502
  C:2948H         LINE#         503
  C:2948H         LINE#         504
  C:2951H         LINE#         505
  C:2951H         LINE#         506
  C:2951H         LINE#         507
  C:296FH         LINE#         508
  C:299EH         LINE#         509
  C:299EH         LINE#         511
  C:29A1H         LINE#         512
  C:29B2H         LINE#         513
  C:29BBH         LINE#         514
  C:29C7H         LINE#         515
  C:29CEH         LINE#         516
  C:29D9H         LINE#         517
  C:29E1H         LINE#         519
  C:29F2H         LINE#         520
  C:29FBH         LINE#         521
  C:2A07H         LINE#         522
  C:2A0EH         LINE#         523
  C:2A19H         LINE#         524
  C:2A21H         LINE#         525
  C:2A24H         LINE#         526
  C:2A29H         LINE#         527
  -------         ENDPROC       _FUNC_MENU_UPDATE
  -------         PROC          LEDDISPLAY
  -------         DO            
  D:0008H         SYMBOL        TempDataB
  D:0009H         SYMBOL        TempValue
  X:0000H         SYMBOL        Bell_flag
  X:0001H         SYMBOL        UpdateCountB
  X:0003H         SYMBOL        TempCount
  X:0005H         SYMBOL        flash_flag
  X:0007H         SYMBOL        DisplayValueTemp
  X:000BH         SYMBOL        Key_Val
  X:000CH         SYMBOL        Pr_Key_Val
  X:000DH         SYMBOL        UpdateState
  X:000EH         SYMBOL        old_key
  X:000FH         SYMBOL        Read_key_dely
  X:0011H         SYMBOL        Read_key_dely_2
  X:0013H         SYMBOL        long_count
  X:0015H         SYMBOL        long_input_flag
  X:0017H         SYMBOL        Read_key_dely_3
  X:0019H         SYMBOL        No_key_delay
  X:001BH         SYMBOL        Main_adj_key_delay
  X:001DH         SYMBOL        Main_disp_other
  X:001FH         SYMBOL        edit_menu_id
  X:0021H         SYMBOL        bell_delay
  X:0023H         SYMBOL        long_key_count
  X:0025H         SYMBOL        long_key_step
  X:0027H         SYMBOL        pr_long_input_flag
  X:0029H         SYMBOL        war_bell_step
  X:002AH         SYMBOL        war_bell_delay
  D:000AH         SYMBOL        temp_max
  -------         ENDDO         
  C:0066H         LINE#         543
  C:0066H         LINE#         544
BL51 BANKED LINKER/LOCATER V6.22                                                      06/11/2014  14:31:12  PAGE 19


  C:0066H         LINE#         563
  C:0070H         LINE#         564
  C:0075H         LINE#         566
  C:007CH         LINE#         567
  C:007CH         LINE#         568
  C:008CH         LINE#         569
  C:0096H         LINE#         570
  C:0096H         LINE#         571
  C:009EH         LINE#         572
  C:00A5H         LINE#         573
  C:00A7H         LINE#         575
  C:00A7H         LINE#         576
  C:00AEH         LINE#         577
  C:00AEH         LINE#         578
  C:00CDH         LINE#         579
  C:00CDH         LINE#         580
  C:00D5H         LINE#         581
  C:00DBH         LINE#         582
  C:00E2H         LINE#         583
  C:00E6H         LINE#         584
  C:00EDH         LINE#         586
  C:00F0H         LINE#         588
  C:00F0H         LINE#         589
  C:00F0H         LINE#         590
  C:00F0H         LINE#         591
  C:00F3H         LINE#         593
  C:00F3H         LINE#         594
  C:0112H         LINE#         595
  C:0112H         LINE#         596
  C:0119H         LINE#         597
  C:0119H         LINE#         599
  C:0131H         LINE#         600
  C:0131H         LINE#         601
  C:0140H         LINE#         602
  C:014AH         LINE#         603
  C:014FH         LINE#         604
  C:014FH         LINE#         606
  C:016EH         LINE#         607
  C:016EH         LINE#         608
  C:0176H         LINE#         609
  C:0187H         LINE#         610
  C:0187H         LINE#         611
  C:0195H         LINE#         612
  C:01A6H         LINE#         613
  C:01A6H         LINE#         614
  C:01AEH         LINE#         615
  C:01B6H         LINE#         616
  C:01BDH         LINE#         617
  C:01C5H         LINE#         618
  C:01CEH         LINE#         619
  C:01CEH         LINE#         620
  C:01CEH         LINE#         621
  C:01D0H         LINE#         623
  C:01D0H         LINE#         624
  C:01D5H         LINE#         626
  C:01D5H         LINE#         627
  C:01D5H         LINE#         628
BL51 BANKED LINKER/LOCATER V6.22                                                      06/11/2014  14:31:12  PAGE 20


  C:01DFH         LINE#         629
  C:01DFH         LINE#         630
  C:01FEH         LINE#         631
  C:01FEH         LINE#         632
  C:020CH         LINE#         633
  C:021EH         LINE#         634
  C:021EH         LINE#         635
  C:0225H         LINE#         636
  C:0225H         LINE#         637
  C:0229H         LINE#         638
  C:0231H         LINE#         639
  C:0237H         LINE#         640
  C:0237H         LINE#         641
  C:0237H         LINE#         642
  C:023EH         LINE#         643
  C:023EH         LINE#         644
  C:0245H         LINE#         645
  C:0245H         LINE#         646
  C:024BH         LINE#         647
  C:024DH         LINE#         649
  C:024DH         LINE#         650
  C:0252H         LINE#         651
  C:0252H         LINE#         652
  C:0252H         LINE#         654
  C:0276H         LINE#         655
  C:0276H         LINE#         656
  C:0276H         LINE#         657
  C:0276H         LINE#         658
  C:028CH         LINE#         659
  C:028CH         LINE#         660
  C:028CH         LINE#         661
  C:0293H         LINE#         662
  C:0296H         LINE#         663
  C:0296H         LINE#         664
  C:0296H         LINE#         665
  C:0296H         LINE#         666
  C:029DH         LINE#         667
  C:02B9H         LINE#         668
  C:02C2H         LINE#         669
  C:02C5H         LINE#         670
  C:02C8H         LINE#         671
  C:02CDH         LINE#         673
  C:02F1H         LINE#         674
  C:02FBH         LINE#         675
  C:0302H         LINE#         677
  C:0302H         LINE#         678
  C:0302H         LINE#         679
  C:0311H         LINE#         680
  C:0318H         LINE#         681
  C:0318H         LINE#         682
  C:0318H         LINE#         684
  C:0325H         LINE#         685
  C:0325H         LINE#         686
  C:0332H         LINE#         687
  C:0338H         LINE#         689
  C:033EH         LINE#         690
  C:033EH         LINE#         691
BL51 BANKED LINKER/LOCATER V6.22                                                      06/11/2014  14:31:12  PAGE 21


  C:0342H         LINE#         692
  C:0342H         LINE#         693
  C:0350H         LINE#         694
  C:0353H         LINE#         699
  C:0356H         LINE#         700
  C:035DH         LINE#         701
  C:035FH         LINE#         703
  C:035FH         LINE#         704
  C:0366H         LINE#         705
  C:037AH         LINE#         706
  C:037EH         LINE#         707
  C:037EH         LINE#         708
  C:0386H         LINE#         709
  C:0386H         LINE#         710
  C:0386H         LINE#         715
  C:0386H         LINE#         717
  C:0386H         LINE#         718
  C:0388H         LINE#         720
  C:0388H         LINE#         722
  C:0393H         LINE#         723
  C:039BH         LINE#         724
  C:03ACH         LINE#         725
  C:03B1H         LINE#         730
  C:03BCH         LINE#         731
  C:03BCH         LINE#         733
  C:03C5H         LINE#         734
  C:03DFH         LINE#         735
  C:03DFH         LINE#         736
  C:03E1H         LINE#         737
  C:03E7H         LINE#         738
  C:03EEH         LINE#         739
  C:03EEH         LINE#         740
  C:03F1H         LINE#         741
  C:03FDH         LINE#         742
  C:03FDH         LINE#         743
  C:0407H         LINE#         744
  C:040AH         LINE#         749
  C:040DH         LINE#         750
  C:042EH         LINE#         751
  C:042EH         LINE#         752
  C:0437H         LINE#         753
  C:0437H         LINE#         754
  C:043AH         LINE#         755
  C:0449H         LINE#         756
  C:0449H         LINE#         757
  C:045AH         LINE#         758
  C:0466H         LINE#         759
  C:046BH         LINE#         764
  C:0473H         LINE#         765
  C:0473H         LINE#         766
  C:0473H         LINE#         767
  C:0476H         LINE#         768
  C:0476H         LINE#         769
  C:0476H         LINE#         770
  C:048CH         LINE#         771
  C:048CH         LINE#         772
  C:048CH         LINE#         773
BL51 BANKED LINKER/LOCATER V6.22                                                      06/11/2014  14:31:12  PAGE 22


  C:0493H         LINE#         774
  C:0499H         LINE#         775
  C:049EH         LINE#         776
  C:04A4H         LINE#         777
  C:04AAH         LINE#         778
  C:04AFH         LINE#         779
  C:04B4H         LINE#         780
  C:04B8H         LINE#         781
  C:04BBH         LINE#         782
  C:04BBH         LINE#         783
  C:04C5H         LINE#         784
  C:04CEH         LINE#         785
  C:04CEH         LINE#         786
  C:04CEH         LINE#         787
  C:04D0H         LINE#         788
  C:04D0H         LINE#         789
  C:04E7H         LINE#         790
  C:04E9H         LINE#         791
  C:04F1H         LINE#         792
  C:04F5H         LINE#         793
  C:04F8H         LINE#         794
  C:04F8H         LINE#         795
  C:04FEH         LINE#         796
  C:04FEH         LINE#         799
  C:04FEH         LINE#         800
  C:0504H         LINE#         801
  C:050AH         LINE#         802
  C:052AH         LINE#         803
  C:0530H         LINE#         805
  C:055CH         LINE#         806
  C:0562H         LINE#         807
  C:0580H         LINE#         813
  C:0586H         LINE#         815
  C:058CH         LINE#         816
  C:058EH         LINE#         817
  C:059CH         LINE#         818
  C:059CH         LINE#         819
  C:059CH         LINE#         820
  C:05B3H         LINE#         821
  C:05B9H         LINE#         822
  C:05D0H         LINE#         823
  C:05D6H         LINE#         824
  C:05D6H         LINE#         825
  C:05D8H         LINE#         826
  C:05D8H         LINE#         827
  C:05DEH         LINE#         828
  C:05F5H         LINE#         829
  C:05FBH         LINE#         830
  C:05FBH         LINE#         831
  C:05FDH         LINE#         832
  C:05FDH         LINE#         833
  C:0603H         LINE#         834
  C:0605H         LINE#         835
  C:061BH         LINE#         836
  C:061BH         LINE#         837
  C:061BH         LINE#         838
  C:0622H         LINE#         839
BL51 BANKED LINKER/LOCATER V6.22                                                      06/11/2014  14:31:12  PAGE 23


  C:0627H         LINE#         840
  C:0627H         LINE#         842
  C:0627H         LINE#         843
  C:0627H         LINE#         847
  C:0636H         LINE#         848
  C:0636H         LINE#         849
  C:0642H         LINE#         850
  C:0645H         LINE#         851
  C:0645H         LINE#         852
  C:0652H         LINE#         856
  C:0680H         LINE#         857
  C:0695H         LINE#         859
  C:069DH         LINE#         860
  C:06BAH         LINE#         865
  C:06C6H         LINE#         866
  C:06C6H         LINE#         867
  C:06C9H         LINE#         869
  C:06C9H         LINE#         870
  C:06C9H         LINE#         871
  C:06E5H         LINE#         872
  C:06E5H         LINE#         873
  C:06E5H         LINE#         874
  C:06EBH         LINE#         876
  C:06EEH         LINE#         877
  C:06EEH         LINE#         878
  C:071DH         LINE#         879
  C:071DH         LINE#         881
  C:071DH         LINE#         883
  C:071DH         LINE#         884
  C:0756H         LINE#         885
  C:0787H         LINE#         886
  C:079BH         LINE#         887
  C:079BH         LINE#         888
  C:079EH         LINE#         889
  C:079EH         LINE#         890
  C:07CDH         LINE#         891
  C:07CDH         LINE#         893
  C:07CDH         LINE#         895
  C:07CDH         LINE#         896
  C:07FBH         LINE#         897
  C:0811H         LINE#         898
  C:0831H         LINE#         899
  C:0841H         LINE#         900
  C:0841H         LINE#         901
  C:0844H         LINE#         902
  C:0844H         LINE#         903
  C:084AH         LINE#         904
  C:0857H         LINE#         905
  C:0857H         LINE#         906
  C:086EH         LINE#         907
  C:08D0H         LINE#         908
  C:08D0H         LINE#         909
  C:08E2H         LINE#         910
  C:08E2H         LINE#         911
  C:08E2H         LINE#         912
  C:0901H         LINE#         913
  C:0903H         LINE#         914
BL51 BANKED LINKER/LOCATER V6.22                                                      06/11/2014  14:31:12  PAGE 24


  C:0903H         LINE#         915
  C:0921H         LINE#         916
  C:0923H         LINE#         917
  C:0923H         LINE#         918
  C:093DH         LINE#         919
  C:093DH         LINE#         920
  C:093DH         LINE#         921
  C:0944H         LINE#         922
  C:0944H         LINE#         923
  C:0947H         LINE#         924
  C:094FH         LINE#         925
  C:094FH         LINE#         926
  C:095AH         LINE#         927
  C:0960H         LINE#         928
  C:0960H         LINE#         929
  C:0960H         LINE#         930
  C:0960H         LINE#         931
  C:0960H         LINE#         933
  C:0974H         LINE#         934
  C:0974H         LINE#         935
  C:097EH         LINE#         936
  C:0981H         LINE#         938
  C:0981H         LINE#         939
  C:0989H         LINE#         940
  C:09AAH         LINE#         946
  C:09BFH         LINE#         947
  C:09C5H         LINE#         948
  C:09DCH         LINE#         949
  C:09E2H         LINE#         950
  C:09F1H         LINE#         951
  C:09FCH         LINE#         953
  C:09FCH         LINE#         955
  C:09FCH         LINE#         956
  C:09FEH         LINE#         957
  C:09FEH         LINE#         958
  C:0A1CH         LINE#         959
  C:0A1CH         LINE#         960
  C:0A28H         LINE#         961
  C:0A2AH         LINE#         963
  C:0A2AH         LINE#         964
  C:0A35H         LINE#         965
  C:0A35H         LINE#         966
  C:0A37H         LINE#         967
  C:0A37H         LINE#         968
  C:0A3DH         LINE#         969
  C:0A42H         LINE#         970
  C:0A42H         LINE#         971
  C:0A42H         LINE#         974
  C:0A48H         LINE#         975
  C:0A48H         LINE#         976
  C:0A4AH         LINE#         977
  C:0A59H         LINE#         978
  C:0A5BH         LINE#         980
  C:0A5BH         LINE#         981
  C:0A79H         LINE#         982
  C:0A79H         LINE#         983
  C:0A91H         LINE#         984
BL51 BANKED LINKER/LOCATER V6.22                                                      06/11/2014  14:31:12  PAGE 25


  C:0A96H         LINE#         985
  C:0A96H         LINE#         987
  C:0A96H         LINE#         989
  C:0AB0H         LINE#         990
  C:0AB0H         LINE#         991
  C:0AB0H         LINE#         992
  C:0ABFH         LINE#         993
  C:0AC6H         LINE#         994
  C:0ACCH         LINE#         995
  C:0ACFH         LINE#         996
  C:0ACFH         LINE#         997
  C:0AEEH         LINE#         998
  C:0AEEH         LINE#         999
  C:0AF6H         LINE#         1000
  C:0AFDH         LINE#         1001
  C:0B03H         LINE#         1002
  C:0B03H         LINE#         1003
  C:0B05H         LINE#         1004
  C:0B05H         LINE#         1005
  C:0B24H         LINE#         1006
  C:0B24H         LINE#         1007
  C:0B2CH         LINE#         1008
  C:0B32H         LINE#         1009
  C:0B32H         LINE#         1010
  C:0B34H         LINE#         1011
  C:0B34H         LINE#         1012
  C:0B45H         LINE#         1014
  C:0B45H         LINE#         1015
  C:0B49H         LINE#         1016
  C:0B4BH         LINE#         1018
  C:0B4BH         LINE#         1019
  C:0B51H         LINE#         1020
  C:0B51H         LINE#         1021
  C:0B51H         LINE#         1022
  C:0B51H         LINE#         1023
  C:0B57H         LINE#         1024
  C:0B57H         LINE#         1025
  C:0B59H         LINE#         1026
  C:0B5BH         LINE#         1028
  C:0B5BH         LINE#         1029
  C:0B5DH         LINE#         1030
  C:0B5DH         LINE#         1031
  C:0B60H         LINE#         1032
  -------         ENDPROC       LEDDISPLAY
  C:1CFDH         SYMBOL        L?0282
  C:1D15H         SYMBOL        L?0283
  -------         PROC          L?0281
  -------         ENDPROC       L?0281
  C:1CFDH         SYMBOL        L?0282
  C:1D15H         SYMBOL        L?0283
  -------         PROC          _DATATOSTR
  D:0001H         SYMBOL        pData
  D:000FH         SYMBOL        size
  D:0010H         SYMBOL        nBit
  D:0011H         SYMBOL        nPoint
  D:0012H         SYMBOL        string
  D:0015H         SYMBOL        nFlag
BL51 BANKED LINKER/LOCATER V6.22                                                      06/11/2014  14:31:12  PAGE 26


  D:0016H         SYMBOL        nType
  -------         DO            
  D:0017H         SYMBOL        DataS32Bit
  D:001BH         SYMBOL        spaces
  D:001CH         SYMBOL        Temp
  D:001DH         SYMBOL        module
  D:001EH         SYMBOL        SignZero
  -------         ENDDO         
  C:1D19H         LINE#         1042
  C:1D1BH         LINE#         1043
  C:1D1BH         LINE#         1049
  C:1D26H         LINE#         1050
  C:1D29H         LINE#         1051
  C:1D2BH         LINE#         1055
  C:1D2EH         LINE#         1057
  C:1D36H         LINE#         1058
  C:1D3BH         LINE#         1059
  C:1D3BH         LINE#         1060
  C:1D3FH         LINE#         1061
  C:1D47H         LINE#         1063
  C:1D52H         LINE#         1064
  C:1D54H         LINE#         1065
  C:1D59H         LINE#         1066
  C:1D59H         LINE#         1067
  C:1D5DH         LINE#         1068
  C:1D6EH         LINE#         1070
  C:1D76H         LINE#         1071
  C:1D78H         LINE#         1072
  C:1D7CH         LINE#         1073
  C:1D7CH         LINE#         1074
  C:1D80H         LINE#         1075
  C:1D89H         LINE#         1077
  C:1D8EH         LINE#         1078
  C:1D90H         LINE#         1080
  C:1D93H         LINE#         1082
  C:1DACH         LINE#         1083
  C:1DACH         LINE#         1084
  C:1DAFH         LINE#         1085
  C:1DB1H         LINE#         1086
  C:1DB1H         LINE#         1087
  C:1DB1H         LINE#         1088
  C:1DB1H         LINE#         1089
  C:1DB1H         LINE#         1090
  C:1DB4H         LINE#         1091
  C:1DB6H         LINE#         1092
  C:1DB6H         LINE#         1093
  C:1DB9H         LINE#         1094
  C:1DB9H         LINE#         1095
  C:1DB9H         LINE#         1097
  C:1DC4H         LINE#         1098
  C:1DC6H         LINE#         1099
  C:1DCFH         LINE#         1100
  C:1DCFH         LINE#         1101
  C:1DD8H         LINE#         1102
  C:1DDBH         LINE#         1103
  C:1DDBH         LINE#         1106
  C:1DDBH         LINE#         1107
BL51 BANKED LINKER/LOCATER V6.22                                                      06/11/2014  14:31:12  PAGE 27


  C:1DE4H         LINE#         1108
  C:1DE4H         LINE#         1109
  C:1E12H         LINE#         1110
  C:1E34H         LINE#         1111
  C:1E36H         LINE#         1113
  C:1E36H         LINE#         1114
  C:1E42H         LINE#         1115
  C:1E4EH         LINE#         1117
  C:1E5BH         LINE#         1118
  C:1E5BH         LINE#         1120
  C:1E6AH         LINE#         1122
  C:1E6EH         LINE#         1123
  C:1E6EH         LINE#         1124
  C:1E7BH         LINE#         1125
  C:1E90H         LINE#         1126
  C:1E93H         LINE#         1127
  C:1E93H         LINE#         1129
  C:1E96H         LINE#         1130
  C:1E98H         LINE#         1132
  C:1E98H         LINE#         1133
  C:1ECFH         LINE#         1134
  C:1ECFH         LINE#         1135
  C:1EDEH         LINE#         1136
  C:1EE0H         LINE#         1137
  C:1EE0H         LINE#         1139
  C:1EE0H         LINE#         1140
  C:1EE0H         LINE#         1141
  C:1EE0H         LINE#         1142
  C:1EE2H         LINE#         1143
  C:1EE4H         LINE#         1144
  C:1EE8H         LINE#         1145
  C:1EE8H         LINE#         1146
  C:1EFFH         LINE#         1147
  C:1EFFH         LINE#         1148
  C:1F08H         LINE#         1149
  C:1F0FH         LINE#         1150
  C:1F1BH         LINE#         1151
  C:1F1DH         LINE#         1152
  -------         ENDPROC       _DATATOSTR
  -------         PROC          _STRTODATA
  D:000CH         SYMBOL        string
  D:0003H         SYMBOL        len
  D:0010H         SYMBOL        nType
  -------         DO            
  D:0011H         SYMBOL        x
  D:0015H         SYMBOL        bi
  D:0019H         SYMBOL        i
  D:001AH         SYMBOL        module
  -------         ENDDO         
  C:2A2AH         LINE#         1161
  C:2A32H         LINE#         1162
  C:2A32H         LINE#         1166
  C:2A3FH         LINE#         1167
  C:2A3FH         LINE#         1168
  C:2A42H         LINE#         1169
  C:2A44H         LINE#         1170
  C:2A44H         LINE#         1171
BL51 BANKED LINKER/LOCATER V6.22                                                      06/11/2014  14:31:12  PAGE 28


  C:2A47H         LINE#         1172
  C:2A49H         LINE#         1173
  C:2A49H         LINE#         1174
  C:2A4CH         LINE#         1175
  C:2A4CH         LINE#         1176
  C:2A4CH         LINE#         1177
  C:2A55H         LINE#         1178
  C:2A5EH         LINE#         1179
  C:2A6CH         LINE#         1180
  C:2A6CH         LINE#         1181
  C:2A6EH         LINE#         1182
  C:2A91H         LINE#         1183
  C:2A91H         LINE#         1184
  C:2ACDH         LINE#         1185
  C:2AE9H         LINE#         1186
  C:2AE9H         LINE#         1187
  C:2AECH         LINE#         1188
  C:2B0CH         LINE#         1189
  C:2B17H         LINE#         1191
  C:2B1FH         LINE#         1193
  -------         ENDPROC       _STRTODATA
  -------         ENDMOD        LED_DISPLAY

  -------         MODULE        EEPROM
  C:0000H         SYMBOL        _ICE_DUMMY_
  C:001EH         PUBLIC        _IapEraseSector
  B:00A8H.7       PUBLIC        EA
  C:309FH         PUBLIC        _IapProgramByte
  D:00C5H         PUBLIC        IAP_CMD
  D:00C3H         PUBLIC        IAP_ADDRH
  D:00C4H         PUBLIC        IAP_ADDRL
  C:325EH         PUBLIC        _IapReadByte
  D:00C7H         PUBLIC        IAP_CONTR
  D:00C2H         PUBLIC        IAP_DATA
  C:3351H         PUBLIC        iapidle
  D:00C6H         PUBLIC        IAP_TRIG
  -------         PROC          IAPIDLE
  C:3351H         LINE#         26
  C:3351H         LINE#         27
  C:3351H         LINE#         28
  C:3354H         LINE#         29
  C:3356H         LINE#         30
  C:3358H         LINE#         31
  C:335BH         LINE#         32
  C:335DH         LINE#         33
  -------         ENDPROC       IAPIDLE
  -------         PROC          _IAPREADBYTE
  D:0006H         SYMBOL        addr
  -------         DO            
  D:0007H         SYMBOL        dat
  -------         ENDDO         
  C:325EH         LINE#         37
  C:325EH         LINE#         38
  C:325EH         LINE#         40
  C:3260H         LINE#         41
  C:3263H         LINE#         42
  C:3266H         LINE#         43
BL51 BANKED LINKER/LOCATER V6.22                                                      06/11/2014  14:31:12  PAGE 29


  C:3268H         LINE#         44
  C:326AH         LINE#         45
  C:326DH         LINE#         46
  C:3270H         LINE#         47
  C:3271H         LINE#         48
  C:3272H         LINE#         49
  C:3274H         LINE#         50
  C:3277H         LINE#         51
  C:3279H         LINE#         52
  C:3279H         LINE#         53
  -------         ENDPROC       _IAPREADBYTE
  -------         PROC          _IAPPROGRAMBYTE
  D:0006H         SYMBOL        addr
  D:0005H         SYMBOL        dat
  C:309FH         LINE#         58
  C:309FH         LINE#         59
  C:309FH         LINE#         61
  C:30A8H         LINE#         62
  C:30A8H         LINE#         63
  C:30AAH         LINE#         64
  C:30AFH         LINE#         65
  C:30B2H         LINE#         66
  C:30B8H         LINE#         67
  C:30BBH         LINE#         68
  C:30C1H         LINE#         69
  C:30C3H         LINE#         70
  C:30C9H         LINE#         71
  C:30CBH         LINE#         72
  C:30D4H         LINE#         73
  C:30D6H         LINE#         74
  C:30DCH         LINE#         75
  C:30DFH         LINE#         76
  C:30E5H         LINE#         77
  C:30E8H         LINE#         78
  C:30E9H         LINE#         79
  C:30ECH         LINE#         80
  C:30EEH         LINE#         81
  C:30EEH         LINE#         83
  -------         ENDPROC       _IAPPROGRAMBYTE
  -------         PROC          _IAPERASESECTOR
  D:0006H         SYMBOL        addr
  C:001EH         LINE#         88
  C:001EH         LINE#         89
  C:001EH         LINE#         91
  C:0027H         LINE#         92
  C:0027H         LINE#         93
  C:0029H         LINE#         94
  C:002EH         LINE#         95
  C:0031H         LINE#         96
  C:0037H         LINE#         97
  C:003AH         LINE#         98
  C:0040H         LINE#         99
  C:0042H         LINE#         100
  C:0048H         LINE#         101
  C:004AH         LINE#         102
  C:0050H         LINE#         103
  C:0053H         LINE#         104
BL51 BANKED LINKER/LOCATER V6.22                                                      06/11/2014  14:31:12  PAGE 30


  C:0059H         LINE#         105
  C:005CH         LINE#         106
  C:005DH         LINE#         107
  C:0060H         LINE#         108
  C:0062H         LINE#         109
  C:0062H         LINE#         111
  -------         ENDPROC       _IAPERASESECTOR
  -------         ENDMOD        EEPROM

  -------         MODULE        XT
  C:0000H         SYMBOL        _ICE_DUMMY_
  D:0090H         PUBLIC        P1
  D:00A0H         PUBLIC        P2
  D:00B0H         PUBLIC        P3
  D:00C8H         PUBLIC        P5
  X:0153H         PUBLIC        t_Foot1RisingEdge
  X:0163H         PUBLIC        cLiftDownFlag
  C:27B3H         PUBLIC        _CheckFoot1RisingEdge
  X:0164H         PUBLIC        t_SensorLessEdge_S
  C:1A8EH         PUBLIC        _xt_ctrl_door
  X:0174H         PUBLIC        t_WorkLogicData_S
  X:017CH         PUBLIC        t_WorkLogicData_X
  C:2B20H         PUBLIC        _CheckSensorContinueHighTTL
  B:0090H.2       PUBLIC        P12
  B:00A0H.6       PUBLIC        P26
  C:0B61H         PUBLIC        _xt_ctrl_lift_push
  X:018EH         PUBLIC        cAddMatrlByManu
  X:018FH         PUBLIC        t_DriverModuleEdge_K
  C:2C0AH         PUBLIC        _CheckSensorContinueLowTTL
  X:019FH         PUBLIC        cUpSpeed_X
  X:01A3H         PUBLIC        t_DriverModuleEdge_X
  X:01B3H         PUBLIC        t_SensorContiueHighTTL_X
  X:01C3H         PUBLIC        t_SensorEnoughEdge_S
  X:01D3H         PUBLIC        cLiftPauseFlag
  -------         PROC          _CHECKSENSORCONTINUEHIGHTTL
  D:001FH         SYMBOL        p
  C:2B20H         LINE#         61
  C:2B26H         LINE#         62
  C:2B26H         LINE#         63
  C:2B49H         LINE#         64
  C:2B49H         LINE#         65
  C:2B49H         LINE#         66
  C:2B52H         LINE#         67
  C:2B65H         LINE#         68
  C:2B65H         LINE#         69
  C:2B75H         LINE#         70
  C:2B7FH         LINE#         71
  C:2B7FH         LINE#         72
  C:2B80H         LINE#         73
  C:2B80H         LINE#         74
  C:2B96H         LINE#         75
  C:2B96H         LINE#         76
  C:2BB5H         LINE#         77
  C:2BC7H         LINE#         78
  C:2BC7H         LINE#         79
  C:2BD4H         LINE#         80
  C:2BD4H         LINE#         81
BL51 BANKED LINKER/LOCATER V6.22                                                      06/11/2014  14:31:12  PAGE 31


  C:2BD6H         LINE#         83
  C:2BD6H         LINE#         84
  C:2BE6H         LINE#         85
  C:2BECH         LINE#         86
  C:2BECH         LINE#         87
  C:2BEEH         LINE#         88
  C:2BEEH         LINE#         89
  C:2BFFH         LINE#         90
  C:2C09H         LINE#         91
  C:2C09H         LINE#         92
  C:2C09H         LINE#         93
  -------         ENDPROC       _CHECKSENSORCONTINUEHIGHTTL
  -------         PROC          _CHECKSENSORCONTINUELOWTTL
  D:001FH         SYMBOL        p
  C:2C0AH         LINE#         96
  C:2C10H         LINE#         97
  C:2C10H         LINE#         98
  C:2C33H         LINE#         99
  C:2C33H         LINE#         100
  C:2C33H         LINE#         101
  C:2C3CH         LINE#         102
  C:2C4FH         LINE#         103
  C:2C4FH         LINE#         104
  C:2C5EH         LINE#         105
  C:2C68H         LINE#         106
  C:2C68H         LINE#         107
  C:2C69H         LINE#         108
  C:2C69H         LINE#         109
  C:2C7FH         LINE#         110
  C:2C7FH         LINE#         111
  C:2C9EH         LINE#         112
  C:2CB0H         LINE#         113
  C:2CB0H         LINE#         114
  C:2CBDH         LINE#         115
  C:2CBDH         LINE#         116
  C:2CBFH         LINE#         118
  C:2CBFH         LINE#         119
  C:2CCFH         LINE#         120
  C:2CD5H         LINE#         121
  C:2CD5H         LINE#         122
  C:2CD7H         LINE#         123
  C:2CD7H         LINE#         124
  C:2CE8H         LINE#         125
  C:2CF2H         LINE#         126
  C:2CF2H         LINE#         127
  C:2CF2H         LINE#         128
  -------         ENDPROC       _CHECKSENSORCONTINUELOWTTL
  -------         PROC          _CHECKFOOT1RISINGEDGE
  D:001FH         SYMBOL        p
  C:27B3H         LINE#         132
  C:27B9H         LINE#         133
  C:27B9H         LINE#         134
  C:27E3H         LINE#         135
  C:27E3H         LINE#         136
  C:27E3H         LINE#         137
  C:27ECH         LINE#         138
  C:27FFH         LINE#         139
BL51 BANKED LINKER/LOCATER V6.22                                                      06/11/2014  14:31:12  PAGE 32


  C:27FFH         LINE#         140
  C:280FH         LINE#         141
  C:2816H         LINE#         142
  C:2816H         LINE#         143
  C:2819H         LINE#         144
  C:2819H         LINE#         145
  C:282FH         LINE#         146
  C:282FH         LINE#         147
  C:284EH         LINE#         148
  C:2863H         LINE#         149
  C:2863H         LINE#         150
  C:2873H         LINE#         152
  C:287AH         LINE#         155
  C:287AH         LINE#         156
  C:287DH         LINE#         158
  C:287DH         LINE#         159
  C:2889H         LINE#         160
  C:2889H         LINE#         161
  C:288CH         LINE#         163
  C:288CH         LINE#         164
  C:28A2H         LINE#         165
  C:28A2H         LINE#         166
  C:28C1H         LINE#         167
  C:28D3H         LINE#         168
  C:28D3H         LINE#         169
  C:28E3H         LINE#         170
  C:28EAH         LINE#         171
  C:28EAH         LINE#         172
  C:28ECH         LINE#         174
  C:28ECH         LINE#         175
  C:28FCH         LINE#         176
  C:28FCH         LINE#         177
  C:28FDH         LINE#         178
  C:28FDH         LINE#         179
  C:290EH         LINE#         180
  C:2918H         LINE#         182
  C:2918H         LINE#         183
  C:2918H         LINE#         184
  -------         ENDPROC       _CHECKFOOT1RISINGEDGE
  -------         PROC          _XT_CTRL_LIFT_PUSH
  D:001FH         SYMBOL        p
  -------         DO            
  D:0022H         SYMBOL        cFlag
  -------         ENDDO         
  C:0B61H         LINE#         335
  C:0B67H         LINE#         336
  C:0B67H         LINE#         337
  C:0B6AH         LINE#         339
  C:0BA3H         LINE#         340
  C:0BA3H         LINE#         341
  C:0BA3H         LINE#         343
  C:0BAAH         LINE#         345
  C:0BB3H         LINE#         347
  C:0BB6H         LINE#         349
  C:0BB6H         LINE#         351
  C:0BC3H         LINE#         352
  C:0BC3H         LINE#         354
BL51 BANKED LINKER/LOCATER V6.22                                                      06/11/2014  14:31:12  PAGE 33


  C:0BCCH         LINE#         356
  C:0BD6H         LINE#         357
  C:0BD6H         LINE#         359
  C:0BD9H         LINE#         361
  C:0BD9H         LINE#         363
  C:0BE2H         LINE#         364
  C:0BE2H         LINE#         365
  C:0C01H         LINE#         368
  C:0C16H         LINE#         369
  C:0C16H         LINE#         370
  C:0C26H         LINE#         372
  C:0C3EH         LINE#         374
  C:0C45H         LINE#         376
  C:0C48H         LINE#         377
  C:0C50H         LINE#         379
  C:0C5BH         LINE#         381
  C:0C65H         LINE#         382
  C:0C65H         LINE#         383
  C:0C65H         LINE#         385
  C:0C68H         LINE#         387
  C:0C68H         LINE#         410
  C:0C8EH         LINE#         411
  C:0C8EH         LINE#         412
  C:0C95H         LINE#         415
  C:0C9EH         LINE#         418
  C:0CA8H         LINE#         419
  C:0CA8H         LINE#         436
  C:0CABH         LINE#         438
  C:0CABH         LINE#         440
  C:0CCAH         LINE#         443
  C:0CDFH         LINE#         444
  C:0CDFH         LINE#         445
  C:0CEFH         LINE#         447
  C:0D07H         LINE#         449
  C:0D0AH         LINE#         450
  C:0D13H         LINE#         452
  C:0D1EH         LINE#         454
  C:0D28H         LINE#         455
  C:0D28H         LINE#         457
  C:0D2BH         LINE#         459
  C:0D2BH         LINE#         462
  C:0D32H         LINE#         463
  C:0D32H         LINE#         464
  C:0D39H         LINE#         466
  C:0D43H         LINE#         467
  C:0D46H         LINE#         470
  C:0D72H         LINE#         471
  C:0D72H         LINE#         473
  C:0D7CH         LINE#         474
  C:0D7CH         LINE#         475
  C:0D82H         LINE#         478
  C:0D8AH         LINE#         480
  C:0D95H         LINE#         481
  C:0D98H         LINE#         483
  C:0D98H         LINE#         485
  C:0D9FH         LINE#         487
  C:0DA9H         LINE#         488
BL51 BANKED LINKER/LOCATER V6.22                                                      06/11/2014  14:31:12  PAGE 34


  C:0DA9H         LINE#         489
  C:0DA9H         LINE#         491
  C:0DACH         LINE#         493
  C:0DACH         LINE#         495
  C:0DB5H         LINE#         496
  C:0DB5H         LINE#         497
  C:0DD4H         LINE#         500
  C:0DE9H         LINE#         501
  C:0DE9H         LINE#         502
  C:0DF9H         LINE#         505
  C:0E01H         LINE#         507
  C:0E23H         LINE#         509
  C:0E26H         LINE#         510
  C:0E2EH         LINE#         513
  C:0E30H         LINE#         515
  C:0E36H         LINE#         517
  C:0E3FH         LINE#         518
  C:0E3FH         LINE#         519
  C:0E3FH         LINE#         521
  C:0E42H         LINE#         523
  C:0E42H         LINE#         551
  C:0E48H         LINE#         552
  C:0E48H         LINE#         554
  C:0E72H         LINE#         556
  C:0E72H         LINE#         557
  C:0E82H         LINE#         559
  C:0E89H         LINE#         560
  C:0E8BH         LINE#         563
  C:0E91H         LINE#         565
  C:0E97H         LINE#         568
  C:0E99H         LINE#         571
  C:0EA2H         LINE#         573
  C:0EB2H         LINE#         574
  C:0EBCH         LINE#         576
  C:0EC0H         LINE#         578
  C:0EC3H         LINE#         580
  C:0EC3H         LINE#         581
  C:0EC3H         LINE#         583
  C:0EC3H         LINE#         585
  C:0ECDH         LINE#         586
  C:0ECDH         LINE#         587
  C:0ED4H         LINE#         588
  C:0EDAH         LINE#         590
  C:0EDFH         LINE#         592
  C:0EDFH         LINE#         594
  C:0EDFH         LINE#         596
  C:0EDFH         LINE#         597
  C:0EDFH         LINE#         599
  C:0EE2H         LINE#         600
  C:0EE2H         LINE#         601
  C:0EE2H         LINE#         604
  C:0EEBH         LINE#         605
  C:0EEBH         LINE#         606
  C:0EF4H         LINE#         607
  C:0EF4H         LINE#         608
  C:0EF6H         LINE#         611
  C:0F0DH         LINE#         612
BL51 BANKED LINKER/LOCATER V6.22                                                      06/11/2014  14:31:12  PAGE 35


  C:0F0DH         LINE#         613
  C:0F18H         LINE#         614
  C:0F34H         LINE#         615
  C:0F37H         LINE#         616
  C:0F75H         LINE#         618
  C:0F75H         LINE#         619
  C:0F8CH         LINE#         620
  C:0F8CH         LINE#         621
  C:0F92H         LINE#         622
  C:0FB1H         LINE#         623
  C:0FB3H         LINE#         624
  C:0FEEH         LINE#         626
  C:0FEEH         LINE#         627
  C:0FFEH         LINE#         628
  C:1008H         LINE#         629
  C:1008H         LINE#         631
  C:101FH         LINE#         632
  C:101FH         LINE#         633
  C:103EH         LINE#         634
  C:103EH         LINE#         635
  C:103EH         LINE#         637
  C:1055H         LINE#         638
  C:1055H         LINE#         639
  C:1074H         LINE#         640
  C:1074H         LINE#         643
  C:109AH         LINE#         645
  C:109AH         LINE#         646
  C:10A0H         LINE#         648
  C:10BFH         LINE#         649
  C:10BFH         LINE#         651
  C:10BFH         LINE#         653
  C:10BFH         LINE#         655
  C:10C4H         LINE#         657
  C:10C6H         LINE#         659
  C:10D6H         LINE#         660
  C:10E0H         LINE#         661
  C:10E0H         LINE#         662
  C:10E1H         LINE#         664
  C:10E1H         LINE#         666
  C:10EEH         LINE#         667
  C:10EEH         LINE#         669
  C:10F3H         LINE#         672
  C:10F9H         LINE#         673
  C:10FFH         LINE#         674
  C:10FFH         LINE#         675
  C:10FFH         LINE#         677
  C:1100H         LINE#         679
  C:1100H         LINE#         681
  C:111FH         LINE#         684
  C:1134H         LINE#         685
  C:1134H         LINE#         686
  C:1144H         LINE#         689
[...]
  D:0090H         PUBLIC        P1
  D:00A0H         PUBLIC        P2
  D:00B0H         PUBLIC        P3
  D:00C8H         PUBLIC        P5
  D:00F9H         PUBLIC        CH
  D:00A2H         PUBLIC        P_SW1
  D:00E9H         PUBLIC        CL
  C:335EH         PUBLIC        _set_step_moto
  D:00FBH         PUBLIC        CCAP1H
  D:0028H         PUBLIC        electromagnet_step
  B:00D8H.6       PUBLIC        CR
  D:00EBH         PUBLIC        CCAP1L
  D:002AH         PUBLIC        ulPulseCnt
  D:00DBH         PUBLIC        CCAPM1
  D:00DCH         PUBLIC        CCAPM2
  D:00D9H         PUBLIC        CMOD
  D:00D8H         PUBLIC        CCON
  D:002EH         PUBLIC        zl_moto_step
  C:32F1H         PUBLIC        _IoReverseStart
  C:3219H         PUBLIC        timer1_rountine
  B:00A0H.0       PUBLIC        P20
  B:00B0H.0       PUBLIC        P30
  B:00B0H.1       PUBLIC        P31
  B:00B0H.3       PUBLIC        P33
  C:3373H         PUBLIC        _set_zl_moto
  B:00A0H.6       PUBLIC        P26
  B:00B0H.5       PUBLIC        P35
  B:00B0H.6       PUBLIC        P36
  B:00A0H.7       PUBLIC        P27
  X:01D4H         PUBLIC        timer1_table
  C:32E4H         PUBLIC        _IoReverseStop
  C:2F7BH         PUBLIC        step_moto_control
  D:00E0H         PUBLIC        ACC
  D:008DH         PUBLIC        TH1
  D:008BH         PUBLIC        TL1
  B:0088H.6       PUBLIC        TR1
  D:0030H         PUBLIC        cMotorReverse
  D:00F3H         PUBLIC        PCA_PWM1
  D:00F4H         PUBLIC        PCA_PWM2
  C:0003H         PUBLIC        _EnableAxis
  C:3369H         PUBLIC        _SetAxisTQ
  C:3295H         PUBLIC        pwm_init
  C:32B0H         PUBLIC        _SetAxisDirection
  C:2136H         PUBLIC        zl_moto_control
  D:0031H         SYMBOL        use_val
  C:3247H         PUBLIC        _set_vel
  -------         PROC          _ENABLEAXIS
BL51 BANKED LINKER/LOCATER V6.22                                                      06/11/2014  14:31:12  PAGE 39


  D:0007H         SYMBOL        c_motor
  D:0004H         SYMBOL        s_motor_enable
  C:0003H         LINE#         74
  C:0003H         LINE#         75
  C:0003H         LINE#         76
  C:0006H         LINE#         77
  C:0006H         LINE#         78
  C:000DH         LINE#         79
  C:000FH         LINE#         80
  C:0010H         LINE#         82
  C:0010H         LINE#         83
  C:0017H         LINE#         84
  C:0019H         LINE#         85
  C:0019H         LINE#         86
  -------         ENDPROC       _ENABLEAXIS
  -------         PROC          _SETAXISDIRECTION
  D:0007H         SYMBOL        c_motor
  D:0004H         SYMBOL        s_motor_dir
  C:32B0H         LINE#         89
  C:32B0H         LINE#         90
  C:32B0H         LINE#         91
  C:32B3H         LINE#         92
  C:32B3H         LINE#         93
  C:32BAH         LINE#         94
  C:32BCH         LINE#         95
  C:32BDH         LINE#         97
  C:32BDH         LINE#         98
  C:32C4H         LINE#         99
  C:32C6H         LINE#         100
  C:32C6H         LINE#         101
  -------         ENDPROC       _SETAXISDIRECTION
  -------         PROC          _SETAXISTQ
  D:0006H         SYMBOL        tq_mode
  C:3369H         LINE#         104
  C:3369H         LINE#         105
  C:3369H         LINE#         106
  C:3370H         LINE#         107
  C:3372H         LINE#         108
  -------         ENDPROC       _SETAXISTQ
  -------         PROC          TIMER1_ROUNTINE
  C:3219H         LINE#         114
  C:321DH         LINE#         116
  C:3221H         LINE#         117
  C:3221H         LINE#         118
  C:3223H         LINE#         119
  C:3225H         LINE#         121
  C:3225H         LINE#         122
  C:3227H         LINE#         123
  C:3227H         LINE#         125
  C:323CH         LINE#         126
  -------         ENDPROC       TIMER1_ROUNTINE
  -------         PROC          _IOREVERSESTART
  D:0007H         SYMBOL        duty_cycle
  D:0005H         SYMBOL        chn
  C:32F1H         LINE#         135
  C:32F1H         LINE#         136
  C:32F1H         LINE#         137
BL51 BANKED LINKER/LOCATER V6.22                                                      06/11/2014  14:31:12  PAGE 40


  C:32F3H         LINE#         138
  C:32F6H         LINE#         139
  C:32F6H         LINE#         141
  C:32F8H         LINE#         142
  C:32F9H         LINE#         143
  C:32FCH         LINE#         144
  C:32FCH         LINE#         145
  C:32FFH         LINE#         146
  C:3303H         LINE#         147
  C:3303H         LINE#         148
  -------         ENDPROC       _IOREVERSESTART
  -------         PROC          L?0084
  -------         ENDPROC       L?0084
  -------         PROC          _IOREVERSESTOP
  D:0007H         SYMBOL        chn
  C:32E4H         LINE#         156
  C:32E4H         LINE#         157
  C:32E4H         LINE#         159
  C:32E7H         LINE#         160
  C:32E7H         LINE#         162
  C:32E9H         LINE#         163
  C:32EAH         LINE#         164
  C:32EDH         LINE#         165
  C:32EDH         LINE#         166
  C:32F0H         LINE#         167
  C:32F0H         LINE#         168
  -------         ENDPROC       _IOREVERSESTOP
  -------         PROC          L?0085
  -------         ENDPROC       L?0085
  -------         PROC          _SET_VEL
  D:0007H         SYMBOL        val
  C:3247H         LINE#         170
  C:3247H         LINE#         171
  C:3247H         LINE#         172
  C:3259H         LINE#         173
  C:325DH         LINE#         174
  -------         ENDPROC       _SET_VEL
  -------         PROC          STEP_MOTO_CONTROL
  -------         DO            
  D:0025H         SYMBOL        delay
  -------         ENDDO         
  C:2F7BH         LINE#         183
  C:2F7BH         LINE#         184
  C:2F7BH         LINE#         186
  C:2F94H         LINE#         187
  C:2F94H         LINE#         188
  C:2F94H         LINE#         189
  C:2F99H         LINE#         190
  C:2F9FH         LINE#         191
  C:2FA0H         LINE#         193
  C:2FA0H         LINE#         194
  C:2FA3H         LINE#         195
  C:2FAAH         LINE#         196
  C:2FADH         LINE#         197
  C:2FB2H         LINE#         198
  C:2FB3H         LINE#         200
  C:2FB3H         LINE#         201
BL51 BANKED LINKER/LOCATER V6.22                                                      06/11/2014  14:31:12  PAGE 41


  C:2FB5H         LINE#         202
  C:2FBCH         LINE#         203
  C:2FBCH         LINE#         204
  C:2FBFH         LINE#         205
  C:2FC4H         LINE#         206
  C:2FC4H         LINE#         207
  C:2FC4H         LINE#         208
  C:2FC6H         LINE#         210
  C:2FC6H         LINE#         211
  C:2FC9H         LINE#         212
  C:2FCCH         LINE#         213
  C:2FD2H         LINE#         214
  C:2FD3H         LINE#         216
  C:2FD3H         LINE#         217
  C:2FD5H         LINE#         218
  C:2FDCH         LINE#         219
  C:2FDCH         LINE#         220
  C:2FDFH         LINE#         221
  C:2FE3H         LINE#         222
  C:2FE9H         LINE#         223
  C:2FE9H         LINE#         224
  C:2FE9H         LINE#         226
  C:2FE9H         LINE#         227
  C:2FE9H         LINE#         228
  C:2FE9H         LINE#         229
  -------         ENDPROC       STEP_MOTO_CONTROL
  -------         PROC          _SET_STEP_MOTO
  D:0007H         SYMBOL        set_cmd
  D:0005H         SYMBOL        set_val
  C:335EH         LINE#         234
  C:335EH         LINE#         235
  C:335EH         LINE#         236
  C:3366H         LINE#         237
  C:3368H         LINE#         238
  -------         ENDPROC       _SET_STEP_MOTO
  -------         PROC          PWM_INIT
  C:3295H         LINE#         248
  C:3295H         LINE#         249
  C:3295H         LINE#         250
  C:3297H         LINE#         251
  C:3299H         LINE#         252
  C:329BH         LINE#         253
  C:329DH         LINE#         254
  C:32A0H         LINE#         255
  C:32A2H         LINE#         256
  C:32A4H         LINE#         257
  C:32A7H         LINE#         258
  C:32A9H         LINE#         259
  C:32ABH         LINE#         260
  C:32ADH         LINE#         261
  C:32AFH         LINE#         263
  -------         ENDPROC       PWM_INIT
  -------         PROC          ZL_MOTO_CONTROL
  -------         DO            
  D:0026H         SYMBOL        delay
  -------         ENDDO         
  C:2136H         LINE#         275
BL51 BANKED LINKER/LOCATER V6.22                                                      06/11/2014  14:31:12  PAGE 42


  C:2136H         LINE#         276
  C:2136H         LINE#         278
  C:216DH         LINE#         279
  C:216DH         LINE#         280
  C:216DH         LINE#         281
  C:2172H         LINE#         282
  C:2178H         LINE#         283
  C:2179H         LINE#         285
  C:2179H         LINE#         286
  C:2181H         LINE#         287
  C:218DH         LINE#         288
  C:218DH         LINE#         289
  C:2194H         LINE#         290
  C:2199H         LINE#         291
  C:219EH         LINE#         292
  C:219EH         LINE#         293
  C:219FH         LINE#         294
  C:219FH         LINE#         295
  C:21A7H         LINE#         296
  C:21B3H         LINE#         297
  C:21B3H         LINE#         298
  C:21BAH         LINE#         299
  C:21BFH         LINE#         300
  C:21C4H         LINE#         301
  C:21C4H         LINE#         302
  C:21C5H         LINE#         303
  C:21C5H         LINE#         304
  C:21CDH         LINE#         305
  C:21D9H         LINE#         306
  C:21D9H         LINE#         307
  C:21E0H         LINE#         308
  C:21E5H         LINE#         309
  C:21EAH         LINE#         310
  C:21EAH         LINE#         311
  C:21EBH         LINE#         312
  C:21EBH         LINE#         313
  C:21F3H         LINE#         314
  C:21FFH         LINE#         315
  C:21FFH         LINE#         316
  C:2206H         LINE#         317
  C:220BH         LINE#         318
  C:2210H         LINE#         319
  C:2210H         LINE#         320
  C:2211H         LINE#         321
  C:2211H         LINE#         322
  C:2219H         LINE#         323
  C:2225H         LINE#         324
  C:2225H         LINE#         325
  C:222CH         LINE#         326
  C:2231H         LINE#         327
  C:2236H         LINE#         328
  C:2236H         LINE#         329
  C:2237H         LINE#         330
  C:2237H         LINE#         331
  C:223FH         LINE#         332
  C:224BH         LINE#         333
  C:224BH         LINE#         334
BL51 BANKED LINKER/LOCATER V6.22                                                      06/11/2014  14:31:12  PAGE 43


  C:2252H         LINE#         335
  C:2257H         LINE#         336
  C:225CH         LINE#         337
  C:225CH         LINE#         338
  C:225DH         LINE#         339
  C:225DH         LINE#         340
  C:2265H         LINE#         341
  C:2271H         LINE#         342
  C:2271H         LINE#         343
  C:2278H         LINE#         344
  C:227DH         LINE#         345
  C:2282H         LINE#         346
  C:2282H         LINE#         347
  C:2283H         LINE#         349
  C:2283H         LINE#         350
  C:228BH         LINE#         351
  C:2294H         LINE#         352
  C:2294H         LINE#         353
  C:2294H         LINE#         354
  C:2297H         LINE#         355
  C:2299H         LINE#         356
  C:2299H         LINE#         357
  C:2299H         LINE#         358
  C:229BH         LINE#         361
  C:229BH         LINE#         363
  C:22A2H         LINE#         364
  C:22A7H         LINE#         365
  C:22A9H         LINE#         367
  C:22ABH         LINE#         369
  C:22ABH         LINE#         371
  C:22B3H         LINE#         372
  C:22BCH         LINE#         373
  C:22BCH         LINE#         374
  C:22C3H         LINE#         375
  C:22C8H         LINE#         376
  C:22CDH         LINE#         377
  C:22CDH         LINE#         379
  C:22CEH         LINE#         381
  C:22CEH         LINE#         383
  C:22D6H         LINE#         384
  C:22DFH         LINE#         385
  C:22DFH         LINE#         386
  C:22E6H         LINE#         387
  C:22EBH         LINE#         388
  C:22F0H         LINE#         389
  C:22F0H         LINE#         391
  C:22F1H         LINE#         393
  C:22F1H         LINE#         395
  C:22F9H         LINE#         396
  C:2302H         LINE#         397
  C:2302H         LINE#         398
  C:2302H         LINE#         399
  C:2305H         LINE#         400
  C:2307H         LINE#         401
  C:230DH         LINE#         402
  C:230DH         LINE#         404
  C:230DH         LINE#         406
BL51 BANKED LINKER/LOCATER V6.22                                                      06/11/2014  14:31:12  PAGE 44


  C:230DH         LINE#         407
  C:230DH         LINE#         408
  C:230DH         LINE#         409
  -------         ENDPROC       ZL_MOTO_CONTROL
  -------         PROC          _SET_ZL_MOTO
  D:0007H         SYMBOL        set_cmd
  C:3373H         LINE#         415
  C:3373H         LINE#         416
  C:3373H         LINE#         417
  C:337BH         LINE#         418
  -------         ENDPROC       _SET_ZL_MOTO
  -------         ENDMOD        MOTOR_CTRL

  -------         MODULE        ?C?CLDPTR
  C:1263H         PUBLIC        ?C?CLDPTR
  -------         ENDMOD        ?C?CLDPTR

  -------         MODULE        ?C?CLDOPTR
  C:127CH         PUBLIC        ?C?CLDOPTR
  -------         ENDMOD        ?C?CLDOPTR

  -------         MODULE        ?C?CSTPTR
  C:12A9H         PUBLIC        ?C?CSTPTR
  -------         ENDMOD        ?C?CSTPTR

  -------         MODULE        ?C?CSTOPTR
  C:12BBH         PUBLIC        ?C?CSTOPTR
  -------         ENDMOD        ?C?CSTOPTR

  -------         MODULE        ?C?IMUL
  C:12DDH         PUBLIC        ?C?IMUL
  -------         ENDMOD        ?C?IMUL

  -------         MODULE        ?C?ILDPTR
  C:12EFH         PUBLIC        ?C?ILDPTR
  -------         ENDMOD        ?C?ILDPTR

  -------         MODULE        ?C?ILDOPTR
  C:131AH         PUBLIC        ?C?ILDOPTR
  -------         ENDMOD        ?C?ILDOPTR

  -------         MODULE        ?C?IILDOPTR
  C:1352H         PUBLIC        ?C?IILDOPTR
  -------         ENDMOD        ?C?IILDOPTR

  -------         MODULE        ?C?ISTPTR
  C:139FH         PUBLIC        ?C?ISTPTR
  -------         ENDMOD        ?C?ISTPTR

  -------         MODULE        ?C?ISTOPTR
  C:13BEH         PUBLIC        ?C?ISTOPTR
  -------         ENDMOD        ?C?ISTOPTR

  -------         MODULE        ?C?LMUL
  C:13EBH         PUBLIC        ?C?LMUL
  -------         ENDMOD        ?C?LMUL

BL51 BANKED LINKER/LOCATER V6.22                                                      06/11/2014  14:31:12  PAGE 45


  -------         MODULE        ?C?SLDIV
  C:3133H         PUBLIC        ?C?SLDIV
  -------         ENDMOD        ?C?SLDIV

  -------         MODULE        ?C?LNEG
  C:143AH         PUBLIC        ?C?LNEG
  -------         ENDMOD        ?C?LNEG

  -------         MODULE        ?C?SLCMP
  C:1448H         PUBLIC        ?C?SLCMP
  -------         ENDMOD        ?C?SLCMP

  -------         MODULE        ?C?ULCMP
  C:145EH         PUBLIC        ?C?ULCMP
  -------         ENDMOD        ?C?ULCMP

  -------         MODULE        ?C?LLDPTR
  C:146FH         PUBLIC        ?C?LLDPTR
  -------         ENDMOD        ?C?LLDPTR

  -------         MODULE        ?C?LLDOPTR
  C:148FH         PUBLIC        ?C?LLDOPTR
  -------         ENDMOD        ?C?LLDOPTR

  -------         MODULE        ?C?LSTPTR
  C:14BFH         PUBLIC        ?C?LSTPTR
  -------         ENDMOD        ?C?LSTPTR

  -------         MODULE        ?C?LSTOPTR
  C:14D9H         PUBLIC        ?C?LSTOPTR
  -------         ENDMOD        ?C?LSTOPTR

  -------         MODULE        ?C?LLDOPTR0
  C:14FDH         PUBLIC        ?C?LLDOPTR0
  -------         ENDMOD        ?C?LLDOPTR0

  -------         MODULE        ?C?LSTXDATA
  C:152DH         PUBLIC        ?C?LSTXDATA
  -------         ENDMOD        ?C?LSTXDATA

  -------         MODULE        ?C?LSTKXDATA
  C:1539H         PUBLIC        ?C?LSTKXDATA
  -------         ENDMOD        ?C?LSTKXDATA

  -------         MODULE        ?C?LSTKOPTR
  C:156AH         PUBLIC        ?C?LSTKOPTR
  -------         ENDMOD        ?C?LSTKOPTR

  -------         MODULE        ?C?OFFX256
  C:158EH         PUBLIC        ?C?OFFX256
  -------         ENDMOD        ?C?OFFX256

  -------         MODULE        ?C?OFFXADD
  C:159FH         PUBLIC        ?C?OFFXADD
  -------         ENDMOD        ?C?OFFXADD

  -------         MODULE        ?C?PLDPTR
BL51 BANKED LINKER/LOCATER V6.22                                                      06/11/2014  14:31:12  PAGE 46


  C:15ABH         PUBLIC        ?C?PLDPTR
  -------         ENDMOD        ?C?PLDPTR

  -------         MODULE        ?C?PLDOPTR
  C:15CBH         PUBLIC        ?C?PLDOPTR
  -------         ENDMOD        ?C?PLDOPTR

  -------         MODULE        ?C?CCASE
  C:15FBH         PUBLIC        ?C?CCASE
  -------         ENDMOD        ?C?CCASE

  -------         MODULE        ?C?IILDX
  C:1621H         PUBLIC        ?C?IILDX
  -------         ENDMOD        ?C?IILDX

  -------         MODULE        ?C?ULDIV
  C:1673H         PUBLIC        ?C?ULDIV
  -------         ENDMOD        ?C?ULDIV

  -------         MODULE        ?C?LLDIDATA
  C:1705H         PUBLIC        ?C?LLDIDATA
  -------         ENDMOD        ?C?LLDIDATA

  -------         MODULE        ?C?LLDXDATA
  C:1711H         PUBLIC        ?C?LLDXDATA
  -------         ENDMOD        ?C?LLDXDATA

  -------         MODULE        ?C?LLDPDATA
  C:171DH         PUBLIC        ?C?LLDPDATA
  -------         ENDMOD        ?C?LLDPDATA

  -------         MODULE        ?C?LLDCODE
  C:1729H         PUBLIC        ?C?LLDCODE
  -------         ENDMOD        ?C?LLDCODE

  -------         MODULE        ?C?LLDIDATA0
  C:1739H         PUBLIC        ?C?LLDIDATA0
  -------         ENDMOD        ?C?LLDIDATA0

  -------         MODULE        ?C?LLDXDATA0
  C:1746H         PUBLIC        ?C?LLDXDATA0
  -------         ENDMOD        ?C?LLDXDATA0

  -------         MODULE        ?C?LLDPDATA0
  C:1752H         PUBLIC        ?C?LLDPDATA0
  -------         ENDMOD        ?C?LLDPDATA0

  -------         MODULE        ?C?LLDCODE0
  C:175FH         PUBLIC        ?C?LLDCODE0
  -------         ENDMOD        ?C?LLDCODE0

  -------         MODULE        ?C?LSTIDATA
  C:176FH         PUBLIC        ?C?LSTIDATA
  -------         ENDMOD        ?C?LSTIDATA

  -------         MODULE        ?C?LSTPDATA
  C:177BH         PUBLIC        ?C?LSTPDATA
BL51 BANKED LINKER/LOCATER V6.22                                                      06/11/2014  14:31:12  PAGE 47


  -------         ENDMOD        ?C?LSTPDATA

  -------         MODULE        ?C?LSTKIDATA
  C:1787H         PUBLIC        ?C?LSTKIDATA
  -------         ENDMOD        ?C?LSTKIDATA

  -------         MODULE        ?C?LSTKPDATA
  C:17A0H         PUBLIC        ?C?LSTKPDATA
  -------         ENDMOD        ?C?LSTKPDATA

  -------         MODULE        ?C?PLDIDATA
  C:17B9H         PUBLIC        ?C?PLDIDATA
  -------         ENDMOD        ?C?PLDIDATA

  -------         MODULE        ?C?PLDXDATA
  C:17C2H         PUBLIC        ?C?PLDXDATA
  -------         ENDMOD        ?C?PLDXDATA

  -------         MODULE        ?C?PLDPDATA
  C:17CBH         PUBLIC        ?C?PLDPDATA
  -------         ENDMOD        ?C?PLDPDATA

  -------         MODULE        ?C?PLDCODE
  C:17D4H         PUBLIC        ?C?PLDCODE
  -------         ENDMOD        ?C?PLDCODE

Program Size: data=56.0 xdata=526 code=13189
LINK/LOCATE RUN COMPLETE.  0 WARNING(S),  0 ERROR(S)
